Archive member included to satisfy reference by file (symbol)

.pio/build/stm32f401/libFrameworkArduino.a(HardwareSerial.cpp.o)
                              .pio/build/stm32f401/src/board_a/main.cpp.o (HardwareSerial::available())
.pio/build/stm32f401/libFrameworkArduino.a(Print.cpp.o)
                              .pio/build/stm32f401/src/board_a/main.cpp.o (Print::print(char const*))
.pio/build/stm32f401/libFrameworkArduino.a(Stream.cpp.o)
                              .pio/build/stm32f401/libFrameworkArduino.a(HardwareSerial.cpp.o) (Stream::readBytes(char*, unsigned int))
.pio/build/stm32f401/libFrameworkArduino.a(WString.cpp.o)
                              .pio/build/stm32f401/libFrameworkArduino.a(Stream.cpp.o) (String::String(char const*))
.pio/build/stm32f401/libFrameworkArduino.a(dtostrf.c.o)
                              .pio/build/stm32f401/libFrameworkArduino.a(WString.cpp.o) (dtostrf)
.pio/build/stm32f401/libFrameworkArduino.a(itoa.c.o)
                              .pio/build/stm32f401/libFrameworkArduino.a(WString.cpp.o) (ltoa)
.pio/build/stm32f401/libFrameworkArduino.a(main.cpp.o)
                              /Users/mackbook/.platformio/packages/toolchain-gccarmnoneeabi/bin/../lib/gcc/arm-none-eabi/12.3.1/../../../../arm-none-eabi/lib/thumb/v7e-m+fp/hard/crt0.o (main)
.pio/build/stm32f401/libFrameworkArduino.a(startup_stm32yyxx.S.o)
                              (Reset_Handler)
.pio/build/stm32f401/libFrameworkArduino.a(wiring_digital.c.o)
                              .pio/build/stm32f401/src/board_a/main.cpp.o (pinMode)
.pio/build/stm32f401/libFrameworkArduino.a(wiring_time.c.o)
                              .pio/build/stm32f401/libFrameworkArduino.a(Stream.cpp.o) (millis)
.pio/build/stm32f401/libFrameworkArduino.a(WSerial.cpp.o)
                              .pio/build/stm32f401/libFrameworkArduino.a(main.cpp.o) (serialEventRun())
.pio/build/stm32f401/libFrameworkArduino.a(board.c.o)
                              .pio/build/stm32f401/libFrameworkArduino.a(main.cpp.o) (init)
.pio/build/stm32f401/libFrameworkArduino.a(hooks.c.o)
                              .pio/build/stm32f401/libFrameworkArduino.a(wiring_time.c.o) (yield)
.pio/build/stm32f401/libFrameworkArduino.a(wiring_analog.c.o)
                              .pio/build/stm32f401/libFrameworkArduino.a(wiring_digital.c.o) (g_anOutputPinConfigured)
.pio/build/stm32f401/libFrameworkArduino.a(pins_arduino.c.o)
                              .pio/build/stm32f401/libFrameworkArduino.a(wiring_analog.c.o) (analogInputToPinName)
/Users/mackbook/.platformio/packages/toolchain-gccarmnoneeabi/bin/../lib/gcc/arm-none-eabi/12.3.1/thumb/v7e-m+fp/hard/libgcc.a(_arm_muldf3.o)
                              .pio/build/stm32f401/SrcWrapper/src/HardwareTimer.cpp.o (__aeabi_dmul)
/Users/mackbook/.platformio/packages/toolchain-gccarmnoneeabi/bin/../lib/gcc/arm-none-eabi/12.3.1/thumb/v7e-m+fp/hard/libgcc.a(_arm_addsubdf3.o)
                              .pio/build/stm32f401/libFrameworkArduino.a(Print.cpp.o) (__aeabi_dsub)
/Users/mackbook/.platformio/packages/toolchain-gccarmnoneeabi/bin/../lib/gcc/arm-none-eabi/12.3.1/thumb/v7e-m+fp/hard/libgcc.a(_arm_muldivdf3.o)
                              .pio/build/stm32f401/SrcWrapper/src/HardwareTimer.cpp.o (__aeabi_ddiv)
/Users/mackbook/.platformio/packages/toolchain-gccarmnoneeabi/bin/../lib/gcc/arm-none-eabi/12.3.1/thumb/v7e-m+fp/hard/libgcc.a(_arm_cmpdf2.o)
                              .pio/build/stm32f401/libFrameworkArduino.a(Print.cpp.o) (__aeabi_dcmplt)
/Users/mackbook/.platformio/packages/toolchain-gccarmnoneeabi/bin/../lib/gcc/arm-none-eabi/12.3.1/thumb/v7e-m+fp/hard/libgcc.a(_arm_unorddf2.o)
                              .pio/build/stm32f401/libFrameworkArduino.a(Print.cpp.o) (__aeabi_dcmpun)
/Users/mackbook/.platformio/packages/toolchain-gccarmnoneeabi/bin/../lib/gcc/arm-none-eabi/12.3.1/thumb/v7e-m+fp/hard/libgcc.a(_arm_fixdfsi.o)
                              .pio/build/stm32f401/src/board_a/json_parser.cpp.o (__aeabi_d2iz)
/Users/mackbook/.platformio/packages/toolchain-gccarmnoneeabi/bin/../lib/gcc/arm-none-eabi/12.3.1/thumb/v7e-m+fp/hard/libgcc.a(_arm_fixunsdfsi.o)
                              .pio/build/stm32f401/SrcWrapper/src/HardwareTimer.cpp.o (__aeabi_d2uiz)
/Users/mackbook/.platformio/packages/toolchain-gccarmnoneeabi/bin/../lib/gcc/arm-none-eabi/12.3.1/thumb/v7e-m+fp/hard/libgcc.a(_arm_truncdfsf2.o)
                              .pio/build/stm32f401/src/board_a/json_parser.cpp.o (__aeabi_d2f)
/Users/mackbook/.platformio/packages/toolchain-gccarmnoneeabi/bin/../lib/gcc/arm-none-eabi/12.3.1/thumb/v7e-m+fp/hard/libgcc.a(_aeabi_ldivmod.o)
                              .pio/build/stm32f401/SrcWrapper/src/HAL/stm32yyxx_hal_rcc.c.o (__aeabi_ldivmod)
/Users/mackbook/.platformio/packages/toolchain-gccarmnoneeabi/bin/../lib/gcc/arm-none-eabi/12.3.1/thumb/v7e-m+fp/hard/libgcc.a(_aeabi_uldivmod.o)
[...]
Memory Configuration

Name             Origin             Length             Attributes
*default*        0x00000000         0xffffffff
RAM              0x20000000         0x00018000         xrw
FLASH            0x08000000         0x00080000         xr

Linker script and memory map

                0x20018000                        _estack = (ORIGIN (RAM) + LENGTH (RAM))
                0x00000200                        _Min_Heap_Size = 0x200
                0x00000400                        _Min_Stack_Size = 0x400

.isr_vector     0x08000000      0x194
                0x08000000                        . = ALIGN (0x4)
 *(.isr_vector)
 .isr_vector    0x08000000      0x194 .pio/build/stm32f401/libFrameworkArduino.a(startup_stm32yyxx.S.o)
                0x08000000                g_pfnVectors
                0x08000194                        . = ALIGN (0x4)

.text           0x080001a0     0x834c
                0x080001a0                        . = ALIGN (0x4)
 *(.text)
 .text          0x080001a0      0x378 /Users/mackbook/.platformio/packages/toolchain-gccarmnoneeabi/bin/../lib/gcc/arm-none-eabi/12.3.1/thumb/v7e-m+fp/hard/libgcc.a(_arm_addsubdf3.o)
                0x080001a0                __aeabi_drsub
                0x080001a8                __subdf3
                0x080001a8                __aeabi_dsub
                0x080001ac                __aeabi_dadd
                0x080001ac                __adddf3
                0x08000424                __aeabi_ui2d
                0x08000424                __floatunsidf
                0x08000444                __floatsidf
                0x08000444                __aeabi_i2d
                0x08000468                __extendsfdf2
                0x08000468                __aeabi_f2d
                0x080004ac                __aeabi_ul2d
                0x080004ac                __floatundidf
                0x080004bc                __aeabi_l2d
                0x080004bc                __floatdidf
 .text          0x08000518      0x424 /Users/mackbook/.platformio/packages/toolchain-gccarmnoneeabi/bin/../lib/gcc/arm-none-eabi/12.3.1/thumb/v7e-m+fp/hard/libgcc.a(_arm_muldivdf3.o)
                0x08000518                __aeabi_dmul
                0x08000518                __muldf3
                0x0800076c                __aeabi_ddiv
                0x0800076c                __divdf3
 .text          0x0800093c      0x110 /Users/mackbook/.platformio/packages/toolchain-gccarmnoneeabi/bin/../lib/gcc/arm-none-eabi/12.3.1/thumb/v7e-m+fp/hard/libgcc.a(_arm_cmpdf2.o)
                0x0800093c                __gedf2
                0x0800093c                __gtdf2
                0x08000944                __ledf2
                0x08000944                __ltdf2
                0x0800094c                __cmpdf2
                0x0800094c                __eqdf2
                0x0800094c                __nedf2
                0x080009c8                __aeabi_cdrcmple
                0x080009d8                __aeabi_cdcmple
                0x080009d8                __aeabi_cdcmpeq
                0x080009e8                __aeabi_dcmpeq
                0x080009fc                __aeabi_dcmplt
                0x08000a10                __aeabi_dcmple
                0x08000a24                __aeabi_dcmpge
                0x08000a38                __aeabi_dcmpgt
 .text          0x08000a4c       0x50 /Users/mackbook/.platformio/packages/toolchain-gccarmnoneeabi/bin/../lib/gcc/arm-none-eabi/12.3.1/thumb/v7e-m+fp/hard/libgcc.a(_arm_fixdfsi.o)
                0x08000a4c                __fixdfsi
                0x08000a4c                __aeabi_d2iz
 .text          0x08000a9c       0x40 /Users/mackbook/.platformio/packages/toolchain-gccarmnoneeabi/bin/../lib/gcc/arm-none-eabi/12.3.1/thumb/v7e-m+fp/hard/libgcc.a(_arm_fixunsdfsi.o)
                0x08000a9c                __fixunsdfsi
                0x08000a9c                __aeabi_d2uiz
 .text          0x08000adc       0xa0 /Users/mackbook/.platformio/packages/toolchain-gccarmnoneeabi/bin/../lib/gcc/arm-none-eabi/12.3.1/thumb/v7e-m+fp/hard/libgcc.a(_arm_truncdfsf2.o)
                0x08000adc                __aeabi_d2f
                0x08000adc                __truncdfsf2
 .text          0x08000b7c       0x30 /Users/mackbook/.platformio/packages/toolchain-gccarmnoneeabi/bin/../lib/gcc/arm-none-eabi/12.3.1/thumb/v7e-m+fp/hard/libgcc.a(_aeabi_uldivmod.o)
                0x08000b7c                __aeabi_uldivmod
 .text          0x08000bac        0x4 /Users/mackbook/.platformio/packages/toolchain-gccarmnoneeabi/bin/../lib/gcc/arm-none-eabi/12.3.1/thumb/v7e-m+fp/hard/libgcc.a(_dvmd_tls.o)
                0x08000bac                __aeabi_ldiv0
                0x08000bac                __aeabi_idiv0
 .text          0x08000bb0       0xa0 /Users/mackbook/.platformio/packages/toolchain-gccarmnoneeabi/bin/../lib/gcc/arm-none-eabi/12.3.1/../../../../arm-none-eabi/lib/thumb/v7e-m+fp/hard/libc_nano.a(libc_a-memchr.o)
                0x08000bb0                memchr
 .text          0x08000c50       0x10 /Users/mackbook/.platformio/packages/toolchain-gccarmnoneeabi/bin/../lib/gcc/arm-none-eabi/12.3.1/../../../../arm-none-eabi/lib/thumb/v7e-m+fp/hard/libc_nano.a(libc_a-strlen.o)
                0x08000c50                strlen
 *(.text*)
 .text.__do_global_dtors_aux
                0x08000c60       0x24 /Users/mackbook/.platformio/packages/toolchain-gccarmnoneeabi/bin/../lib/gcc/arm-none-eabi/12.3.1/thumb/v7e-m+fp/hard/crtbegin.o
 .text.frame_dummy
                0x08000c84       0x1c /Users/mackbook/.platformio/packages/toolchain-gccarmnoneeabi/bin/../lib/gcc/arm-none-eabi/12.3.1/thumb/v7e-m+fp/hard/crtbegin.o
 .text.SystemClock_Config
                0x08000ca0       0xa0 .pio/build/stm32f401/FrameworkArduinoVariant/generic_clock.c.o
                0x08000ca0                SystemClock_Config
 .text.HAL_MspInit
                0x08000d40        0x2 .pio/build/stm32f401/SrcWrapper/src/HAL/stm32yyxx_hal.c.o
                0x08000d40                HAL_MspInit
 *fill*         0x08000d42        0x2 
 .text.HAL_InitTick
                0x08000d44       0x48 .pio/build/stm32f401/SrcWrapper/src/HAL/stm32yyxx_hal.c.o
                0x08000d44                HAL_InitTick
 .text.HAL_Init
                0x08000d8c       0x34 .pio/build/stm32f401/SrcWrapper/src/HAL/stm32yyxx_hal.c.o
                0x08000d8c                HAL_Init
 .text.HAL_IncTick
                0x08000dc0       0x18 .pio/build/stm32f401/SrcWrapper/src/HAL/stm32yyxx_hal.c.o
                0x08000dc0                HAL_IncTick
 .text.HAL_GetTick
                0x08000dd8        0xc .pio/build/stm32f401/SrcWrapper/src/HAL/stm32yyxx_hal.c.o
                0x08000dd8                HAL_GetTick
 .text.HAL_NVIC_SetPriorityGrouping
                0x08000de4       0x24 .pio/build/stm32f401/SrcWrapper/src/HAL/stm32yyxx_hal_cortex.c.o
                0x08000de4                HAL_NVIC_SetPriorityGrouping
 .text.HAL_NVIC_SetPriority
                0x08000e08       0x64 .pio/build/stm32f401/SrcWrapper/src/HAL/stm32yyxx_hal_cortex.c.o
                0x08000e08                HAL_NVIC_SetPriority
 .text.HAL_NVIC_EnableIRQ
                0x08000e6c       0x1c .pio/build/stm32f401/SrcWrapper/src/HAL/stm32yyxx_hal_cortex.c.o
                0x08000e6c                HAL_NVIC_EnableIRQ
 .text.HAL_NVIC_DisableIRQ
                0x08000e88       0x24 .pio/build/stm32f401/SrcWrapper/src/HAL/stm32yyxx_hal_cortex.c.o
                0x08000e88                HAL_NVIC_DisableIRQ
 .text.HAL_SYSTICK_Config
                0x08000eac       0x28 .pio/build/stm32f401/SrcWrapper/src/HAL/stm32yyxx_hal_cortex.c.o
                0x08000eac                HAL_SYSTICK_Config
 .text.HAL_NVIC_ClearPendingIRQ
                0x08000ed4       0x1c .pio/build/stm32f401/SrcWrapper/src/HAL/stm32yyxx_hal_cortex.c.o
                0x08000ed4                HAL_NVIC_ClearPendingIRQ
 .text.HAL_SYSTICK_Callback
                0x08000ef0        0x2 .pio/build/stm32f401/SrcWrapper/src/HAL/stm32yyxx_hal_cortex.c.o
                0x08000ef0                HAL_SYSTICK_Callback
 .text.HAL_SYSTICK_IRQHandler
                0x08000ef2        0x8 .pio/build/stm32f401/SrcWrapper/src/HAL/stm32yyxx_hal_cortex.c.o
                0x08000ef2                HAL_SYSTICK_IRQHandler
 .text.HAL_CRC_MspInit
                0x08000efa        0x2 .pio/build/stm32f401/SrcWrapper/src/HAL/stm32yyxx_hal_crc.c.o
                0x08000efa                HAL_CRC_MspInit
 .text.HAL_CRC_Init
                0x08000efc       0x20 .pio/build/stm32f401/SrcWrapper/src/HAL/stm32yyxx_hal_crc.c.o
                0x08000efc                HAL_CRC_Init
 .text.HAL_DMA_Abort
                0x08000f1c       0x7c .pio/build/stm32f401/SrcWrapper/src/HAL/stm32yyxx_hal_dma.c.o
                0x08000f1c                HAL_DMA_Abort
 .text.HAL_DMA_Abort_IT
                0x08000f98       0x24 .pio/build/stm32f401/SrcWrapper/src/HAL/stm32yyxx_hal_dma.c.o
                0x08000f98                HAL_DMA_Abort_IT
 .text.FLASH_Program_DoubleWord
                0x08000fbc       0x2c .pio/build/stm32f401/SrcWrapper/src/HAL/stm32yyxx_hal_flash.c.o
 .text.FLASH_Program_Word
                0x08000fe8       0x24 .pio/build/stm32f401/SrcWrapper/src/HAL/stm32yyxx_hal_flash.c.o
 .text.FLASH_Program_HalfWord
                0x0800100c       0x24 .pio/build/stm32f401/SrcWrapper/src/HAL/stm32yyxx_hal_flash.c.o
 .text.FLASH_SetErrorCode
                0x08001030       0x8c .pio/build/stm32f401/SrcWrapper/src/HAL/stm32yyxx_hal_flash.c.o
 .text.HAL_FLASH_Unlock
                0x080010bc       0x24 .pio/build/stm32f401/SrcWrapper/src/HAL/stm32yyxx_hal_flash.c.o
                0x080010bc                HAL_FLASH_Unlock
 .text.HAL_FLASH_Lock
                0x080010e0       0x14 .pio/build/stm32f401/SrcWrapper/src/HAL/stm32yyxx_hal_flash.c.o
                0x080010e0                HAL_FLASH_Lock
 .text.FLASH_WaitForLastOperation
                0x080010f4       0x50 .pio/build/stm32f401/SrcWrapper/src/HAL/stm32yyxx_hal_flash.c.o
                0x080010f4                FLASH_WaitForLastOperation
 .text.HAL_FLASH_Program
                0x08001144       0x8c .pio/build/stm32f401/SrcWrapper/src/HAL/stm32yyxx_hal_flash.c.o
                0x08001144                HAL_FLASH_Program
 .text.FLASH_MassErase.constprop.0
                0x080011d0       0x24 .pio/build/stm32f401/SrcWrapper/src/HAL/stm32yyxx_hal_flash_ex.c.o
 .text.FLASH_Erase_Sector
                0x080011f4       0x3c .pio/build/stm32f401/SrcWrapper/src/HAL/stm32yyxx_hal_flash_ex.c.o
                0x080011f4                FLASH_Erase_Sector
 .text.FLASH_FlushCaches
                0x08001230       0x58 .pio/build/stm32f401/SrcWrapper/src/HAL/stm32yyxx_hal_flash_ex.c.o
                0x08001230                FLASH_FlushCaches
 .text.HAL_FLASHEx_Erase
                0x08001288       0xa0 .pio/build/stm32f401/SrcWrapper/src/HAL/stm32yyxx_hal_flash_ex.c.o
                0x08001288                HAL_FLASHEx_Erase
 .text.HAL_GPIO_Init
                0x08001328      0x1a4 .pio/build/stm32f401/SrcWrapper/src/HAL/stm32yyxx_hal_gpio.c.o
                0x08001328                HAL_GPIO_Init
 .text.HAL_GPIO_EXTI_IRQHandler
                0x080014cc       0x18 .pio/build/stm32f401/SrcWrapper/src/HAL/stm32yyxx_hal_gpio.c.o
                0x080014cc                HAL_GPIO_EXTI_IRQHandler
 .text.HAL_RCC_OscConfig
                0x080014e4      0x35c .pio/build/stm32f401/SrcWrapper/src/HAL/stm32yyxx_hal_rcc.c.o
                0x080014e4                HAL_RCC_OscConfig
 .text.HAL_RCC_GetSysClockFreq
                0x08001840       0x5c .pio/build/stm32f401/SrcWrapper/src/HAL/stm32yyxx_hal_rcc.c.o
                0x08001840                HAL_RCC_GetSysClockFreq
 .text.HAL_RCC_ClockConfig
                0x0800189c      0x134 .pio/build/stm32f401/SrcWrapper/src/HAL/stm32yyxx_hal_rcc.c.o
                0x0800189c                HAL_RCC_ClockConfig
 .text.HAL_RCC_GetPCLK1Freq
                0x080019d0       0x20 .pio/build/stm32f401/SrcWrapper/src/HAL/stm32yyxx_hal_rcc.c.o
                0x080019d0                HAL_RCC_GetPCLK1Freq
 .text.HAL_RCC_GetPCLK2Freq
                0x080019f0       0x20 .pio/build/stm32f401/SrcWrapper/src/HAL/stm32yyxx_hal_rcc.c.o
                0x080019f0                HAL_RCC_GetPCLK2Freq
 .text.HAL_TIM_PWM_PulseFinishedCallback
                0x08001a10        0x2 .pio/build/stm32f401/SrcWrapper/src/HAL/stm32yyxx_hal_tim.c.o
                0x08001a10                HAL_TIM_PWM_PulseFinishedCallback
 .text.HAL_TIM_TriggerCallback
                0x08001a12        0x2 .pio/build/stm32f401/SrcWrapper/src/HAL/stm32yyxx_hal_tim.c.o
                0x08001a12                HAL_TIM_TriggerCallback
 .text.HAL_TIM_IRQHandler
                0x08001a14      0x128 .pio/build/stm32f401/SrcWrapper/src/HAL/stm32yyxx_hal_tim.c.o
                0x08001a14                HAL_TIM_IRQHandler
 .text.TIM_Base_SetConfig
                0x08001b3c       0x80 .pio/build/stm32f401/SrcWrapper/src/HAL/stm32yyxx_hal_tim.c.o
                0x08001b3c                TIM_Base_SetConfig
 .text.HAL_TIM_Base_Init
                0x08001bbc       0x58 .pio/build/stm32f401/SrcWrapper/src/HAL/stm32yyxx_hal_tim.c.o
                0x08001bbc                HAL_TIM_Base_Init
 .text.HAL_TIMEx_CommutCallback
                0x08001c14        0x2 .pio/build/stm32f401/SrcWrapper/src/HAL/stm32yyxx_hal_tim_ex.c.o
                0x08001c14                HAL_TIMEx_CommutCallback
 .text.HAL_TIMEx_BreakCallback
                0x08001c16        0x2 .pio/build/stm32f401/SrcWrapper/src/HAL/stm32yyxx_hal_tim_ex.c.o
                0x08001c16                HAL_TIMEx_BreakCallback
 .text.UART_EndRxTransfer
                0x08001c18       0x5c .pio/build/stm32f401/SrcWrapper/src/HAL/stm32yyxx_hal_uart.c.o
 .text.UART_SetConfig
                0x08001c74       0xbc .pio/build/stm32f401/SrcWrapper/src/HAL/stm32yyxx_hal_uart.c.o
 .text.UART_WaitOnFlagUntilTimeout.constprop.0
                0x08001d30       0x64 .pio/build/stm32f401/SrcWrapper/src/HAL/stm32yyxx_hal_uart.c.o
 .text.HAL_UART_MspInit
                0x08001d94        0x2 .pio/build/stm32f401/SrcWrapper/src/HAL/stm32yyxx_hal_uart.c.o
                0x08001d94                HAL_UART_MspInit
 .text.HAL_UART_Init
                0x08001d96       0x5e .pio/build/stm32f401/SrcWrapper/src/HAL/stm32yyxx_hal_uart.c.o
                0x08001d96                HAL_UART_Init
 .text.HAL_HalfDuplex_Init
                0x08001df4       0x66 .pio/build/stm32f401/SrcWrapper/src/HAL/stm32yyxx_hal_uart.c.o
                0x08001df4                HAL_HalfDuplex_Init
 .text.HAL_UART_Transmit
                0x08001e5a       0x9c .pio/build/stm32f401/SrcWrapper/src/HAL/stm32yyxx_hal_uart.c.o
                0x08001e5a                HAL_UART_Transmit
 .text.HAL_UART_Transmit_IT
                0x08001ef6       0x32 .pio/build/stm32f401/SrcWrapper/src/HAL/stm32yyxx_hal_uart.c.o
                0x08001ef6                HAL_UART_Transmit_IT
 .text.UART_DMAAbortOnError
                0x08001f28        0xe .pio/build/stm32f401/SrcWrapper/src/HAL/stm32yyxx_hal_uart.c.o
 .text.HAL_UARTEx_RxEventCallback
                0x08001f36        0x2 .pio/build/stm32f401/SrcWrapper/src/HAL/stm32yyxx_hal_uart.c.o
                0x08001f36                HAL_UARTEx_RxEventCallback
 .text.UART_Receive_IT.isra.0
                0x08001f38       0xb6 .pio/build/stm32f401/SrcWrapper/src/HAL/stm32yyxx_hal_uart.c.o
 *fill*         0x08001fee        0x2 
 .text.HAL_UART_IRQHandler
                0x08001ff0      0x2e8 .pio/build/stm32f401/SrcWrapper/src/HAL/stm32yyxx_hal_uart.c.o
                0x08001ff0                HAL_UART_IRQHandler
 .text.HAL_HalfDuplex_EnableTransmitter
                0x080022d8       0x30 .pio/build/stm32f401/SrcWrapper/src/HAL/stm32yyxx_hal_uart.c.o
                0x080022d8                HAL_HalfDuplex_EnableTransmitter
 .text.HAL_HalfDuplex_EnableReceiver
                0x08002308       0x30 .pio/build/stm32f401/SrcWrapper/src/HAL/stm32yyxx_hal_uart.c.o
                0x08002308                HAL_HalfDuplex_EnableReceiver
 .text.HAL_UART_GetState
                0x08002338        0xc .pio/build/stm32f401/SrcWrapper/src/HAL/stm32yyxx_hal_uart.c.o
                0x08002338                HAL_UART_GetState
 .text.UART_Start_Receive_IT
                0x08002344       0x32 .pio/build/stm32f401/SrcWrapper/src/HAL/stm32yyxx_hal_uart.c.o
                0x08002344                UART_Start_Receive_IT
 .text.HAL_UART_Receive_IT
                0x08002376       0x22 .pio/build/stm32f401/SrcWrapper/src/HAL/stm32yyxx_hal_uart.c.o
                0x08002376                HAL_UART_Receive_IT
 .text._ZNSt8functionIFvvEEaSEDn.isra.0
                0x08002398       0x16 .pio/build/stm32f401/SrcWrapper/src/HardwareTimer.cpp.o
 .text._ZNSt14_Function_baseD2Ev
                0x080023ae       0x12 .pio/build/stm32f401/SrcWrapper/src/HardwareTimer.cpp.o
                0x080023ae                std::_Function_base::~_Function_base()
                0x080023ae                std::_Function_base::~_Function_base()
 .text._Z15get_timer_indexP11TIM_TypeDef
                0x080023c0       0x64 .pio/build/stm32f401/SrcWrapper/src/HardwareTimer.cpp.o
                0x080023c0                get_timer_index(TIM_TypeDef*)
 .text._ZN13HardwareTimerD2Ev
                0x08002424       0x40 .pio/build/stm32f401/SrcWrapper/src/HardwareTimer.cpp.o
                0x08002424                HardwareTimer::~HardwareTimer()
                0x08002424                HardwareTimer::~HardwareTimer()
 .text._ZN13HardwareTimer5setupEP11TIM_TypeDef
                0x08002464       0x84 .pio/build/stm32f401/SrcWrapper/src/HardwareTimer.cpp.o
                0x08002464                HardwareTimer::setup(TIM_TypeDef*)
 .text.TIM1_UP_TIM10_IRQHandler
                0x080024e8       0x24 .pio/build/stm32f401/SrcWrapper/src/HardwareTimer.cpp.o
                0x080024e8                TIM1_UP_TIM10_IRQHandler
 .text.TIM1_CC_IRQHandler
                0x0800250c       0x14 .pio/build/stm32f401/SrcWrapper/src/HardwareTimer.cpp.o
                0x0800250c                TIM1_CC_IRQHandler
 .text.TIM2_IRQHandler
                0x08002520       0x14 .pio/build/stm32f401/SrcWrapper/src/HardwareTimer.cpp.o
                0x08002520                TIM2_IRQHandler
 .text.TIM3_IRQHandler
                0x08002534       0x14 .pio/build/stm32f401/SrcWrapper/src/HardwareTimer.cpp.o
                0x08002534                TIM3_IRQHandler
 .text.TIM4_IRQHandler
                0x08002548       0x14 .pio/build/stm32f401/SrcWrapper/src/HardwareTimer.cpp.o
                0x08002548                TIM4_IRQHandler
 .text.TIM5_IRQHandler
                0x0800255c       0x14 .pio/build/stm32f401/SrcWrapper/src/HardwareTimer.cpp.o
                0x0800255c                TIM5_IRQHandler
 .text.TIM1_BRK_TIM9_IRQHandler
                0x08002570       0x14 .pio/build/stm32f401/SrcWrapper/src/HardwareTimer.cpp.o
                0x08002570                TIM1_BRK_TIM9_IRQHandler
 .text.TIM1_TRG_COM_TIM11_IRQHandler
                0x08002584       0x14 .pio/build/stm32f401/SrcWrapper/src/HardwareTimer.cpp.o
                0x08002584                TIM1_TRG_COM_TIM11_IRQHandler
 .text._ZNSt8functionIFvvEEC2Ev
                0x08002598        0xc .pio/build/stm32f401/SrcWrapper/src/HardwareTimer.cpp.o
                0x08002598                std::function<void ()>::function()
                0x08002598                std::function<void ()>::function()
 .text._ZN13HardwareTimerC2EP11TIM_TypeDef
                0x080025a4       0x2a .pio/build/stm32f401/SrcWrapper/src/HardwareTimer.cpp.o
                0x080025a4                HardwareTimer::HardwareTimer(TIM_TypeDef*)
                0x080025a4                HardwareTimer::HardwareTimer(TIM_TypeDef*)
 .text._ZNKSt8functionIFvvEEclEv
                0x080025ce       0x12 .pio/build/stm32f401/SrcWrapper/src/HardwareTimer.cpp.o
                0x080025ce                std::function<void ()>::operator()() const
 .text._ZN13HardwareTimer14updateCallbackEP17TIM_HandleTypeDef
                0x080025e0       0x18 .pio/build/stm32f401/SrcWrapper/src/HardwareTimer.cpp.o
                0x080025e0                HardwareTimer::updateCallback(TIM_HandleTypeDef*)
 .text.HAL_TIM_PeriodElapsedCallback
                0x080025f8        0x4 .pio/build/stm32f401/SrcWrapper/src/HardwareTimer.cpp.o
                0x080025f8                HAL_TIM_PeriodElapsedCallback
 .text._ZN13HardwareTimer22captureCompareCallbackEP17TIM_HandleTypeDef
                0x080025fc       0x3e .pio/build/stm32f401/SrcWrapper/src/HardwareTimer.cpp.o
                0x080025fc                HardwareTimer::captureCompareCallback(TIM_HandleTypeDef*)
 .text.HAL_TIM_OC_DelayElapsedCallback
                0x0800263a        0x4 .pio/build/stm32f401/SrcWrapper/src/HardwareTimer.cpp.o
                0x0800263a                HAL_TIM_OC_DelayElapsedCallback
 .text.HAL_TIM_IC_CaptureCallback
                0x0800263e        0x4 .pio/build/stm32f401/SrcWrapper/src/HardwareTimer.cpp.o
                0x0800263e                HAL_TIM_IC_CaptureCallback
 .text._Znwj    0x08002642        0x4 .pio/build/stm32f401/SrcWrapper/src/new.cpp.o
                0x08002642                operator new(unsigned int)
 .text._ZdlPv   0x08002646        0x4 .pio/build/stm32f401/SrcWrapper/src/new.cpp.o
                0x08002646                operator delete(void*)
 .text._ZdlPvj  0x0800264a        0x4 .pio/build/stm32f401/SrcWrapper/src/new.cpp.o
                0x0800264a                operator delete(void*, unsigned int)
 *fill*         0x0800264e        0x2 
 .text.set_GPIO_Port_Clock
                0x08002650       0xd0 .pio/build/stm32f401/SrcWrapper/src/stm32/PortNames.c.o
                0x08002650                set_GPIO_Port_Clock
 .text.pwm_stop
                0x08002720       0x5c .pio/build/stm32f401/SrcWrapper/src/stm32/analog.cpp.o
                0x08002720                pwm_stop
 .text.getCurrentMillis
                0x0800277c        0x4 .pio/build/stm32f401/SrcWrapper/src/stm32/clock.c.o
                0x0800277c                getCurrentMillis
 .text.noOsSystickHandler
                0x08002780        0x2 .pio/build/stm32f401/SrcWrapper/src/stm32/clock.c.o
                0x08002780                noOsSystickHandler
                0x08002780                osSystickHandler
 .text.SysTick_Handler
                0x08002782       0x10 .pio/build/stm32f401/SrcWrapper/src/stm32/clock.c.o
                0x08002782                SysTick_Handler
 .text.configHSECapacitorTuning
                0x08002792        0x2 .pio/build/stm32f401/SrcWrapper/src/stm32/clock.c.o
                0x08002792                configHSECapacitorTuning
 .text.configIPClock
                0x08002794       0x4c .pio/build/stm32f401/SrcWrapper/src/stm32/clock.c.o
                0x08002794                configIPClock
 .text.dwt_init
                0x080027e0       0x3c .pio/build/stm32f401/SrcWrapper/src/stm32/dwt.c.o
                0x080027e0                dwt_init
 .text.hw_config_init
                0x0800281c       0x24 .pio/build/stm32f401/SrcWrapper/src/stm32/hw_config.c.o
                0x0800281c                hw_config_init
 .text.startup._ZNSt8functionIFvvEEC2EDn.constprop.0.isra.0
                0x08002840        0xc .pio/build/stm32f401/SrcWrapper/src/stm32/interrupt.cpp.o
 .text.HAL_GPIO_EXTI_Callback
                0x0800284c       0x2c .pio/build/stm32f401/SrcWrapper/src/stm32/interrupt.cpp.o
                0x0800284c                HAL_GPIO_EXTI_Callback
 .text.EXTI0_IRQHandler
                0x08002878        0x6 .pio/build/stm32f401/SrcWrapper/src/stm32/interrupt.cpp.o
                0x08002878                EXTI0_IRQHandler
 .text.EXTI1_IRQHandler
                0x0800287e        0x6 .pio/build/stm32f401/SrcWrapper/src/stm32/interrupt.cpp.o
                0x0800287e                EXTI1_IRQHandler
 .text.EXTI2_IRQHandler
                0x08002884        0x6 .pio/build/stm32f401/SrcWrapper/src/stm32/interrupt.cpp.o
                0x08002884                EXTI2_IRQHandler
 .text.EXTI3_IRQHandler
                0x0800288a        0x6 .pio/build/stm32f401/SrcWrapper/src/stm32/interrupt.cpp.o
                0x0800288a                EXTI3_IRQHandler
 .text.EXTI4_IRQHandler
                0x08002890        0x6 .pio/build/stm32f401/SrcWrapper/src/stm32/interrupt.cpp.o
                0x08002890                EXTI4_IRQHandler
 .text.EXTI9_5_IRQHandler
                0x08002896       0x16 .pio/build/stm32f401/SrcWrapper/src/stm32/interrupt.cpp.o
                0x08002896                EXTI9_5_IRQHandler
 .text.EXTI15_10_IRQHandler
                0x080028ac       0x18 .pio/build/stm32f401/SrcWrapper/src/stm32/interrupt.cpp.o
                0x080028ac                EXTI15_10_IRQHandler
 .text.startup._GLOBAL__sub_I__Z22stm32_interrupt_enable7PinNameSt8functionIFvvEEm
                0x080028c4       0xd8 .pio/build/stm32f401/SrcWrapper/src/stm32/interrupt.cpp.o
 .text.exit._GLOBAL__sub_D__Z22stm32_interrupt_enable7PinNameSt8functionIFvvEEm
                0x0800299c       0x1c .pio/build/stm32f401/SrcWrapper/src/stm32/interrupt.cpp.o
 .text.LL_GPIO_SetPinPull
                0x080029b8       0x2a .pio/build/stm32f401/SrcWrapper/src/stm32/pinmap.c.o
 .text.pin_in_pinmap
                0x080029e2       0x1e .pio/build/stm32f401/SrcWrapper/src/stm32/pinmap.c.o
                0x080029e2                pin_in_pinmap
 .text.pin_function
                0x08002a00      0x11c .pio/build/stm32f401/SrcWrapper/src/stm32/pinmap.c.o
                0x08002a00                pin_function
 .text.pinmap_pinout
                0x08002b1c       0x1a .pio/build/stm32f401/SrcWrapper/src/stm32/pinmap.c.o
                0x08002b1c                pinmap_pinout
 .text.pinmap_find_peripheral
                0x08002b36       0x16 .pio/build/stm32f401/SrcWrapper/src/stm32/pinmap.c.o
                0x08002b36                pinmap_find_peripheral
 .text.pinmap_peripheral
                0x08002b4c        0xc .pio/build/stm32f401/SrcWrapper/src/stm32/pinmap.c.o
                0x08002b4c                pinmap_peripheral
 .text.pinmap_find_pin
                0x08002b58       0x16 .pio/build/stm32f401/SrcWrapper/src/stm32/pinmap.c.o
                0x08002b58                pinmap_find_pin
 .text.pinmap_pin
                0x08002b6e        0xc .pio/build/stm32f401/SrcWrapper/src/stm32/pinmap.c.o
                0x08002b6e                pinmap_pin
 .text.pinmap_merge_peripheral
                0x08002b7a       0x14 .pio/build/stm32f401/SrcWrapper/src/stm32/pinmap.c.o
                0x08002b7a                pinmap_merge_peripheral
 *fill*         0x08002b8e        0x2 
 .text.SystemInit
                0x08002b90       0x50 .pio/build/stm32f401/SrcWrapper/src/stm32/system_stm32yyxx.c.o
                0x08002b90                SystemInit
 .text.get_timer_obj
                0x08002be0        0x4 .pio/build/stm32f401/SrcWrapper/src/stm32/timer.c.o
                0x08002be0                get_timer_obj
 .text.enableTimerClock
                0x08002be4      0x128 .pio/build/stm32f401/SrcWrapper/src/stm32/timer.c.o
                0x08002be4                enableTimerClock
 .text.disableTimerClock
                0x08002d0c       0xb4 .pio/build/stm32f401/SrcWrapper/src/stm32/timer.c.o
                0x08002d0c                disableTimerClock
 .text.getTimerUpIrq
                0x08002dc0       0x74 .pio/build/stm32f401/SrcWrapper/src/stm32/timer.c.o
                0x08002dc0                getTimerUpIrq
 .text.getTimerCCIrq
                0x08002e34       0x78 .pio/build/stm32f401/SrcWrapper/src/stm32/timer.c.o
                0x08002e34                getTimerCCIrq
 .text.HAL_TIM_Base_MspInit
                0x08002eac       0x4e .pio/build/stm32f401/SrcWrapper/src/stm32/timer.c.o
                0x08002eac                HAL_TIM_Base_MspInit
 *fill*         0x08002efa        0x2 
 .text.uart_init
                0x08002efc      0x1d4 .pio/build/stm32f401/SrcWrapper/src/stm32/uart.c.o
                0x08002efc                uart_init
 .text.uart_debug_init
                0x080030d0       0x44 .pio/build/stm32f401/SrcWrapper/src/stm32/uart.c.o
                0x080030d0                uart_debug_init
 .text.serial_rx_active
                0x08003114       0x24 .pio/build/stm32f401/SrcWrapper/src/stm32/uart.c.o
                0x08003114                serial_rx_active
 .text.serial_tx_active
                0x08003138       0x24 .pio/build/stm32f401/SrcWrapper/src/stm32/uart.c.o
                0x08003138                serial_tx_active
 .text.uart_debug_write
                0x0800315c       0xc8 .pio/build/stm32f401/SrcWrapper/src/stm32/uart.c.o
                0x0800315c                uart_debug_write
 .text.uart_getc
                0x08003224       0x38 .pio/build/stm32f401/SrcWrapper/src/stm32/uart.c.o
                0x08003224                uart_getc
 .text.uart_attach_rx_callback
                0x0800325c       0x40 .pio/build/stm32f401/SrcWrapper/src/stm32/uart.c.o
                0x0800325c                uart_attach_rx_callback
 .text.uart_attach_tx_callback
                0x0800329c       0x40 .pio/build/stm32f401/SrcWrapper/src/stm32/uart.c.o
                0x0800329c                uart_attach_tx_callback
 .text.uart_enable_tx
                0x080032dc       0x1c .pio/build/stm32f401/SrcWrapper/src/stm32/uart.c.o
                0x080032dc                uart_enable_tx
 .text.uart_enable_rx
                0x080032f8       0x1c .pio/build/stm32f401/SrcWrapper/src/stm32/uart.c.o
                0x080032f8                uart_enable_rx
 .text.HAL_UART_RxCpltCallback
                0x08003314        0x6 .pio/build/stm32f401/SrcWrapper/src/stm32/uart.c.o
                0x08003314                HAL_UART_RxCpltCallback
 .text.HAL_UART_TxCpltCallback
                0x0800331a        0x6 .pio/build/stm32f401/SrcWrapper/src/stm32/uart.c.o
                0x0800331a                HAL_UART_TxCpltCallback
 .text.HAL_UART_ErrorCallback
                0x08003320       0x7c .pio/build/stm32f401/SrcWrapper/src/stm32/uart.c.o
                0x08003320                HAL_UART_ErrorCallback
 .text.USART1_IRQHandler
                0x0800339c       0x18 .pio/build/stm32f401/SrcWrapper/src/stm32/uart.c.o
                0x0800339c                USART1_IRQHandler
 .text.USART2_IRQHandler
                0x080033b4       0x1c .pio/build/stm32f401/SrcWrapper/src/stm32/uart.c.o
                0x080033b4                USART2_IRQHandler
 .text.USART6_IRQHandler
                0x080033d0       0x18 .pio/build/stm32f401/SrcWrapper/src/stm32/uart.c.o
                0x080033d0                USART6_IRQHandler
 .text._sbrk    0x080033e8       0x3c .pio/build/stm32f401/SrcWrapper/src/syscalls.c.o
                0x080033e8                _sbrk
 .text._close   0x08003424        0x6 .pio/build/stm32f401/SrcWrapper/src/syscalls.c.o
                0x08003424                _close
 .text._fstat   0x0800342a        0xa .pio/build/stm32f401/SrcWrapper/src/syscalls.c.o
                0x0800342a                _fstat
 .text._isatty  0x08003434        0x4 .pio/build/stm32f401/SrcWrapper/src/syscalls.c.o
                0x08003434                _isatty
 .text._lseek   0x08003438        0x4 .pio/build/stm32f401/SrcWrapper/src/syscalls.c.o
                0x08003438                _lseek
 .text._read    0x0800343c        0x4 .pio/build/stm32f401/SrcWrapper/src/syscalls.c.o
                0x0800343c                _read
 .text._exit    0x08003440        0x2 .pio/build/stm32f401/SrcWrapper/src/syscalls.c.o
                0x08003440                _exit
 *fill*         0x08003442        0x2 
 .text._kill    0x08003444       0x10 .pio/build/stm32f401/SrcWrapper/src/syscalls.c.o
                0x08003444                _kill
 .text._getpid  0x08003454        0x4 .pio/build/stm32f401/SrcWrapper/src/syscalls.c.o
                0x08003454                _getpid
 .text._ZL17find_object_rangeRKNSt7__cxx1112basic_stringIcSt11char_traitsIcESaIcEEEPKcRjS9_
                0x08003458       0x4e .pio/build/stm32f401/src/board_a/json_parser.cpp.o
 *fill*         0x080034a6        0x2 
 .text._ZL20find_number_in_rangeRKNSt7__cxx1112basic_stringIcSt11char_traitsIcESaIcEEEjjPKcRd
                0x080034a8       0xf8 .pio/build/stm32f401/src/board_a/json_parser.cpp.o
 .text._ZL17find_int_in_rangeRKNSt7__cxx1112basic_stringIcSt11char_traitsIcESaIcEEEjjPKcRl
                0x080035a0       0x2a .pio/build/stm32f401/src/board_a/json_parser.cpp.o
 .text._ZL20find_string_in_rangeRKNSt7__cxx1112basic_stringIcSt11char_traitsIcESaIcEEEjjPKcRS4_
                0x080035ca       0xc0 .pio/build/stm32f401/src/board_a/json_parser.cpp.o
 *fill*         0x0800368a        0x2 
 .text._ZN10jsonparser23parse_json_to_appconfigERKSt6vectorIhSaIhEER9AppConfig
                0x0800368c      0x3ac .pio/build/stm32f401/src/board_a/json_parser.cpp.o
                0x0800368c                jsonparser::parse_json_to_appconfig(std::vector<unsigned char, std::allocator<unsigned char> > const&, AppConfig&)
 .text._ZL18debug_print_configv
                0x08003a38      0x1ac .pio/build/stm32f401/src/board_a/main.cpp.o
 .text._ZL9print_hexPKhj
                0x08003be4       0x98 .pio/build/stm32f401/src/board_a/main.cpp.o
 .text._ZNSt12_Vector_baseIhSaIhEE11_M_allocateEj.isra.0
                0x08003c7c       0x16 .pio/build/stm32f401/src/board_a/main.cpp.o
 *fill*         0x08003c92        0x2 
 .text._Z10initUSART2v
                0x08003c94       0x7c .pio/build/stm32f401/src/board_a/main.cpp.o
                0x08003c94                initUSART2()
 .text._Z18calculate_checksumPKht
                0x08003d10       0x14 .pio/build/stm32f401/src/board_a/main.cpp.o
                0x08003d10                calculate_checksum(unsigned char const*, unsigned short)
 .text._ZNSt6vectorIhSaIhEE5clearEv
                0x08003d24        0xc .pio/build/stm32f401/src/board_a/main.cpp.o
                0x08003d24                std::vector<unsigned char, std::allocator<unsigned char> >::clear()
 .text._ZNSt6vectorIhSaIhEE7reserveEj
                0x08003d30       0x5c .pio/build/stm32f401/src/board_a/main.cpp.o
                0x08003d30                std::vector<unsigned char, std::allocator<unsigned char> >::reserve(unsigned int)
 .text._ZNSt6vectorIhSaIhEE9push_backERKh
                0x08003d8c       0x8c .pio/build/stm32f401/src/board_a/main.cpp.o
                0x08003d8c                std::vector<unsigned char, std::allocator<unsigned char> >::push_back(unsigned char const&)
 .text.setup    0x08003e18      0x1e0 .pio/build/stm32f401/src/board_a/main.cpp.o
                0x08003e18                setup
 .text._ZNSt12_Vector_baseIhSaIhEED2Ev
                0x08003ff8       0x14 .pio/build/stm32f401/src/board_a/main.cpp.o
                0x08003ff8                std::_Vector_base<unsigned char, std::allocator<unsigned char> >::~_Vector_base()
                0x08003ff8                std::_Vector_base<unsigned char, std::allocator<unsigned char> >::~_Vector_base()
 .text._ZNSt11__copy_moveILb0ELb1ESt26random_access_iterator_tagE8__copy_mIhEEPT_PKS3_S6_S4_
                0x0800400c       0x18 .pio/build/stm32f401/src/board_a/main.cpp.o
                0x0800400c                unsigned char* std::__copy_move<false, true, std::random_access_iterator_tag>::__copy_m<unsigned char>(unsigned char const*, unsigned char const*, unsigned char*)
 .text.startup._GLOBAL__sub_I_huart2
                0x08004024       0x1c .pio/build/stm32f401/src/board_a/main.cpp.o
 .text.exit._GLOBAL__sub_D_huart2
                0x08004040       0x18 .pio/build/stm32f401/src/board_a/main.cpp.o
 .text._Z20process_valid_packetv
                0x08004058      0x350 .pio/build/stm32f401/src/board_a/main.cpp.o
                0x08004058                process_valid_packet()
 .text.loop     0x080043a8      0x348 .pio/build/stm32f401/src/board_a/main.cpp.o
                0x080043a8                loop
 .text._Z20pack_appconfig_frameRK9AppConfigPhj.part.0
                0x080046f0      0x110 .pio/build/stm32f401/src/board_a/protocol.cpp.o
 .text._Z20pack_appconfig_frameRK9AppConfigPhj
                0x08004800        0xe .pio/build/stm32f401/src/board_a/protocol.cpp.o
                0x08004800                pack_appconfig_frame(AppConfig const&, unsigned char*, unsigned int)
 *fill*         0x0800480e        0x2 
 .text._Z24build_and_print_frame_v2RK9AppConfig
                0x08004810       0x74 .pio/build/stm32f401/src/board_a/protocol.cpp.o
                0x08004810                build_and_print_frame_v2(AppConfig const&)
 .text._Z14send_frame_canPKhj
                0x08004884        0x4 .pio/build/stm32f401/src/board_a/protocol.cpp.o
                0x08004884                send_frame_can(unsigned char const*, unsigned int)
 .text._Z14send_frame_i2cPKhjh
                0x08004888        0x4 .pio/build/stm32f401/src/board_a/protocol.cpp.o
                0x08004888                send_frame_i2c(unsigned char const*, unsigned int, unsigned char)
 .text._ZN14HardwareSerial9availableEv
                0x0800488c       0x10 .pio/build/stm32f401/libFrameworkArduino.a(HardwareSerial.cpp.o)
                0x0800488c                HardwareSerial::available()
 .text._ZN14HardwareSerial4peekEv
                0x0800489c       0x1a .pio/build/stm32f401/libFrameworkArduino.a(HardwareSerial.cpp.o)
                0x0800489c                HardwareSerial::peek()
 .text._ZN14HardwareSerial17availableForWriteEv
                0x080048b6       0x1c .pio/build/stm32f401/libFrameworkArduino.a(HardwareSerial.cpp.o)
                0x080048b6                HardwareSerial::availableForWrite()
 .text._ZN14HardwareSerial5writeEh
                0x080048d2       0x18 .pio/build/stm32f401/libFrameworkArduino.a(HardwareSerial.cpp.o)
                0x080048d2                HardwareSerial::write(unsigned char)
 .text._ZN14HardwareSerial16_rx_complete_irqEP8serial_s
                0x080048ea       0x36 .pio/build/stm32f401/libFrameworkArduino.a(HardwareSerial.cpp.o)
                0x080048ea                HardwareSerial::_rx_complete_irq(serial_s*)
 .text._ZN14HardwareSerial16_tx_complete_irqEP8serial_s
                0x08004920       0x60 .pio/build/stm32f401/libFrameworkArduino.a(HardwareSerial.cpp.o)
                0x08004920                HardwareSerial::_tx_complete_irq(serial_s*)
 .text._ZN14HardwareSerial5writeEPKhj
                0x08004980       0xe4 .pio/build/stm32f401/libFrameworkArduino.a(HardwareSerial.cpp.o)
                0x08004980                HardwareSerial::write(unsigned char const*, unsigned int)
 .text._ZN14HardwareSerial4initE7PinNameS0_S0_S0_
                0x08004a64       0x32 .pio/build/stm32f401/libFrameworkArduino.a(HardwareSerial.cpp.o)
                0x08004a64                HardwareSerial::init(PinName, PinName, PinName, PinName)
 .text._ZN14HardwareSerial5flushEm
                0x08004a96       0x36 .pio/build/stm32f401/libFrameworkArduino.a(HardwareSerial.cpp.o)
                0x08004a96                HardwareSerial::flush(unsigned long)
 .text._ZN14HardwareSerial5flushEv
                0x08004acc        0x6 .pio/build/stm32f401/libFrameworkArduino.a(HardwareSerial.cpp.o)
                0x08004acc                HardwareSerial::flush()
 *fill*         0x08004ad2        0x2 
 .text._ZN14HardwareSerial5setRxEm
                0x08004ad4       0x48 .pio/build/stm32f401/libFrameworkArduino.a(HardwareSerial.cpp.o)
                0x08004ad4                HardwareSerial::setRx(unsigned long)
 .text._ZN14HardwareSerial5setTxEm
                0x08004b1c       0x48 .pio/build/stm32f401/libFrameworkArduino.a(HardwareSerial.cpp.o)
                0x08004b1c                HardwareSerial::setTx(unsigned long)
 .text._ZN14HardwareSerialC2EPv16HalfDuplexMode_t
                0x08004b64       0x9c .pio/build/stm32f401/libFrameworkArduino.a(HardwareSerial.cpp.o)
                0x08004b64                HardwareSerial::HardwareSerial(void*, HalfDuplexMode_t)
                0x08004b64                HardwareSerial::HardwareSerial(void*, HalfDuplexMode_t)
 .text._ZN14HardwareSerial18enableHalfDuplexRxEv
                0x08004c00       0x2c .pio/build/stm32f401/libFrameworkArduino.a(HardwareSerial.cpp.o)
                0x08004c00                HardwareSerial::enableHalfDuplexRx()
 .text._ZN14HardwareSerial5beginEmh
                0x08004c2c       0x9c .pio/build/stm32f401/libFrameworkArduino.a(HardwareSerial.cpp.o)
                0x08004c2c                HardwareSerial::begin(unsigned long, unsigned char)
 .text._ZN14HardwareSerial4readEv
                0x08004cc8       0x2e .pio/build/stm32f401/libFrameworkArduino.a(HardwareSerial.cpp.o)
                0x08004cc8                HardwareSerial::read()
 *fill*         0x08004cf6        0x2 
 .text.startup._GLOBAL__sub_I_Serial2
                0x08004cf8       0x14 .pio/build/stm32f401/libFrameworkArduino.a(HardwareSerial.cpp.o)
 .text._ZN5Print5writeEPKc
                0x08004d0c       0x20 .pio/build/stm32f401/libFrameworkArduino.a(Print.cpp.o)
                0x08004d0c                Print::write(char const*)
 .text._ZN5Print5printEPKc
                0x08004d2c        0x8 .pio/build/stm32f401/libFrameworkArduino.a(Print.cpp.o)
                0x08004d2c                Print::print(char const*)
 .text._ZN5Print5printEc
                0x08004d34        0x6 .pio/build/stm32f401/libFrameworkArduino.a(Print.cpp.o)
                0x08004d34                Print::print(char)
 *fill*         0x08004d3a        0x2 
 .text._ZN5Print7printlnEv
                0x08004d3c       0x10 .pio/build/stm32f401/libFrameworkArduino.a(Print.cpp.o)
                0x08004d3c                Print::println()
 .text._ZN5Print7printlnEPK19__FlashStringHelper
                0x08004d4c       0x14 .pio/build/stm32f401/libFrameworkArduino.a(Print.cpp.o)
                0x08004d4c                Print::println(__FlashStringHelper const*)
 .text._ZN5Print7printlnEPKc
                0x08004d60        0x4 .pio/build/stm32f401/libFrameworkArduino.a(Print.cpp.o)
                0x08004d60                Print::println(char const*)
 .text._write   0x08004d64       0x22 .pio/build/stm32f401/libFrameworkArduino.a(Print.cpp.o)
                0x08004d64                _write
 .text._ZN5Print11printNumberEmh
                0x08004d86       0x3c .pio/build/stm32f401/libFrameworkArduino.a(Print.cpp.o)
                0x08004d86                Print::printNumber(unsigned long, unsigned char)
 .text._ZN5Print5printEli
                0x08004dc2       0x44 .pio/build/stm32f401/libFrameworkArduino.a(Print.cpp.o)
                0x08004dc2                Print::print(long, int)
 .text._ZN5Print5printEii
                0x08004e06        0x4 .pio/build/stm32f401/libFrameworkArduino.a(Print.cpp.o)
                0x08004e06                Print::print(int, int)
 .text._ZN5Print7printlnEii
                0x08004e0a       0x14 .pio/build/stm32f401/libFrameworkArduino.a(Print.cpp.o)
                0x08004e0a                Print::println(int, int)
 .text._ZN5Print5printEmi
                0x08004e1e       0x1a .pio/build/stm32f401/libFrameworkArduino.a(Print.cpp.o)
                0x08004e1e                Print::print(unsigned long, int)
 .text._ZN5Print7printlnEhi
                0x08004e38       0x14 .pio/build/stm32f401/libFrameworkArduino.a(Print.cpp.o)
                0x08004e38                Print::println(unsigned char, int)
 .text._ZN5Print7printlnEmi
                0x08004e4c       0x14 .pio/build/stm32f401/libFrameworkArduino.a(Print.cpp.o)
                0x08004e4c                Print::println(unsigned long, int)
 .text._ZN5Print10printFloatIfEEjT_h
                0x08004e60      0x104 .pio/build/stm32f401/libFrameworkArduino.a(Print.cpp.o)
                0x08004e60                unsigned int Print::printFloat<float>(float, unsigned char)
 .text._ZN5Print7printlnEfi
                0x08004f64       0x16 .pio/build/stm32f401/libFrameworkArduino.a(Print.cpp.o)
                0x08004f64                Print::println(float, int)
 .text._ZN6Stream9timedReadEv
                0x08004f7a       0x2a .pio/build/stm32f401/libFrameworkArduino.a(Stream.cpp.o)
                0x08004f7a                Stream::timedRead()
 .text._ZN6Stream9readBytesEPcj
                0x08004fa4       0x22 .pio/build/stm32f401/libFrameworkArduino.a(Stream.cpp.o)
                0x08004fa4                Stream::readBytes(char*, unsigned int)
 .text._ZN6Stream14readBytesUntilEcPcj
                0x08004fc6       0x30 .pio/build/stm32f401/libFrameworkArduino.a(Stream.cpp.o)
                0x08004fc6                Stream::readBytesUntil(char, char*, unsigned int)
 .text.startup._Z7premainv
                0x08004ff6       0x10 .pio/build/stm32f401/libFrameworkArduino.a(main.cpp.o)
                0x08004ff6                premain()
 .text.startup.main
                0x08005006       0x14 .pio/build/stm32f401/libFrameworkArduino.a(main.cpp.o)
                0x08005006                main
 *fill*         0x0800501a        0x2 
 .text.Reset_Handler
                0x0800501c       0x50 .pio/build/stm32f401/libFrameworkArduino.a(startup_stm32yyxx.S.o)
                0x0800501c                Reset_Handler
 .text.Default_Handler
                0x0800506c        0x2 .pio/build/stm32f401/libFrameworkArduino.a(startup_stm32yyxx.S.o)
                0x0800506c                DMA1_Stream3_IRQHandler
                0x0800506c                DebugMon_Handler
                0x0800506c                SPI4_IRQHandler
                0x0800506c                DMA2_Stream5_IRQHandler
                0x0800506c                HardFault_Handler
                0x0800506c                DMA1_Stream5_IRQHandler
                0x0800506c                PVD_IRQHandler
                0x0800506c                SDIO_IRQHandler
                0x0800506c                TAMP_STAMP_IRQHandler
                0x0800506c                PendSV_Handler
                0x0800506c                NMI_Handler
                0x0800506c                I2C3_ER_IRQHandler
                0x0800506c                I2C2_EV_IRQHandler
                0x0800506c                DMA1_Stream2_IRQHandler
                0x0800506c                FPU_IRQHandler
                0x0800506c                UsageFault_Handler
                0x0800506c                DMA2_Stream2_IRQHandler
                0x0800506c                SPI1_IRQHandler
                0x0800506c                DMA2_Stream3_IRQHandler
                0x0800506c                DMA2_Stream0_IRQHandler
                0x0800506c                I2C1_EV_IRQHandler
                0x0800506c                DMA1_Stream6_IRQHandler
                0x0800506c                DMA1_Stream1_IRQHandler
                0x0800506c                RCC_IRQHandler
                0x0800506c                Default_Handler
                0x0800506c                ADC_IRQHandler
                0x0800506c                DMA1_Stream7_IRQHandler
                0x0800506c                DMA2_Stream7_IRQHandler
                0x0800506c                I2C3_EV_IRQHandler
                0x0800506c                RTC_WKUP_IRQHandler
                0x0800506c                SPI2_IRQHandler
                0x0800506c                MemManage_Handler
                0x0800506c                DMA1_Stream0_IRQHandler
                0x0800506c                SVC_Handler
                0x0800506c                WWDG_IRQHandler
                0x0800506c                OTG_FS_WKUP_IRQHandler
                0x0800506c                I2C2_ER_IRQHandler
                0x0800506c                DMA2_Stream1_IRQHandler
                0x0800506c                FLASH_IRQHandler
                0x0800506c                DMA2_Stream4_IRQHandler
                0x0800506c                BusFault_Handler
                0x0800506c                OTG_FS_IRQHandler
                0x0800506c                SPI3_IRQHandler
                0x0800506c                DMA1_Stream4_IRQHandler
                0x0800506c                I2C1_ER_IRQHandler
                0x0800506c                DMA2_Stream6_IRQHandler
                0x0800506c                RTC_Alarm_IRQHandler
 *fill*         0x0800506e        0x2 
 .text.pinMode  0x08005070       0xbc .pio/build/stm32f401/libFrameworkArduino.a(wiring_digital.c.o)
                0x08005070                pinMode
 .text.digitalWrite
                0x0800512c       0x70 .pio/build/stm32f401/libFrameworkArduino.a(wiring_digital.c.o)
                0x0800512c                digitalWrite
 .text.digitalRead
                0x0800519c       0x78 .pio/build/stm32f401/libFrameworkArduino.a(wiring_digital.c.o)
                0x0800519c                digitalRead
 .text.millis   0x08005214        0x4 .pio/build/stm32f401/libFrameworkArduino.a(wiring_time.c.o)
                0x08005214                millis
 .text.delay    0x08005218       0x1c .pio/build/stm32f401/libFrameworkArduino.a(wiring_time.c.o)
                0x08005218                delay
 .text._Z14serialEventRunv
                0x08005234       0x1c .pio/build/stm32f401/libFrameworkArduino.a(WSerial.cpp.o)
                0x08005234                serialEventRun()
 .text.init     0x08005250        0x4 .pio/build/stm32f401/libFrameworkArduino.a(board.c.o)
                0x08005250                init
 .text.__empty  0x08005254        0x2 .pio/build/stm32f401/libFrameworkArduino.a(hooks.c.o)
                0x08005254                yield
 *fill*         0x08005256        0x2 
 .text.__udivmoddi4
                0x08005258      0x2bc /Users/mackbook/.platformio/packages/toolchain-gccarmnoneeabi/bin/../lib/gcc/arm-none-eabi/12.3.1/thumb/v7e-m+fp/hard/libgcc.a(_udivmoddi4.o)
                0x08005258                __udivmoddi4
 .text.unlikely._ZSt17__throw_bad_allocv
                0x08005514        0x6 /Users/mackbook/.platformio/packages/toolchain-gccarmnoneeabi/bin/../lib/gcc/arm-none-eabi/12.3.1/../../../../arm-none-eabi/lib/thumb/v7e-m+fp/hard/libstdc++_nano.a(functexcept.o)
                0x08005514                std::__throw_bad_alloc()
 .text.unlikely._ZSt19__throw_logic_errorPKc
                0x0800551a        0x6 /Users/mackbook/.platformio/packages/toolchain-gccarmnoneeabi/bin/../lib/gcc/arm-none-eabi/12.3.1/../../../../arm-none-eabi/lib/thumb/v7e-m+fp/hard/libstdc++_nano.a(functexcept.o)
                0x0800551a                std::__throw_logic_error(char const*)
 .text.unlikely._ZSt20__throw_length_errorPKc
                0x08005520        0x6 /Users/mackbook/.platformio/packages/toolchain-gccarmnoneeabi/bin/../lib/gcc/arm-none-eabi/12.3.1/../../../../arm-none-eabi/lib/thumb/v7e-m+fp/hard/libstdc++_nano.a(functexcept.o)
                0x08005520                std::__throw_length_error(char const*)
 .text.unlikely._ZSt24__throw_out_of_range_fmtPKcz
                0x08005526        0x8 /Users/mackbook/.platformio/packages/toolchain-gccarmnoneeabi/bin/../lib/gcc/arm-none-eabi/12.3.1/../../../../arm-none-eabi/lib/thumb/v7e-m+fp/hard/libstdc++_nano.a(functexcept.o)
                0x08005526                std::__throw_out_of_range_fmt(char const*, ...)
 .text.unlikely._ZSt25__throw_bad_function_callv
                0x0800552e        0x6 /Users/mackbook/.platformio/packages/toolchain-gccarmnoneeabi/bin/../lib/gcc/arm-none-eabi/12.3.1/../../../../arm-none-eabi/lib/thumb/v7e-m+fp/hard/libstdc++_nano.a(functional.o)
                0x0800552e                std::__throw_bad_function_call()
 .text._ZNSt11char_traitsIcE4copyEPcPKcj.isra.0
                0x08005534        0x8 /Users/mackbook/.platformio/packages/toolchain-gccarmnoneeabi/bin/../lib/gcc/arm-none-eabi/12.3.1/../../../../arm-none-eabi/lib/thumb/v7e-m+fp/hard/libstdc++_nano.a(string-inst.o)
 .text._ZNSt11char_traitsIcE7compareEPKcS2_j
                0x0800553c        0xa /Users/mackbook/.platformio/packages/toolchain-gccarmnoneeabi/bin/../lib/gcc/arm-none-eabi/12.3.1/../../../../arm-none-eabi/lib/thumb/v7e-m+fp/hard/libstdc++_nano.a(string-inst.o)
                0x0800553c                std::char_traits<char>::compare(char const*, char const*, unsigned int)
 .text._ZNSt11char_traitsIcE4findEPKcjRS1_
                0x08005546       0x10 /Users/mackbook/.platformio/packages/toolchain-gccarmnoneeabi/bin/../lib/gcc/arm-none-eabi/12.3.1/../../../../arm-none-eabi/lib/thumb/v7e-m+fp/hard/libstdc++_nano.a(string-inst.o)
                0x08005546                std::char_traits<char>::find(char const*, unsigned int, char const&)
 .text._ZNKSt7__cxx1112basic_stringIcSt11char_traitsIcESaIcEE11_M_is_localEv
                0x08005556        0xc /Users/mackbook/.platformio/packages/toolchain-gccarmnoneeabi/bin/../lib/gcc/arm-none-eabi/12.3.1/../../../../arm-none-eabi/lib/thumb/v7e-m+fp/hard/libstdc++_nano.a(string-inst.o)
                0x08005556                std::__cxx11::basic_string<char, std::char_traits<char>, std::allocator<char> >::_M_is_local() const
 *fill*         0x08005562        0x2 
 .text._ZNSt7__cxx1112basic_stringIcSt11char_traitsIcESaIcEE9_M_createERjj
                0x08005564       0x44 /Users/mackbook/.platformio/packages/toolchain-gccarmnoneeabi/bin/../lib/gcc/arm-none-eabi/12.3.1/../../../../arm-none-eabi/lib/thumb/v7e-m+fp/hard/libstdc++_nano.a(string-inst.o)
                0x08005564                std::__cxx11::basic_string<char, std::char_traits<char>, std::allocator<char> >::_M_create(unsigned int&, unsigned int)
 .text._ZNSt7__cxx1112basic_stringIcSt11char_traitsIcESaIcEE10_M_disposeEv
                0x080055a8       0x16 /Users/mackbook/.platformio/packages/toolchain-gccarmnoneeabi/bin/../lib/gcc/arm-none-eabi/12.3.1/../../../../arm-none-eabi/lib/thumb/v7e-m+fp/hard/libstdc++_nano.a(string-inst.o)
                0x080055a8                std::__cxx11::basic_string<char, std::char_traits<char>, std::allocator<char> >::_M_dispose()
 *fill*         0x080055be        0x2 
 .text._ZNKSt7__cxx1112basic_stringIcSt11char_traitsIcESaIcEE8_M_checkEjPKc
                0x080055c0       0x1c /Users/mackbook/.platformio/packages/toolchain-gccarmnoneeabi/bin/../lib/gcc/arm-none-eabi/12.3.1/../../../../arm-none-eabi/lib/thumb/v7e-m+fp/hard/libstdc++_nano.a(string-inst.o)
                0x080055c0                std::__cxx11::basic_string<char, std::char_traits<char>, std::allocator<char> >::_M_check(unsigned int, char const*) const
 .text._ZNSt7__cxx1112basic_stringIcSt11char_traitsIcESaIcEE7_S_copyEPcPKcj
                0x080055dc       0x18 /Users/mackbook/.platformio/packages/toolchain-gccarmnoneeabi/bin/../lib/gcc/arm-none-eabi/12.3.1/../../../../arm-none-eabi/lib/thumb/v7e-m+fp/hard/libstdc++_nano.a(string-inst.o)
                0x080055dc                std::__cxx11::basic_string<char, std::char_traits<char>, std::allocator<char> >::_S_copy(char*, char const*, unsigned int)
 .text._ZNSt7__cxx1112basic_stringIcSt11char_traitsIcESaIcEE13_S_copy_charsEPcPKcS7_
                0x080055f4        0xa /Users/mackbook/.platformio/packages/toolchain-gccarmnoneeabi/bin/../lib/gcc/arm-none-eabi/12.3.1/../../../../arm-none-eabi/lib/thumb/v7e-m+fp/hard/libstdc++_nano.a(string-inst.o)
                0x080055f4                std::__cxx11::basic_string<char, std::char_traits<char>, std::allocator<char> >::_S_copy_chars(char*, char const*, char const*)
 .text._ZNKSt7__cxx1112basic_stringIcSt11char_traitsIcESaIcEE4findEPKcjj
                0x080055fe       0x62 /Users/mackbook/.platformio/packages/toolchain-gccarmnoneeabi/bin/../lib/gcc/arm-none-eabi/12.3.1/../../../../arm-none-eabi/lib/thumb/v7e-m+fp/hard/libstdc++_nano.a(string-inst.o)
                0x080055fe                std::__cxx11::basic_string<char, std::char_traits<char>, std::allocator<char> >::find(char const*, unsigned int, unsigned int) const
 .text._ZNKSt7__cxx1112basic_stringIcSt11char_traitsIcESaIcEE4findEPKcj
                0x08005660       0x1c /Users/mackbook/.platformio/packages/toolchain-gccarmnoneeabi/bin/../lib/gcc/arm-none-eabi/12.3.1/../../../../arm-none-eabi/lib/thumb/v7e-m+fp/hard/libstdc++_nano.a(string-inst.o)
                0x08005660                std::__cxx11::basic_string<char, std::char_traits<char>, std::allocator<char> >::find(char const*, unsigned int) const
 .text._ZNKSt7__cxx1112basic_stringIcSt11char_traitsIcESaIcEE4findEcj
                0x0800567c       0x2a /Users/mackbook/.platformio/packages/toolchain-gccarmnoneeabi/bin/../lib/gcc/arm-none-eabi/12.3.1/../../../../arm-none-eabi/lib/thumb/v7e-m+fp/hard/libstdc++_nano.a(string-inst.o)
                0x0800567c                std::__cxx11::basic_string<char, std::char_traits<char>, std::allocator<char> >::find(char, unsigned int) const
 .text._ZNKSt7__cxx1112basic_stringIcSt11char_traitsIcESaIcEE7compareEPKc
                0x080056a6       0x26 /Users/mackbook/.platformio/packages/toolchain-gccarmnoneeabi/bin/../lib/gcc/arm-none-eabi/12.3.1/../../../../arm-none-eabi/lib/thumb/v7e-m+fp/hard/libstdc++_nano.a(string-inst.o)
                0x080056a6                std::__cxx11::basic_string<char, std::char_traits<char>, std::allocator<char> >::compare(char const*) const
 .text._ZNSt7__cxx1112basic_stringIcSt11char_traitsIcESaIcEE12_M_constructIPKcEEvT_S8_St20forward_iterator_tag
                0x080056cc       0x36 /Users/mackbook/.platformio/packages/toolchain-gccarmnoneeabi/bin/../lib/gcc/arm-none-eabi/12.3.1/../../../../arm-none-eabi/lib/thumb/v7e-m+fp/hard/libstdc++_nano.a(string-inst.o)
                0x080056cc                void std::__cxx11::basic_string<char, std::char_traits<char>, std::allocator<char> >::_M_construct<char const*>(char const*, char const*, std::forward_iterator_tag)
 *fill*         0x08005702        0x2 
 .text._ZNSt7__cxx1112basic_stringIcSt11char_traitsIcESaIcEEC2ERKS4_jj
                0x08005704       0x44 /Users/mackbook/.platformio/packages/toolchain-gccarmnoneeabi/bin/../lib/gcc/arm-none-eabi/12.3.1/../../../../arm-none-eabi/lib/thumb/v7e-m+fp/hard/libstdc++_nano.a(string-inst.o)
                0x08005704                std::__cxx11::basic_string<char, std::char_traits<char>, std::allocator<char> >::basic_string(std::__cxx11::basic_string<char, std::char_traits<char>, std::allocator<char> > const&, unsigned int, unsigned int)
                0x08005704                std::__cxx11::basic_string<char, std::char_traits<char>, std::allocator<char> >::basic_string(std::__cxx11::basic_string<char, std::char_traits<char>, std::allocator<char> > const&, unsigned int, unsigned int)
 .text._ZNKSt7__cxx1112basic_stringIcSt11char_traitsIcESaIcEE6substrEjj
                0x08005748       0x28 /Users/mackbook/.platformio/packages/toolchain-gccarmnoneeabi/bin/../lib/gcc/arm-none-eabi/12.3.1/../../../../arm-none-eabi/lib/thumb/v7e-m+fp/hard/libstdc++_nano.a(string-inst.o)
                0x08005748                std::__cxx11::basic_string<char, std::char_traits<char>, std::allocator<char> >::substr(unsigned int, unsigned int) const
 .text.roundf   0x08005770       0x4c /Users/mackbook/.platformio/packages/toolchain-gccarmnoneeabi/bin/../lib/gcc/arm-none-eabi/12.3.1/../../../../arm-none-eabi/lib/thumb/v7e-m+fp/hard/libm.a(libm_a-sf_round.o)
                0x08005770                roundf
 .text.abort    0x080057bc        0xe /Users/mackbook/.platformio/packages/toolchain-gccarmnoneeabi/bin/../lib/gcc/arm-none-eabi/12.3.1/../../../../arm-none-eabi/lib/thumb/v7e-m+fp/hard/libc_nano.a(libc_a-abort.o)
                0x080057bc                abort
 *fill*         0x080057ca        0x2 
 .text.malloc   0x080057cc       0x10 /Users/mackbook/.platformio/packages/toolchain-gccarmnoneeabi/bin/../lib/gcc/arm-none-eabi/12.3.1/../../../../arm-none-eabi/lib/thumb/v7e-m+fp/hard/libc_nano.a(libc_a-malloc.o)
                0x080057cc                malloc
 .text.free     0x080057dc       0x10 /Users/mackbook/.platformio/packages/toolchain-gccarmnoneeabi/bin/../lib/gcc/arm-none-eabi/12.3.1/../../../../arm-none-eabi/lib/thumb/v7e-m+fp/hard/libc_nano.a(libc_a-malloc.o)
                0x080057dc                free
 .text.sbrk_aligned
                0x080057ec       0x44 /Users/mackbook/.platformio/packages/toolchain-gccarmnoneeabi/bin/../lib/gcc/arm-none-eabi/12.3.1/../../../../arm-none-eabi/lib/thumb/v7e-m+fp/hard/libc_nano.a(libc_a-mallocr.o)
 .text._malloc_r
                0x08005830      0x100 /Users/mackbook/.platformio/packages/toolchain-gccarmnoneeabi/bin/../lib/gcc/arm-none-eabi/12.3.1/../../../../arm-none-eabi/lib/thumb/v7e-m+fp/hard/libc_nano.a(libc_a-mallocr.o)
                0x08005830                _malloc_r
 .text.__malloc_lock
                0x08005930        0xc /Users/mackbook/.platformio/packages/toolchain-gccarmnoneeabi/bin/../lib/gcc/arm-none-eabi/12.3.1/../../../../arm-none-eabi/lib/thumb/v7e-m+fp/hard/libc_nano.a(libc_a-mlock.o)
                0x08005930                __malloc_lock
 .text.__malloc_unlock
                0x0800593c        0xc /Users/mackbook/.platformio/packages/toolchain-gccarmnoneeabi/bin/../lib/gcc/arm-none-eabi/12.3.1/../../../../arm-none-eabi/lib/thumb/v7e-m+fp/hard/libc_nano.a(libc_a-mlock.o)
                0x0800593c                __malloc_unlock
 .text.std      0x08005948       0x6c /Users/mackbook/.platformio/packages/toolchain-gccarmnoneeabi/bin/../lib/gcc/arm-none-eabi/12.3.1/../../../../arm-none-eabi/lib/thumb/v7e-m+fp/hard/libc_nano.a(libc_a-findfp.o)
 .text.stdio_exit_handler
                0x080059b4       0x18 /Users/mackbook/.platformio/packages/toolchain-gccarmnoneeabi/bin/../lib/gcc/arm-none-eabi/12.3.1/../../../../arm-none-eabi/lib/thumb/v7e-m+fp/hard/libc_nano.a(libc_a-findfp.o)
 .text.cleanup_stdio
                0x080059cc       0x40 /Users/mackbook/.platformio/packages/toolchain-gccarmnoneeabi/bin/../lib/gcc/arm-none-eabi/12.3.1/../../../../arm-none-eabi/lib/thumb/v7e-m+fp/hard/libc_nano.a(libc_a-findfp.o)
 .text.global_stdio_init.part.0
                0x08005a0c       0x3c /Users/mackbook/.platformio/packages/toolchain-gccarmnoneeabi/bin/../lib/gcc/arm-none-eabi/12.3.1/../../../../arm-none-eabi/lib/thumb/v7e-m+fp/hard/libc_nano.a(libc_a-findfp.o)
 .text.__sfp_lock_acquire
                0x08005a48        0xc /Users/mackbook/.platformio/packages/toolchain-gccarmnoneeabi/bin/../lib/gcc/arm-none-eabi/12.3.1/../../../../arm-none-eabi/lib/thumb/v7e-m+fp/hard/libc_nano.a(libc_a-findfp.o)
                0x08005a48                __sfp_lock_acquire
 .text.__sfp_lock_release
                0x08005a54        0xc /Users/mackbook/.platformio/packages/toolchain-gccarmnoneeabi/bin/../lib/gcc/arm-none-eabi/12.3.1/../../../../arm-none-eabi/lib/thumb/v7e-m+fp/hard/libc_nano.a(libc_a-findfp.o)
                0x08005a54                __sfp_lock_release
 .text.__sinit  0x08005a60       0x30 /Users/mackbook/.platformio/packages/toolchain-gccarmnoneeabi/bin/../lib/gcc/arm-none-eabi/12.3.1/../../../../arm-none-eabi/lib/thumb/v7e-m+fp/hard/libc_nano.a(libc_a-findfp.o)
                0x08005a60                __sinit
 .text.sulp     0x08005a90       0x3c /Users/mackbook/.platformio/packages/toolchain-gccarmnoneeabi/bin/../lib/gcc/arm-none-eabi/12.3.1/../../../../arm-none-eabi/lib/thumb/v7e-m+fp/hard/libc_nano.a(libc_a-strtod.o)
 *fill*         0x08005acc        0x4 
 .text._strtod_l
                0x08005ad0      0xc08 /Users/mackbook/.platformio/packages/toolchain-gccarmnoneeabi/bin/../lib/gcc/arm-none-eabi/12.3.1/../../../../arm-none-eabi/lib/thumb/v7e-m+fp/hard/libc_nano.a(libc_a-strtod.o)
                0x08005ad0                _strtod_l
 .text.strtod   0x080066d8       0x18 /Users/mackbook/.platformio/packages/toolchain-gccarmnoneeabi/bin/../lib/gcc/arm-none-eabi/12.3.1/../../../../arm-none-eabi/lib/thumb/v7e-m+fp/hard/libc_nano.a(libc_a-strtod.o)
                0x080066d8                strtod
 .text._fwalk_sglue
                0x080066f0       0x3c /Users/mackbook/.platformio/packages/toolchain-gccarmnoneeabi/bin/../lib/gcc/arm-none-eabi/12.3.1/../../../../arm-none-eabi/lib/thumb/v7e-m+fp/hard/libc_nano.a(libc_a-fwalk.o)
                0x080066f0                _fwalk_sglue
 .text.strncmp  0x0800672c       0x24 /Users/mackbook/.platformio/packages/toolchain-gccarmnoneeabi/bin/../lib/gcc/arm-none-eabi/12.3.1/../../../../arm-none-eabi/lib/thumb/v7e-m+fp/hard/libc_nano.a(libc_a-strncmp.o)
                0x0800672c                strncmp
 .text.memcmp   0x08006750       0x20 /Users/mackbook/.platformio/packages/toolchain-gccarmnoneeabi/bin/../lib/gcc/arm-none-eabi/12.3.1/../../../../arm-none-eabi/lib/thumb/v7e-m+fp/hard/libc_nano.a(libc_a-memcmp.o)
                0x08006750                memcmp
 .text.memmove  0x08006770       0x34 /Users/mackbook/.platformio/packages/toolchain-gccarmnoneeabi/bin/../lib/gcc/arm-none-eabi/12.3.1/../../../../arm-none-eabi/lib/thumb/v7e-m+fp/hard/libc_nano.a(libc_a-memmove.o)
                0x08006770                memmove
 .text.memset   0x080067a4       0x10 /Users/mackbook/.platformio/packages/toolchain-gccarmnoneeabi/bin/../lib/gcc/arm-none-eabi/12.3.1/../../../../arm-none-eabi/lib/thumb/v7e-m+fp/hard/libc_nano.a(libc_a-memset.o)
                0x080067a4                memset
 .text._raise_r
                0x080067b4       0x50 /Users/mackbook/.platformio/packages/toolchain-gccarmnoneeabi/bin/../lib/gcc/arm-none-eabi/12.3.1/../../../../arm-none-eabi/lib/thumb/v7e-m+fp/hard/libc_nano.a(libc_a-signal.o)
                0x080067b4                _raise_r
 .text.raise    0x08006804       0x10 /Users/mackbook/.platformio/packages/toolchain-gccarmnoneeabi/bin/../lib/gcc/arm-none-eabi/12.3.1/../../../../arm-none-eabi/lib/thumb/v7e-m+fp/hard/libc_nano.a(libc_a-signal.o)
                0x08006804                raise
 .text._kill_r  0x08006814       0x24 /Users/mackbook/.platformio/packages/toolchain-gccarmnoneeabi/bin/../lib/gcc/arm-none-eabi/12.3.1/../../../../arm-none-eabi/lib/thumb/v7e-m+fp/hard/libc_nano.a(libc_a-signalr.o)
                0x08006814                _kill_r
 .text._getpid_r
                0x08006838        0x4 /Users/mackbook/.platformio/packages/toolchain-gccarmnoneeabi/bin/../lib/gcc/arm-none-eabi/12.3.1/../../../../arm-none-eabi/lib/thumb/v7e-m+fp/hard/libc_nano.a(libc_a-signalr.o)
                0x08006838                _getpid_r
 .text._sbrk_r  0x0800683c       0x20 /Users/mackbook/.platformio/packages/toolchain-gccarmnoneeabi/bin/../lib/gcc/arm-none-eabi/12.3.1/../../../../arm-none-eabi/lib/thumb/v7e-m+fp/hard/libc_nano.a(libc_a-sbrkr.o)
                0x0800683c                _sbrk_r
 .text._write_r
                0x0800685c       0x24 /Users/mackbook/.platformio/packages/toolchain-gccarmnoneeabi/bin/../lib/gcc/arm-none-eabi/12.3.1/../../../../arm-none-eabi/lib/thumb/v7e-m+fp/hard/libc_nano.a(libc_a-writer.o)
                0x0800685c                _write_r
 .text.__errno  0x08006880        0xc /Users/mackbook/.platformio/packages/toolchain-gccarmnoneeabi/bin/../lib/gcc/arm-none-eabi/12.3.1/../../../../arm-none-eabi/lib/thumb/v7e-m+fp/hard/libc_nano.a(libc_a-errno.o)
                0x08006880                __errno
 .text.__libc_init_array
                0x0800688c       0x48 /Users/mackbook/.platformio/packages/toolchain-gccarmnoneeabi/bin/../lib/gcc/arm-none-eabi/12.3.1/../../../../arm-none-eabi/lib/thumb/v7e-m+fp/hard/libc_nano.a(libc_a-init.o)
                0x0800688c                __libc_init_array
 .text.__retarget_lock_init_recursive
                0x080068d4        0x2 /Users/mackbook/.platformio/packages/toolchain-gccarmnoneeabi/bin/../lib/gcc/arm-none-eabi/12.3.1/../../../../arm-none-eabi/lib/thumb/v7e-m+fp/hard/libc_nano.a(libc_a-lock.o)
                0x080068d4                __retarget_lock_init_recursive
 .text.__retarget_lock_acquire_recursive
                0x080068d6        0x2 /Users/mackbook/.platformio/packages/toolchain-gccarmnoneeabi/bin/../lib/gcc/arm-none-eabi/12.3.1/../../../../arm-none-eabi/lib/thumb/v7e-m+fp/hard/libc_nano.a(libc_a-lock.o)
                0x080068d6                __retarget_lock_acquire_recursive
 .text.__retarget_lock_release_recursive
                0x080068d8        0x2 /Users/mackbook/.platformio/packages/toolchain-gccarmnoneeabi/bin/../lib/gcc/arm-none-eabi/12.3.1/../../../../arm-none-eabi/lib/thumb/v7e-m+fp/hard/libc_nano.a(libc_a-lock.o)
                0x080068d8                __retarget_lock_release_recursive
 .text.memcpy   0x080068da       0x1c /Users/mackbook/.platformio/packages/toolchain-gccarmnoneeabi/bin/../lib/gcc/arm-none-eabi/12.3.1/../../../../arm-none-eabi/lib/thumb/v7e-m+fp/hard/libc_nano.a(libc_a-memcpy-stub.o)
                0x080068da                memcpy
 *fill*         0x080068f6        0x2 
 .text.nan      0x080068f8       0x10 /Users/mackbook/.platformio/packages/toolchain-gccarmnoneeabi/bin/../lib/gcc/arm-none-eabi/12.3.1/../../../../arm-none-eabi/lib/thumb/v7e-m+fp/hard/libc_nano.a(libm_a-s_nan.o)
                0x080068f8                nan
 .text._free_r  0x08006908       0x94 /Users/mackbook/.platformio/packages/toolchain-gccarmnoneeabi/bin/../lib/gcc/arm-none-eabi/12.3.1/../../../../arm-none-eabi/lib/thumb/v7e-m+fp/hard/libc_nano.a(libc_a-freer.o)
                0x08006908                _free_r
 .text.rshift   0x0800699c       0xa2 /Users/mackbook/.platformio/packages/toolchain-gccarmnoneeabi/bin/../lib/gcc/arm-none-eabi/12.3.1/../../../../arm-none-eabi/lib/thumb/v7e-m+fp/hard/libc_nano.a(libc_a-gdtoa-gethex.o)
 .text.__hexdig_fun
                0x08006a3e       0x2a /Users/mackbook/.platformio/packages/toolchain-gccarmnoneeabi/bin/../lib/gcc/arm-none-eabi/12.3.1/../../../../arm-none-eabi/lib/thumb/v7e-m+fp/hard/libc_nano.a(libc_a-gdtoa-gethex.o)
                0x08006a3e                __hexdig_fun
 .text.__gethex
                0x08006a68      0x420 /Users/mackbook/.platformio/packages/toolchain-gccarmnoneeabi/bin/../lib/gcc/arm-none-eabi/12.3.1/../../../../arm-none-eabi/lib/thumb/v7e-m+fp/hard/libc_nano.a(libc_a-gdtoa-gethex.o)
                0x08006a68                __gethex
 .text.L_shift  0x08006e88       0x24 /Users/mackbook/.platformio/packages/toolchain-gccarmnoneeabi/bin/../lib/gcc/arm-none-eabi/12.3.1/../../../../arm-none-eabi/lib/thumb/v7e-m+fp/hard/libc_nano.a(libc_a-gdtoa-hexnan.o)
 .text.__match  0x08006eac       0x28 /Users/mackbook/.platformio/packages/toolchain-gccarmnoneeabi/bin/../lib/gcc/arm-none-eabi/12.3.1/../../../../arm-none-eabi/lib/thumb/v7e-m+fp/hard/libc_nano.a(libc_a-gdtoa-hexnan.o)
                0x08006eac                __match
 .text.__hexnan
                0x08006ed4      0x136 /Users/mackbook/.platformio/packages/toolchain-gccarmnoneeabi/bin/../lib/gcc/arm-none-eabi/12.3.1/../../../../arm-none-eabi/lib/thumb/v7e-m+fp/hard/libc_nano.a(libc_a-gdtoa-hexnan.o)
                0x08006ed4                __hexnan
 .text.__ascii_mbtowc
                0x0800700a       0x24 /Users/mackbook/.platformio/packages/toolchain-gccarmnoneeabi/bin/../lib/gcc/arm-none-eabi/12.3.1/../../../../arm-none-eabi/lib/thumb/v7e-m+fp/hard/libc_nano.a(libc_a-mbtowc_r.o)
                0x0800700a                __ascii_mbtowc
 .text._printf_common
                0x0800702e       0xda /Users/mackbook/.platformio/packages/toolchain-gccarmnoneeabi/bin/../lib/gcc/arm-none-eabi/12.3.1/../../../../arm-none-eabi/lib/thumb/v7e-m+fp/hard/libc_nano.a(libc_a-nano-vfprintf_i.o)
                0x0800702e                _printf_common
 .text._printf_i
                0x08007108      0x258 /Users/mackbook/.platformio/packages/toolchain-gccarmnoneeabi/bin/../lib/gcc/arm-none-eabi/12.3.1/../../../../arm-none-eabi/lib/thumb/v7e-m+fp/hard/libc_nano.a(libc_a-nano-vfprintf_i.o)
                0x08007108                _printf_i
 .text.__sflush_r
                0x08007360      0x108 /Users/mackbook/.platformio/packages/toolchain-gccarmnoneeabi/bin/../lib/gcc/arm-none-eabi/12.3.1/../../../../arm-none-eabi/lib/thumb/v7e-m+fp/hard/libc_nano.a(libc_a-fflush.o)
                0x08007360                __sflush_r
 .text._fflush_r
                0x08007468       0x50 /Users/mackbook/.platformio/packages/toolchain-gccarmnoneeabi/bin/../lib/gcc/arm-none-eabi/12.3.1/../../../../arm-none-eabi/lib/thumb/v7e-m+fp/hard/libc_nano.a(libc_a-fflush.o)
                0x08007468                _fflush_r
 .text._Balloc  0x080074b8       0x80 /Users/mackbook/.platformio/packages/toolchain-gccarmnoneeabi/bin/../lib/gcc/arm-none-eabi/12.3.1/../../../../arm-none-eabi/lib/thumb/v7e-m+fp/hard/libc_nano.a(libc_a-mprec.o)
                0x080074b8                _Balloc
 .text._Bfree   0x08007538       0x44 /Users/mackbook/.platformio/packages/toolchain-gccarmnoneeabi/bin/../lib/gcc/arm-none-eabi/12.3.1/../../../../arm-none-eabi/lib/thumb/v7e-m+fp/hard/libc_nano.a(libc_a-mprec.o)
                0x08007538                _Bfree
 .text.__multadd
                0x0800757c       0x8c /Users/mackbook/.platformio/packages/toolchain-gccarmnoneeabi/bin/../lib/gcc/arm-none-eabi/12.3.1/../../../../arm-none-eabi/lib/thumb/v7e-m+fp/hard/libc_nano.a(libc_a-mprec.o)
                0x0800757c                __multadd
 .text.__s2b    0x08007608       0x94 /Users/mackbook/.platformio/packages/toolchain-gccarmnoneeabi/bin/../lib/gcc/arm-none-eabi/12.3.1/../../../../arm-none-eabi/lib/thumb/v7e-m+fp/hard/libc_nano.a(libc_a-mprec.o)
                0x08007608                __s2b
 .text.__hi0bits
                0x0800769c       0x44 /Users/mackbook/.platformio/packages/toolchain-gccarmnoneeabi/bin/../lib/gcc/arm-none-eabi/12.3.1/../../../../arm-none-eabi/lib/thumb/v7e-m+fp/hard/libc_nano.a(libc_a-mprec.o)
                0x0800769c                __hi0bits
 .text.__lo0bits
                0x080076e0       0x5a /Users/mackbook/.platformio/packages/toolchain-gccarmnoneeabi/bin/../lib/gcc/arm-none-eabi/12.3.1/../../../../arm-none-eabi/lib/thumb/v7e-m+fp/hard/libc_nano.a(libc_a-mprec.o)
                0x080076e0                __lo0bits
 *fill*         0x0800773a        0x2 
 .text.__i2b    0x0800773c       0x2c /Users/mackbook/.platformio/packages/toolchain-gccarmnoneeabi/bin/../lib/gcc/arm-none-eabi/12.3.1/../../../../arm-none-eabi/lib/thumb/v7e-m+fp/hard/libc_nano.a(libc_a-mprec.o)
                0x0800773c                __i2b
 .text.__multiply
                0x08007768      0x154 /Users/mackbook/.platformio/packages/toolchain-gccarmnoneeabi/bin/../lib/gcc/arm-none-eabi/12.3.1/../../../../arm-none-eabi/lib/thumb/v7e-m+fp/hard/libc_nano.a(libc_a-mprec.o)
                0x08007768                __multiply
 .text.__pow5mult
                0x080078bc       0xb4 /Users/mackbook/.platformio/packages/toolchain-gccarmnoneeabi/bin/../lib/gcc/arm-none-eabi/12.3.1/../../../../arm-none-eabi/lib/thumb/v7e-m+fp/hard/libc_nano.a(libc_a-mprec.o)
                0x080078bc                __pow5mult
 .text.__lshift
                0x08007970       0xd8 /Users/mackbook/.platformio/packages/toolchain-gccarmnoneeabi/bin/../lib/gcc/arm-none-eabi/12.3.1/../../../../arm-none-eabi/lib/thumb/v7e-m+fp/hard/libc_nano.a(libc_a-mprec.o)
                0x08007970                __lshift
 .text.__mcmp   0x08007a48       0x36 /Users/mackbook/.platformio/packages/toolchain-gccarmnoneeabi/bin/../lib/gcc/arm-none-eabi/12.3.1/../../../../arm-none-eabi/lib/thumb/v7e-m+fp/hard/libc_nano.a(libc_a-mprec.o)
                0x08007a48                __mcmp
 *fill*         0x08007a7e        0x2 
 .text.__mdiff  0x08007a80      0x128 /Users/mackbook/.platformio/packages/toolchain-gccarmnoneeabi/bin/../lib/gcc/arm-none-eabi/12.3.1/../../../../arm-none-eabi/lib/thumb/v7e-m+fp/hard/libc_nano.a(libc_a-mprec.o)
                0x08007a80                __mdiff
 .text.__ulp    0x08007ba8       0x4c /Users/mackbook/.platformio/packages/toolchain-gccarmnoneeabi/bin/../lib/gcc/arm-none-eabi/12.3.1/../../../../arm-none-eabi/lib/thumb/v7e-m+fp/hard/libc_nano.a(libc_a-mprec.o)
                0x08007ba8                __ulp
 .text.__b2d    0x08007bf4       0x94 /Users/mackbook/.platformio/packages/toolchain-gccarmnoneeabi/bin/../lib/gcc/arm-none-eabi/12.3.1/../../../../arm-none-eabi/lib/thumb/v7e-m+fp/hard/libc_nano.a(libc_a-mprec.o)
                0x08007bf4                __b2d
 .text.__d2b    0x08007c88       0xb0 /Users/mackbook/.platformio/packages/toolchain-gccarmnoneeabi/bin/../lib/gcc/arm-none-eabi/12.3.1/../../../../arm-none-eabi/lib/thumb/v7e-m+fp/hard/libc_nano.a(libc_a-mprec.o)
                0x08007c88                __d2b
 .text.__ratio  0x08007d38       0x64 /Users/mackbook/.platformio/packages/toolchain-gccarmnoneeabi/bin/../lib/gcc/arm-none-eabi/12.3.1/../../../../arm-none-eabi/lib/thumb/v7e-m+fp/hard/libc_nano.a(libc_a-mprec.o)
                0x08007d38                __ratio
 .text.__copybits
                0x08007d9c       0x46 /Users/mackbook/.platformio/packages/toolchain-gccarmnoneeabi/bin/../lib/gcc/arm-none-eabi/12.3.1/../../../../arm-none-eabi/lib/thumb/v7e-m+fp/hard/libc_nano.a(libc_a-mprec.o)
                0x08007d9c                __copybits
 .text.__any_on
                0x08007de2       0x42 /Users/mackbook/.platformio/packages/toolchain-gccarmnoneeabi/bin/../lib/gcc/arm-none-eabi/12.3.1/../../../../arm-none-eabi/lib/thumb/v7e-m+fp/hard/libc_nano.a(libc_a-mprec.o)
                0x08007de2                __any_on
 .text.__sread  0x08007e24       0x22 /Users/mackbook/.platformio/packages/toolchain-gccarmnoneeabi/bin/../lib/gcc/arm-none-eabi/12.3.1/../../../../arm-none-eabi/lib/thumb/v7e-m+fp/hard/libc_nano.a(libc_a-stdio.o)
                0x08007e24                __sread
 .text.__swrite
                0x08007e46       0x38 /Users/mackbook/.platformio/packages/toolchain-gccarmnoneeabi/bin/../lib/gcc/arm-none-eabi/12.3.1/../../../../arm-none-eabi/lib/thumb/v7e-m+fp/hard/libc_nano.a(libc_a-stdio.o)
                0x08007e46                __swrite
 .text.__sseek  0x08007e7e       0x24 /Users/mackbook/.platformio/packages/toolchain-gccarmnoneeabi/bin/../lib/gcc/arm-none-eabi/12.3.1/../../../../arm-none-eabi/lib/thumb/v7e-m+fp/hard/libc_nano.a(libc_a-stdio.o)
                0x08007e7e                __sseek
 .text.__sclose
                0x08007ea2        0x8 /Users/mackbook/.platformio/packages/toolchain-gccarmnoneeabi/bin/../lib/gcc/arm-none-eabi/12.3.1/../../../../arm-none-eabi/lib/thumb/v7e-m+fp/hard/libc_nano.a(libc_a-stdio.o)
                0x08007ea2                __sclose
 .text.__ascii_wctomb
                0x08007eaa       0x1a /Users/mackbook/.platformio/packages/toolchain-gccarmnoneeabi/bin/../lib/gcc/arm-none-eabi/12.3.1/../../../../arm-none-eabi/lib/thumb/v7e-m+fp/hard/libc_nano.a(libc_a-wctomb_r.o)
                0x08007eaa                __ascii_wctomb
 .text._close_r
                0x08007ec4       0x20 /Users/mackbook/.platformio/packages/toolchain-gccarmnoneeabi/bin/../lib/gcc/arm-none-eabi/12.3.1/../../../../arm-none-eabi/lib/thumb/v7e-m+fp/hard/libc_nano.a(libc_a-closer.o)
                0x08007ec4                _close_r
 .text._lseek_r
                0x08007ee4       0x24 /Users/mackbook/.platformio/packages/toolchain-gccarmnoneeabi/bin/../lib/gcc/arm-none-eabi/12.3.1/../../../../arm-none-eabi/lib/thumb/v7e-m+fp/hard/libc_nano.a(libc_a-lseekr.o)
                0x08007ee4                _lseek_r
 .text._read_r  0x08007f08       0x24 /Users/mackbook/.platformio/packages/toolchain-gccarmnoneeabi/bin/../lib/gcc/arm-none-eabi/12.3.1/../../../../arm-none-eabi/lib/thumb/v7e-m+fp/hard/libc_nano.a(libc_a-readr.o)
                0x08007f08                _read_r
 .text.__assert_func
                0x08007f2c       0x3c /Users/mackbook/.platformio/packages/toolchain-gccarmnoneeabi/bin/../lib/gcc/arm-none-eabi/12.3.1/../../../../arm-none-eabi/lib/thumb/v7e-m+fp/hard/libc_nano.a(libc_a-assert.o)
                0x08007f2c                __assert_func
 .text._calloc_r
                0x08007f68       0x28 /Users/mackbook/.platformio/packages/toolchain-gccarmnoneeabi/bin/../lib/gcc/arm-none-eabi/12.3.1/../../../../arm-none-eabi/lib/thumb/v7e-m+fp/hard/libc_nano.a(libc_a-callocr.o)
                0x08007f68                _calloc_r
 .text.fprintf  0x08007f90       0x24 /Users/mackbook/.platformio/packages/toolchain-gccarmnoneeabi/bin/../lib/gcc/arm-none-eabi/12.3.1/../../../../arm-none-eabi/lib/thumb/v7e-m+fp/hard/libc_nano.a(libc_a-fprintf.o)
                0x08007f90                fprintf
                0x08007f90                fiprintf
 .text.__sfputc_r
                0x08007fb4       0x2e /Users/mackbook/.platformio/packages/toolchain-gccarmnoneeabi/bin/../lib/gcc/arm-none-eabi/12.3.1/../../../../arm-none-eabi/lib/thumb/v7e-m+fp/hard/libc_nano.a(libc_a-nano-vfprintf.o)
 .text.__sfputs_r
                0x08007fe2       0x24 /Users/mackbook/.platformio/packages/toolchain-gccarmnoneeabi/bin/../lib/gcc/arm-none-eabi/12.3.1/../../../../arm-none-eabi/lib/thumb/v7e-m+fp/hard/libc_nano.a(libc_a-nano-vfprintf.o)
                0x08007fe2                __sfputs_r
 *fill*         0x08008006        0x2 
 .text._vfprintf_r
                0x08008008      0x230 /Users/mackbook/.platformio/packages/toolchain-gccarmnoneeabi/bin/../lib/gcc/arm-none-eabi/12.3.1/../../../../arm-none-eabi/lib/thumb/v7e-m+fp/hard/libc_nano.a(libc_a-nano-vfprintf.o)
                0x08008008                _vfiprintf_r
                0x08008008                _vfprintf_r
 .text.__swbuf_r
                0x08008238       0x7c /Users/mackbook/.platformio/packages/toolchain-gccarmnoneeabi/bin/../lib/gcc/arm-none-eabi/12.3.1/../../../../arm-none-eabi/lib/thumb/v7e-m+fp/hard/libc_nano.a(libc_a-wbuf.o)
                0x08008238                __swbuf_r
 .text.__swsetup_r
                0x080082b4       0xac /Users/mackbook/.platformio/packages/toolchain-gccarmnoneeabi/bin/../lib/gcc/arm-none-eabi/12.3.1/../../../../arm-none-eabi/lib/thumb/v7e-m+fp/hard/libc_nano.a(libc_a-wsetup.o)
                0x080082b4                __swsetup_r
 .text.__swhatbuf_r
                0x08008360       0x4c /Users/mackbook/.platformio/packages/toolchain-gccarmnoneeabi/bin/../lib/gcc/arm-none-eabi/12.3.1/../../../../arm-none-eabi/lib/thumb/v7e-m+fp/hard/libc_nano.a(libc_a-makebuf.o)
                0x08008360                __swhatbuf_r
 .text.__smakebuf_r
                0x080083ac       0x78 /Users/mackbook/.platformio/packages/toolchain-gccarmnoneeabi/bin/../lib/gcc/arm-none-eabi/12.3.1/../../../../arm-none-eabi/lib/thumb/v7e-m+fp/hard/libc_nano.a(libc_a-makebuf.o)
                0x080083ac                __smakebuf_r
 .text._fstat_r
                0x08008424       0x24 /Users/mackbook/.platformio/packages/toolchain-gccarmnoneeabi/bin/../lib/gcc/arm-none-eabi/12.3.1/../../../../arm-none-eabi/lib/thumb/v7e-m+fp/hard/libc_nano.a(libc_a-fstatr.o)
                0x08008424                _fstat_r
 .text._isatty_r
                0x08008448       0x20 /Users/mackbook/.platformio/packages/toolchain-gccarmnoneeabi/bin/../lib/gcc/arm-none-eabi/12.3.1/../../../../arm-none-eabi/lib/thumb/v7e-m+fp/hard/libc_nano.a(libc_a-isattyr.o)
                0x08008448                _isatty_r
 .text.__fixdfdi
                0x08008468       0x30 /Users/mackbook/.platformio/packages/toolchain-gccarmnoneeabi/bin/../lib/gcc/arm-none-eabi/12.3.1/thumb/v7e-m+fp/hard/libgcc.a(_fixdfdi.o)
                0x08008468                __aeabi_d2lz
                0x08008468                __fixdfdi
 .text.__fixunsdfdi
                0x08008498       0x3c /Users/mackbook/.platformio/packages/toolchain-gccarmnoneeabi/bin/../lib/gcc/arm-none-eabi/12.3.1/thumb/v7e-m+fp/hard/libgcc.a(_fixunsdfdi.o)
                0x08008498                __aeabi_d2ulz
                0x08008498                __fixunsdfdi
 *(.glue_7)
 .glue_7        0x080084d4        0x0 linker stubs
 *(.glue_7t)
 .glue_7t       0x080084d4        0x0 linker stubs
 *(.eh_frame)
 .eh_frame      0x080084d4        0x0 /Users/mackbook/.platformio/packages/toolchain-gccarmnoneeabi/bin/../lib/gcc/arm-none-eabi/12.3.1/thumb/v7e-m+fp/hard/crtbegin.o
 *(.init)
 .init          0x080084d4        0x4 /Users/mackbook/.platformio/packages/toolchain-gccarmnoneeabi/bin/../lib/gcc/arm-none-eabi/12.3.1/thumb/v7e-m+fp/hard/crti.o
                0x080084d4                _init
 .init          0x080084d8        0x8 /Users/mackbook/.platformio/packages/toolchain-gccarmnoneeabi/bin/../lib/gcc/arm-none-eabi/12.3.1/thumb/v7e-m+fp/hard/crtn.o
 *(.fini)
 .fini          0x080084e0        0x4 /Users/mackbook/.platformio/packages/toolchain-gccarmnoneeabi/bin/../lib/gcc/arm-none-eabi/12.3.1/thumb/v7e-m+fp/hard/crti.o
                0x080084e0                _fini
 .fini          0x080084e4        0x8 /Users/mackbook/.platformio/packages/toolchain-gccarmnoneeabi/bin/../lib/gcc/arm-none-eabi/12.3.1/thumb/v7e-m+fp/hard/crtn.o
                0x080084ec                        . = ALIGN (0x4)
                0x080084ec                        _etext = .

.vfp11_veneer   0x080084ec        0x0
 .vfp11_veneer  0x080084ec        0x0 linker stubs

.v4_bx          0x080084ec        0x0
 .v4_bx         0x080084ec        0x0 linker stubs

.iplt           0x080084ec        0x0
 .iplt          0x080084ec        0x0 /Users/mackbook/.platformio/packages/toolchain-gccarmnoneeabi/bin/../lib/gcc/arm-none-eabi/12.3.1/thumb/v7e-m+fp/hard/crtbegin.o

.rodata         0x080084f0      0xd40
                0x080084f0                        . = ALIGN (0x4)
 *(.rodata)
 *(.rodata*)
 .rodata.PinMap_UART_CTS
                0x080084f0       0x24 .pio/build/stm32f401/FrameworkArduinoVariant/PeripheralPins.c.o
                0x080084f0                PinMap_UART_CTS
 .rodata.PinMap_UART_RTS
                0x08008514       0x24 .pio/build/stm32f401/FrameworkArduinoVariant/PeripheralPins.c.o
                0x08008514                PinMap_UART_RTS
 .rodata.PinMap_UART_RX
                0x08008538       0x48 .pio/build/stm32f401/FrameworkArduinoVariant/PeripheralPins.c.o
                0x08008538                PinMap_UART_RX
 .rodata.PinMap_UART_TX
                0x08008580       0x48 .pio/build/stm32f401/FrameworkArduinoVariant/PeripheralPins.c.o
                0x08008580                PinMap_UART_TX
 .rodata.PinMap_TIM
                0x080085c8      0x1ec .pio/build/stm32f401/FrameworkArduinoVariant/PeripheralPins.c.o
                0x080085c8                PinMap_TIM
 .rodata.analogInputPin
                0x080087b4       0x40 .pio/build/stm32f401/FrameworkArduinoVariant/variant_generic.cpp.o
                0x080087b4                analogInputPin
 .rodata.digitalPin
                0x080087f4       0xc8 .pio/build/stm32f401/FrameworkArduinoVariant/variant_generic.cpp.o
                0x080087f4                digitalPin
 .rodata.pin_map_ll
                0x080088bc       0x40 .pio/build/stm32f401/SrcWrapper/src/stm32/pinmap.c.o
                0x080088bc                pin_map_ll
 .rodata.APBPrescTable
                0x080088fc        0x8 .pio/build/stm32f401/SrcWrapper/src/stm32/system_stm32yyxx.c.o
                0x080088fc                APBPrescTable
 .rodata.AHBPrescTable
                0x08008904       0x10 .pio/build/stm32f401/SrcWrapper/src/stm32/system_stm32yyxx.c.o
                0x08008904                AHBPrescTable
 .rodata._ZN10jsonparser23parse_json_to_appconfigERKSt6vectorIhSaIhEER9AppConfig.str1.1
                0x08008914      0x105 .pio/build/stm32f401/src/board_a/json_parser.cpp.o
 .rodata._ZL18debug_print_configv.str1.1
                0x08008a19      0x136 .pio/build/stm32f401/src/board_a/main.cpp.o
                                0x138 (size before relaxing)
 .rodata._ZL9print_hexPKhj.str1.1
                0x08008b4f       0x11 .pio/build/stm32f401/src/board_a/main.cpp.o
 .rodata._ZNSt6vectorIhSaIhEE7reserveEj.str1.1
                0x08008b60       0x10 .pio/build/stm32f401/src/board_a/main.cpp.o
 .rodata._ZNSt6vectorIhSaIhEE9push_backERKh.str1.1
                0x08008b70       0x1a .pio/build/stm32f401/src/board_a/main.cpp.o
 .rodata.setup.str1.1
                0x08008b8a       0x98 .pio/build/stm32f401/src/board_a/main.cpp.o
 .rodata._Z20process_valid_packetv.str1.1
                0x08008c22       0xcb .pio/build/stm32f401/src/board_a/main.cpp.o
 .rodata.loop.str1.1
                0x08008ced       0x14 .pio/build/stm32f401/src/board_a/main.cpp.o
 .rodata._Z20pack_appconfig_frameRK9AppConfigPhj.part.0.str1.1
                0x08008d01       0x1c .pio/build/stm32f401/src/board_a/protocol.cpp.o
 .rodata._Z24build_and_print_frame_v2RK9AppConfig.str1.1
                0x08008d1d       0x19 .pio/build/stm32f401/src/board_a/protocol.cpp.o
                                 0x2a (size before relaxing)
 .rodata.CSWTCH.73
                0x08008d36        0x5 .pio/build/stm32f401/libFrameworkArduino.a(HardwareSerial.cpp.o)
 *fill*         0x08008d3b        0x1 
 .rodata._ZTV14HardwareSerial
                0x08008d3c       0x2c .pio/build/stm32f401/libFrameworkArduino.a(HardwareSerial.cpp.o)
                0x08008d3c                vtable for HardwareSerial
 .rodata._ZN5Print7printlnEv.str1.1
                0x08008d68        0x3 .pio/build/stm32f401/libFrameworkArduino.a(Print.cpp.o)
 .rodata._ZN5Print10printFloatIfEEjT_h.str1.1
                0x08008d68        0xc .pio/build/stm32f401/libFrameworkArduino.a(Print.cpp.o)
 .rodata._ZNSt7__cxx1112basic_stringIcSt11char_traitsIcESaIcEE9_M_createERjj.str1.1
                0x08008d74       0x18 /Users/mackbook/.platformio/packages/toolchain-gccarmnoneeabi/bin/../lib/gcc/arm-none-eabi/12.3.1/../../../../arm-none-eabi/lib/thumb/v7e-m+fp/hard/libstdc++_nano.a(string-inst.o)
 .rodata._ZNKSt7__cxx1112basic_stringIcSt11char_traitsIcESaIcEE8_M_checkEjPKc.str1.1
                0x08008d8c       0x37 /Users/mackbook/.platformio/packages/toolchain-gccarmnoneeabi/bin/../lib/gcc/arm-none-eabi/12.3.1/../../../../arm-none-eabi/lib/thumb/v7e-m+fp/hard/libstdc++_nano.a(string-inst.o)
 .rodata._ZNSt7__cxx1112basic_stringIcSt11char_traitsIcESaIcEEC2ERKS4_jRKS3_.str1.1
                0x08008dc3       0x1b /Users/mackbook/.platformio/packages/toolchain-gccarmnoneeabi/bin/../lib/gcc/arm-none-eabi/12.3.1/../../../../arm-none-eabi/lib/thumb/v7e-m+fp/hard/libstdc++_nano.a(string-inst.o)
 .rodata._ZNKSt7__cxx1112basic_stringIcSt11char_traitsIcESaIcEE6substrEjj.str1.1
                0x08008dde       0x15 /Users/mackbook/.platformio/packages/toolchain-gccarmnoneeabi/bin/../lib/gcc/arm-none-eabi/12.3.1/../../../../arm-none-eabi/lib/thumb/v7e-m+fp/hard/libstdc++_nano.a(string-inst.o)
 .rodata._strtod_l.str1.1
                0x08008df3        0x8 /Users/mackbook/.platformio/packages/toolchain-gccarmnoneeabi/bin/../lib/gcc/arm-none-eabi/12.3.1/../../../../arm-none-eabi/lib/thumb/v7e-m+fp/hard/libc_nano.a(libc_a-strtod.o)
                                  0xf (size before relaxing)
 *fill*         0x08008dfb        0x1 
 .rodata.fpinan.0
                0x08008dfc       0x14 /Users/mackbook/.platformio/packages/toolchain-gccarmnoneeabi/bin/../lib/gcc/arm-none-eabi/12.3.1/../../../../arm-none-eabi/lib/thumb/v7e-m+fp/hard/libc_nano.a(libc_a-strtod.o)
 .rodata.fpi.1  0x08008e10       0x14 /Users/mackbook/.platformio/packages/toolchain-gccarmnoneeabi/bin/../lib/gcc/arm-none-eabi/12.3.1/../../../../arm-none-eabi/lib/thumb/v7e-m+fp/hard/libc_nano.a(libc_a-strtod.o)
 *fill*         0x08008e24        0x4 
 .rodata.tinytens
                0x08008e28       0x28 /Users/mackbook/.platformio/packages/toolchain-gccarmnoneeabi/bin/../lib/gcc/arm-none-eabi/12.3.1/../../../../arm-none-eabi/lib/thumb/v7e-m+fp/hard/libc_nano.a(libc_a-strtod.o)
 .rodata._setlocale_r.str1.1
                0x08008e50        0x8 /Users/mackbook/.platformio/packages/toolchain-gccarmnoneeabi/bin/../lib/gcc/arm-none-eabi/12.3.1/../../../../arm-none-eabi/lib/thumb/v7e-m+fp/hard/libc_nano.a(libc_a-locale.o)
                                  0x9 (size before relaxing)
 .rodata.str1.1
                0x08008e58        0x2 /Users/mackbook/.platformio/packages/toolchain-gccarmnoneeabi/bin/../lib/gcc/arm-none-eabi/12.3.1/../../../../arm-none-eabi/lib/thumb/v7e-m+fp/hard/libc_nano.a(libc_a-locale.o)
 .rodata._ctype_
                0x08008e58      0x101 /Users/mackbook/.platformio/packages/toolchain-gccarmnoneeabi/bin/../lib/gcc/arm-none-eabi/12.3.1/../../../../arm-none-eabi/lib/thumb/v7e-m+fp/hard/libc_nano.a(libc_a-ctype_.o)
                0x08008e58                _ctype_
 .rodata.__gethex.str1.1
                0x08008f59       0xbd /Users/mackbook/.platformio/packages/toolchain-gccarmnoneeabi/bin/../lib/gcc/arm-none-eabi/12.3.1/../../../../arm-none-eabi/lib/thumb/v7e-m+fp/hard/libc_nano.a(libc_a-gdtoa-gethex.o)
                                 0xbf (size before relaxing)
 .rodata._printf_i.str1.1
                0x08009016       0x11 /Users/mackbook/.platformio/packages/toolchain-gccarmnoneeabi/bin/../lib/gcc/arm-none-eabi/12.3.1/../../../../arm-none-eabi/lib/thumb/v7e-m+fp/hard/libc_nano.a(libc_a-nano-vfprintf_i.o)
                                 0x22 (size before relaxing)
 .rodata._Balloc.str1.1
                0x08009027       0xbc /Users/mackbook/.platformio/packages/toolchain-gccarmnoneeabi/bin/../lib/gcc/arm-none-eabi/12.3.1/../../../../arm-none-eabi/lib/thumb/v7e-m+fp/hard/libc_nano.a(libc_a-mprec.o)
 .rodata.__multadd.str1.1
                0x080090e3       0x11 /Users/mackbook/.platformio/packages/toolchain-gccarmnoneeabi/bin/../lib/gcc/arm-none-eabi/12.3.1/../../../../arm-none-eabi/lib/thumb/v7e-m+fp/hard/libc_nano.a(libc_a-mprec.o)
 *fill*         0x080090e3        0x1 
 .rodata.p05.0  0x080090e4        0xc /Users/mackbook/.platformio/packages/toolchain-gccarmnoneeabi/bin/../lib/gcc/arm-none-eabi/12.3.1/../../../../arm-none-eabi/lib/thumb/v7e-m+fp/hard/libc_nano.a(libc_a-mprec.o)
 .rodata.__mprec_bigtens
                0x080090f0       0x28 /Users/mackbook/.platformio/packages/toolchain-gccarmnoneeabi/bin/../lib/gcc/arm-none-eabi/12.3.1/../../../../arm-none-eabi/lib/thumb/v7e-m+fp/hard/libc_nano.a(libc_a-mprec.o)
                0x080090f0                __mprec_bigtens
 .rodata.__mprec_tens
                0x08009118       0xc8 /Users/mackbook/.platformio/packages/toolchain-gccarmnoneeabi/bin/../lib/gcc/arm-none-eabi/12.3.1/../../../../arm-none-eabi/lib/thumb/v7e-m+fp/hard/libc_nano.a(libc_a-mprec.o)
                0x08009118                __mprec_tens
 .rodata.__assert_func.str1.1
                0x080091e0       0x3c /Users/mackbook/.platformio/packages/toolchain-gccarmnoneeabi/bin/../lib/gcc/arm-none-eabi/12.3.1/../../../../arm-none-eabi/lib/thumb/v7e-m+fp/hard/libc_nano.a(libc_a-assert.o)
                                 0x3d (size before relaxing)
 .rodata._vfprintf_r.str1.1