Archive member included to satisfy reference by file (symbol)

.pio/build/stm32f405/libFrameworkArduino.a(main.cpp.o)
                              /Users/mackbook/.platformio/packages/toolchain-gccarmnoneeabi/bin/../lib/gcc/arm-none-eabi/12.3.1/../../../../arm-none-eabi/lib/thumb/v7e-m+fp/hard/crt0.o (main)
.pio/build/stm32f405/libFrameworkArduino.a(startup_stm32yyxx.S.o)
                              (Reset_Handler)
.pio/build/stm32f405/libFrameworkArduino.a(wiring_time.c.o)
                              .pio/build/stm32f405/src/board_b/main.cpp.o (delay)
.pio/build/stm32f405/libFrameworkArduino.a(WSerial.cpp.o)
                              .pio/build/stm32f405/libFrameworkArduino.a(main.cpp.o) (serialEventRun())
.pio/build/stm32f405/libFrameworkArduino.a(board.c.o)
                              .pio/build/stm32f405/libFrameworkArduino.a(main.cpp.o) (init)
.pio/build/stm32f405/libFrameworkArduino.a(hooks.c.o)
                              .pio/build/stm32f405/libFrameworkArduino.a(wiring_time.c.o) (yield)
.pio/build/stm32f405/libFrameworkArduino.a(HardwareSerial.cpp.o)
                              .pio/build/stm32f405/libFrameworkArduino.a(WSerial.cpp.o) (HardwareSerial::available())
.pio/build/stm32f405/libFrameworkArduino.a(Stream.cpp.o)
                              .pio/build/stm32f405/libFrameworkArduino.a(HardwareSerial.cpp.o) (Stream::readBytes(char*, unsigned int))
.pio/build/stm32f405/libFrameworkArduino.a(WString.cpp.o)
                              .pio/build/stm32f405/libFrameworkArduino.a(Stream.cpp.o) (String::String(char const*))
.pio/build/stm32f405/libFrameworkArduino.a(dtostrf.c.o)
                              .pio/build/stm32f405/libFrameworkArduino.a(WString.cpp.o) (dtostrf)
.pio/build/stm32f405/libFrameworkArduino.a(itoa.c.o)
                              .pio/build/stm32f405/libFrameworkArduino.a(WString.cpp.o) (ltoa)
.pio/build/stm32f405/libFrameworkArduino.a(Print.cpp.o)
                              .pio/build/stm32f405/libFrameworkArduino.a(Stream.cpp.o) (Print::write(unsigned char const*, unsigned int))
/Users/mackbook/.platformio/packages/toolchain-gccarmnoneeabi/bin/../lib/gcc/arm-none-eabi/12.3.1/thumb/v7e-m+fp/hard/libgcc.a(_arm_muldf3.o)
                              .pio/build/stm32f405/SrcWrapper/src/HardwareTimer.cpp.o (__aeabi_dmul)
/Users/mackbook/.platformio/packages/toolchain-gccarmnoneeabi/bin/../lib/gcc/arm-none-eabi/12.3.1/thumb/v7e-m+fp/hard/libgcc.a(_arm_addsubdf3.o)
                              .pio/build/stm32f405/libFrameworkArduino.a(dtostrf.c.o) (__aeabi_dsub)
/Users/mackbook/.platformio/packages/toolchain-gccarmnoneeabi/bin/../lib/gcc/arm-none-eabi/12.3.1/thumb/v7e-m+fp/hard/libgcc.a(_arm_muldivdf3.o)
                              .pio/build/stm32f405/SrcWrapper/src/HardwareTimer.cpp.o (__aeabi_ddiv)
/Users/mackbook/.platformio/packages/toolchain-gccarmnoneeabi/bin/../lib/gcc/arm-none-eabi/12.3.1/thumb/v7e-m+fp/hard/libgcc.a(_arm_cmpdf2.o)
                              .pio/build/stm32f405/libFrameworkArduino.a(dtostrf.c.o) (__aeabi_dcmplt)
/Users/mackbook/.platformio/packages/toolchain-gccarmnoneeabi/bin/../lib/gcc/arm-none-eabi/12.3.1/thumb/v7e-m+fp/hard/libgcc.a(_arm_unorddf2.o)
                              .pio/build/stm32f405/libFrameworkArduino.a(Print.cpp.o) (__aeabi_dcmpun)
/Users/mackbook/.platformio/packages/toolchain-gccarmnoneeabi/bin/../lib/gcc/arm-none-eabi/12.3.1/thumb/v7e-m+fp/hard/libgcc.a(_arm_fixdfsi.o)
                              .pio/build/stm32f405/libFrameworkArduino.a(dtostrf.c.o) (__aeabi_d2iz)
/Users/mackbook/.platformio/packages/toolchain-gccarmnoneeabi/bin/../lib/gcc/arm-none-eabi/12.3.1/thumb/v7e-m+fp/hard/libgcc.a(_arm_fixunsdfsi.o)
                              .pio/build/stm32f405/SrcWrapper/src/HardwareTimer.cpp.o (__aeabi_d2uiz)
/Users/mackbook/.platformio/packages/toolchain-gccarmnoneeabi/bin/../lib/gcc/arm-none-eabi/12.3.1/thumb/v7e-m+fp/hard/libgcc.a(_arm_truncdfsf2.o)
                              .pio/build/stm32f405/libFrameworkArduino.a(Stream.cpp.o) (__aeabi_d2f)
/Users/mackbook/.platformio/packages/toolchain-gccarmnoneeabi/bin/../lib/gcc/arm-none-eabi/12.3.1/thumb/v7e-m+fp/hard/libgcc.a(_aeabi_ldivmod.o)
                              .pio/build/stm32f405/SrcWrapper/src/HAL/stm32yyxx_hal_rcc.c.o (__aeabi_ldivmod)
/Users/mackbook/.platformio/packages/toolchain-gccarmnoneeabi/bin/../lib/gcc/arm-none-eabi/12.3.1/thumb/v7e-m+fp/hard/libgcc.a(_aeabi_uldivmod.o)
                              .pio/build/stm32f405/SrcWrapper/src/HAL/stm32yyxx_hal_rcc.c.o (__aeabi_uldivmod)
/Users/mackbook/.platformio/packages/toolchain-gccarmnoneeabi/bin/../lib/gcc/arm-none-eabi/12.3.1/thumb/v7e-m+fp/hard/libgcc.a(_udivmoddi4.o)
                              /Users/mackbook/.platformio/packages/toolchain-gccarmnoneeabi/bin/../lib/gcc/arm-none-eabi/12.3.1/thumb/v7e-m+fp/hard/libgcc.a(_aeabi_ldivmod.o) (__udivmoddi4)
[...]
Memory Configuration

Name             Origin             Length             Attributes
*default*        0x00000000         0xffffffff
CCMRAM           0x10000000         0x00010000         xrw
RAM              0x20000000         0x00020000         xrw
FLASH            0x08000000         0x00100000         xr

Linker script and memory map

                0x20020000                        _estack = (ORIGIN (RAM) + LENGTH (RAM))
                0x00000200                        _Min_Heap_Size = 0x200
                0x00000400                        _Min_Stack_Size = 0x400

.isr_vector     0x08000000      0x188
                0x08000000                        . = ALIGN (0x4)
 *(.isr_vector)
 .isr_vector    0x08000000      0x188 .pio/build/stm32f405/libFrameworkArduino.a(startup_stm32yyxx.S.o)
                0x08000000                g_pfnVectors
                0x08000188                        . = ALIGN (0x4)

.text           0x08000190     0x5f54
                0x08000190                        . = ALIGN (0x4)
 *(.text)
 .text          0x08000190      0x378 /Users/mackbook/.platformio/packages/toolchain-gccarmnoneeabi/bin/../lib/gcc/arm-none-eabi/12.3.1/thumb/v7e-m+fp/hard/libgcc.a(_arm_addsubdf3.o)
                0x08000190                __aeabi_drsub
                0x08000198                __subdf3
                0x08000198                __aeabi_dsub
                0x0800019c                __aeabi_dadd
                0x0800019c                __adddf3
                0x08000414                __aeabi_ui2d
                0x08000414                __floatunsidf
                0x08000434                __floatsidf
                0x08000434                __aeabi_i2d
                0x08000458                __extendsfdf2
                0x08000458                __aeabi_f2d
                0x0800049c                __aeabi_ul2d
                0x0800049c                __floatundidf
                0x080004ac                __aeabi_l2d
                0x080004ac                __floatdidf
 .text          0x08000508       0x30 /Users/mackbook/.platformio/packages/toolchain-gccarmnoneeabi/bin/../lib/gcc/arm-none-eabi/12.3.1/thumb/v7e-m+fp/hard/libgcc.a(_aeabi_uldivmod.o)
                0x08000508                __aeabi_uldivmod
 .text          0x08000538        0x4 /Users/mackbook/.platformio/packages/toolchain-gccarmnoneeabi/bin/../lib/gcc/arm-none-eabi/12.3.1/thumb/v7e-m+fp/hard/libgcc.a(_dvmd_tls.o)
                0x08000538                __aeabi_ldiv0
                0x08000538                __aeabi_idiv0
 .text          0x0800053c       0x10 /Users/mackbook/.platformio/packages/toolchain-gccarmnoneeabi/bin/../lib/gcc/arm-none-eabi/12.3.1/../../../../arm-none-eabi/lib/thumb/v7e-m+fp/hard/libc_nano.a(libc_a-strlen.o)
                0x0800053c                strlen
 *fill*         0x0800054c        0x4 
 .text          0x08000550       0xa0 /Users/mackbook/.platformio/packages/toolchain-gccarmnoneeabi/bin/../lib/gcc/arm-none-eabi/12.3.1/../../../../arm-none-eabi/lib/thumb/v7e-m+fp/hard/libc_nano.a(libc_a-memchr.o)
                0x08000550                memchr
 *(.text*)
 .text.__do_global_dtors_aux
                0x080005f0       0x24 /Users/mackbook/.platformio/packages/toolchain-gccarmnoneeabi/bin/../lib/gcc/arm-none-eabi/12.3.1/thumb/v7e-m+fp/hard/crtbegin.o
 .text.frame_dummy
                0x08000614       0x1c /Users/mackbook/.platformio/packages/toolchain-gccarmnoneeabi/bin/../lib/gcc/arm-none-eabi/12.3.1/thumb/v7e-m+fp/hard/crtbegin.o
 .text.SystemClock_Config
                0x08000630       0x9c .pio/build/stm32f405/FrameworkArduinoVariant/generic_clock.c.o
                0x08000630                SystemClock_Config
 .text.HAL_MspInit
                0x080006cc        0x2 .pio/build/stm32f405/SrcWrapper/src/HAL/stm32yyxx_hal.c.o
                0x080006cc                HAL_MspInit
 *fill*         0x080006ce        0x2 
 .text.HAL_InitTick
                0x080006d0       0x48 .pio/build/stm32f405/SrcWrapper/src/HAL/stm32yyxx_hal.c.o
                0x080006d0                HAL_InitTick
 .text.HAL_Init
                0x08000718       0x34 .pio/build/stm32f405/SrcWrapper/src/HAL/stm32yyxx_hal.c.o
                0x08000718                HAL_Init
 .text.HAL_IncTick
                0x0800074c       0x18 .pio/build/stm32f405/SrcWrapper/src/HAL/stm32yyxx_hal.c.o
                0x0800074c                HAL_IncTick
 .text.HAL_GetTick
                0x08000764        0xc .pio/build/stm32f405/SrcWrapper/src/HAL/stm32yyxx_hal.c.o
                0x08000764                HAL_GetTick
 .text.HAL_Delay
                0x08000770       0x28 .pio/build/stm32f405/SrcWrapper/src/HAL/stm32yyxx_hal.c.o
                0x08000770                HAL_Delay
 .text.HAL_ADC_Init
                0x08000798      0x14c .pio/build/stm32f405/SrcWrapper/src/HAL/stm32yyxx_hal_adc.c.o
                0x08000798                HAL_ADC_Init
 .text.HAL_ADC_Start
                0x080008e4       0xfc .pio/build/stm32f405/SrcWrapper/src/HAL/stm32yyxx_hal_adc.c.o
                0x080008e4                HAL_ADC_Start
 .text.HAL_ADC_Stop
                0x080009e0       0x36 .pio/build/stm32f405/SrcWrapper/src/HAL/stm32yyxx_hal_adc.c.o
                0x080009e0                HAL_ADC_Stop
 .text.HAL_ADC_PollForConversion
                0x08000a16       0xa6 .pio/build/stm32f405/SrcWrapper/src/HAL/stm32yyxx_hal_adc.c.o
                0x08000a16                HAL_ADC_PollForConversion
 .text.HAL_ADC_GetValue
                0x08000abc        0x6 .pio/build/stm32f405/SrcWrapper/src/HAL/stm32yyxx_hal_adc.c.o
                0x08000abc                HAL_ADC_GetValue
 *fill*         0x08000ac2        0x2 
 .text.HAL_ADC_ConfigChannel
                0x08000ac4      0x120 .pio/build/stm32f405/SrcWrapper/src/HAL/stm32yyxx_hal_adc.c.o
                0x08000ac4                HAL_ADC_ConfigChannel
 .text.HAL_NVIC_SetPriorityGrouping
                0x08000be4       0x24 .pio/build/stm32f405/SrcWrapper/src/HAL/stm32yyxx_hal_cortex.c.o
                0x08000be4                HAL_NVIC_SetPriorityGrouping
 .text.HAL_NVIC_SetPriority
                0x08000c08       0x64 .pio/build/stm32f405/SrcWrapper/src/HAL/stm32yyxx_hal_cortex.c.o
                0x08000c08                HAL_NVIC_SetPriority
 .text.HAL_NVIC_EnableIRQ
                0x08000c6c       0x1c .pio/build/stm32f405/SrcWrapper/src/HAL/stm32yyxx_hal_cortex.c.o
                0x08000c6c                HAL_NVIC_EnableIRQ
 .text.HAL_NVIC_DisableIRQ
                0x08000c88       0x24 .pio/build/stm32f405/SrcWrapper/src/HAL/stm32yyxx_hal_cortex.c.o
                0x08000c88                HAL_NVIC_DisableIRQ
 .text.HAL_SYSTICK_Config
                0x08000cac       0x28 .pio/build/stm32f405/SrcWrapper/src/HAL/stm32yyxx_hal_cortex.c.o
                0x08000cac                HAL_SYSTICK_Config
 .text.HAL_NVIC_ClearPendingIRQ
                0x08000cd4       0x1c .pio/build/stm32f405/SrcWrapper/src/HAL/stm32yyxx_hal_cortex.c.o
                0x08000cd4                HAL_NVIC_ClearPendingIRQ
 .text.HAL_SYSTICK_Callback
                0x08000cf0        0x2 .pio/build/stm32f405/SrcWrapper/src/HAL/stm32yyxx_hal_cortex.c.o
                0x08000cf0                HAL_SYSTICK_Callback
 .text.HAL_SYSTICK_IRQHandler
                0x08000cf2        0x8 .pio/build/stm32f405/SrcWrapper/src/HAL/stm32yyxx_hal_cortex.c.o
                0x08000cf2                HAL_SYSTICK_IRQHandler
 .text.HAL_CRC_MspInit
                0x08000cfa        0x2 .pio/build/stm32f405/SrcWrapper/src/HAL/stm32yyxx_hal_crc.c.o
                0x08000cfa                HAL_CRC_MspInit
 .text.HAL_CRC_Init
                0x08000cfc       0x20 .pio/build/stm32f405/SrcWrapper/src/HAL/stm32yyxx_hal_crc.c.o
                0x08000cfc                HAL_CRC_Init
 .text.HAL_DMA_Abort
                0x08000d1c       0x7c .pio/build/stm32f405/SrcWrapper/src/HAL/stm32yyxx_hal_dma.c.o
                0x08000d1c                HAL_DMA_Abort
 .text.HAL_DMA_Abort_IT
                0x08000d98       0x24 .pio/build/stm32f405/SrcWrapper/src/HAL/stm32yyxx_hal_dma.c.o
                0x08000d98                HAL_DMA_Abort_IT
 .text.FLASH_Program_DoubleWord
                0x08000dbc       0x2c .pio/build/stm32f405/SrcWrapper/src/HAL/stm32yyxx_hal_flash.c.o
 .text.FLASH_Program_Word
                0x08000de8       0x24 .pio/build/stm32f405/SrcWrapper/src/HAL/stm32yyxx_hal_flash.c.o
 .text.FLASH_Program_HalfWord
                0x08000e0c       0x24 .pio/build/stm32f405/SrcWrapper/src/HAL/stm32yyxx_hal_flash.c.o
 .text.FLASH_SetErrorCode
                0x08000e30       0x74 .pio/build/stm32f405/SrcWrapper/src/HAL/stm32yyxx_hal_flash.c.o
 .text.HAL_FLASH_Unlock
                0x08000ea4       0x24 .pio/build/stm32f405/SrcWrapper/src/HAL/stm32yyxx_hal_flash.c.o
                0x08000ea4                HAL_FLASH_Unlock
 .text.HAL_FLASH_Lock
                0x08000ec8       0x14 .pio/build/stm32f405/SrcWrapper/src/HAL/stm32yyxx_hal_flash.c.o
                0x08000ec8                HAL_FLASH_Lock
 .text.FLASH_WaitForLastOperation
                0x08000edc       0x50 .pio/build/stm32f405/SrcWrapper/src/HAL/stm32yyxx_hal_flash.c.o
                0x08000edc                FLASH_WaitForLastOperation
 .text.HAL_FLASH_Program
                0x08000f2c       0x8c .pio/build/stm32f405/SrcWrapper/src/HAL/stm32yyxx_hal_flash.c.o
                0x08000f2c                HAL_FLASH_Program
 .text.FLASH_MassErase.constprop.0
                0x08000fb8       0x24 .pio/build/stm32f405/SrcWrapper/src/HAL/stm32yyxx_hal_flash_ex.c.o
 .text.FLASH_Erase_Sector
                0x08000fdc       0x3c .pio/build/stm32f405/SrcWrapper/src/HAL/stm32yyxx_hal_flash_ex.c.o
                0x08000fdc                FLASH_Erase_Sector
 .text.FLASH_FlushCaches
                0x08001018       0x58 .pio/build/stm32f405/SrcWrapper/src/HAL/stm32yyxx_hal_flash_ex.c.o
                0x08001018                FLASH_FlushCaches
 .text.HAL_FLASHEx_Erase
                0x08001070       0xa0 .pio/build/stm32f405/SrcWrapper/src/HAL/stm32yyxx_hal_flash_ex.c.o
                0x08001070                HAL_FLASHEx_Erase
 .text.HAL_GPIO_Init
                0x08001110      0x1c8 .pio/build/stm32f405/SrcWrapper/src/HAL/stm32yyxx_hal_gpio.c.o
                0x08001110                HAL_GPIO_Init
 .text.HAL_GPIO_ReadPin
                0x080012d8        0xc .pio/build/stm32f405/SrcWrapper/src/HAL/stm32yyxx_hal_gpio.c.o
                0x080012d8                HAL_GPIO_ReadPin
 .text.HAL_GPIO_EXTI_IRQHandler
                0x080012e4       0x18 .pio/build/stm32f405/SrcWrapper/src/HAL/stm32yyxx_hal_gpio.c.o
                0x080012e4                HAL_GPIO_EXTI_IRQHandler
 .text.HAL_RCC_OscConfig
                0x080012fc      0x35c .pio/build/stm32f405/SrcWrapper/src/HAL/stm32yyxx_hal_rcc.c.o
                0x080012fc                HAL_RCC_OscConfig
 .text.HAL_RCC_GetSysClockFreq
                0x08001658       0x5c .pio/build/stm32f405/SrcWrapper/src/HAL/stm32yyxx_hal_rcc.c.o
                0x08001658                HAL_RCC_GetSysClockFreq
 .text.HAL_RCC_ClockConfig
                0x080016b4      0x134 .pio/build/stm32f405/SrcWrapper/src/HAL/stm32yyxx_hal_rcc.c.o
                0x080016b4                HAL_RCC_ClockConfig
 .text.HAL_RCC_GetPCLK1Freq
                0x080017e8       0x20 .pio/build/stm32f405/SrcWrapper/src/HAL/stm32yyxx_hal_rcc.c.o
                0x080017e8                HAL_RCC_GetPCLK1Freq
 .text.HAL_RCC_GetPCLK2Freq
                0x08001808       0x20 .pio/build/stm32f405/SrcWrapper/src/HAL/stm32yyxx_hal_rcc.c.o
                0x08001808                HAL_RCC_GetPCLK2Freq
 .text.TIM_OC1_SetConfig
                0x08001828       0x58 .pio/build/stm32f405/SrcWrapper/src/HAL/stm32yyxx_hal_tim.c.o
 .text.TIM_OC3_SetConfig
                0x08001880       0x5c .pio/build/stm32f405/SrcWrapper/src/HAL/stm32yyxx_hal_tim.c.o
 .text.TIM_OC4_SetConfig
                0x080018dc       0x4c .pio/build/stm32f405/SrcWrapper/src/HAL/stm32yyxx_hal_tim.c.o
 .text.HAL_TIM_Base_Start
                0x08001928       0x6c .pio/build/stm32f405/SrcWrapper/src/HAL/stm32yyxx_hal_tim.c.o
                0x08001928                HAL_TIM_Base_Start
 .text.HAL_TIM_Base_Stop
                0x08001994       0x28 .pio/build/stm32f405/SrcWrapper/src/HAL/stm32yyxx_hal_tim.c.o
                0x08001994                HAL_TIM_Base_Stop
 .text.HAL_TIM_PWM_MspInit
                0x080019bc        0x2 .pio/build/stm32f405/SrcWrapper/src/HAL/stm32yyxx_hal_tim.c.o
                0x080019bc                HAL_TIM_PWM_MspInit
 .text.HAL_TIM_PWM_PulseFinishedCallback
                0x080019be        0x2 .pio/build/stm32f405/SrcWrapper/src/HAL/stm32yyxx_hal_tim.c.o
                0x080019be                HAL_TIM_PWM_PulseFinishedCallback
 .text.HAL_TIM_TriggerCallback
                0x080019c0        0x2 .pio/build/stm32f405/SrcWrapper/src/HAL/stm32yyxx_hal_tim.c.o
                0x080019c0                HAL_TIM_TriggerCallback
 .text.HAL_TIM_IRQHandler
                0x080019c2      0x128 .pio/build/stm32f405/SrcWrapper/src/HAL/stm32yyxx_hal_tim.c.o
                0x080019c2                HAL_TIM_IRQHandler
 *fill*         0x08001aea        0x2 
 .text.TIM_Base_SetConfig
                0x08001aec       0xac .pio/build/stm32f405/SrcWrapper/src/HAL/stm32yyxx_hal_tim.c.o
                0x08001aec                TIM_Base_SetConfig
 .text.HAL_TIM_PWM_Init
                0x08001b98       0x58 .pio/build/stm32f405/SrcWrapper/src/HAL/stm32yyxx_hal_tim.c.o
                0x08001b98                HAL_TIM_PWM_Init
 .text.TIM_OC2_SetConfig
                0x08001bf0       0x60 .pio/build/stm32f405/SrcWrapper/src/HAL/stm32yyxx_hal_tim.c.o
                0x08001bf0                TIM_OC2_SetConfig
 .text.HAL_TIM_PWM_ConfigChannel
                0x08001c50       0xb0 .pio/build/stm32f405/SrcWrapper/src/HAL/stm32yyxx_hal_tim.c.o
                0x08001c50                HAL_TIM_PWM_ConfigChannel
 .text.TIM_CCxChannelCmd
                0x08001d00       0x1c .pio/build/stm32f405/SrcWrapper/src/HAL/stm32yyxx_hal_tim.c.o
                0x08001d00                TIM_CCxChannelCmd
 .text.HAL_TIM_OC_Start
                0x08001d1c       0xbc .pio/build/stm32f405/SrcWrapper/src/HAL/stm32yyxx_hal_tim.c.o
                0x08001d1c                HAL_TIM_OC_Start
 .text.HAL_TIM_PWM_Start
                0x08001dd8        0x4 .pio/build/stm32f405/SrcWrapper/src/HAL/stm32yyxx_hal_tim.c.o
                0x08001dd8                HAL_TIM_PWM_Start
 .text.HAL_TIM_OC_Stop
                0x08001ddc       0x7c .pio/build/stm32f405/SrcWrapper/src/HAL/stm32yyxx_hal_tim.c.o
                0x08001ddc                HAL_TIM_OC_Stop
 .text.HAL_TIM_PWM_Stop
                0x08001e58        0x4 .pio/build/stm32f405/SrcWrapper/src/HAL/stm32yyxx_hal_tim.c.o
                0x08001e58                HAL_TIM_PWM_Stop
 .text.TIM_CCxNChannelCmd
                0x08001e5c       0x1c .pio/build/stm32f405/SrcWrapper/src/HAL/stm32yyxx_hal_tim_ex.c.o
 .text.HAL_TIMEx_OCN_Start
                0x08001e78       0xb4 .pio/build/stm32f405/SrcWrapper/src/HAL/stm32yyxx_hal_tim_ex.c.o
                0x08001e78                HAL_TIMEx_OCN_Start
 .text.HAL_TIMEx_OCN_Stop
                0x08001f2c       0x6a .pio/build/stm32f405/SrcWrapper/src/HAL/stm32yyxx_hal_tim_ex.c.o
                0x08001f2c                HAL_TIMEx_OCN_Stop
 .text.HAL_TIMEx_PWMN_Start
                0x08001f96        0x4 .pio/build/stm32f405/SrcWrapper/src/HAL/stm32yyxx_hal_tim_ex.c.o
                0x08001f96                HAL_TIMEx_PWMN_Start
 .text.HAL_TIMEx_PWMN_Stop
                0x08001f9a        0x4 .pio/build/stm32f405/SrcWrapper/src/HAL/stm32yyxx_hal_tim_ex.c.o
                0x08001f9a                HAL_TIMEx_PWMN_Stop
 .text.HAL_TIMEx_ConfigBreakDeadTime
                0x08001f9e       0x4c .pio/build/stm32f405/SrcWrapper/src/HAL/stm32yyxx_hal_tim_ex.c.o
                0x08001f9e                HAL_TIMEx_ConfigBreakDeadTime
 .text.HAL_TIMEx_CommutCallback
                0x08001fea        0x2 .pio/build/stm32f405/SrcWrapper/src/HAL/stm32yyxx_hal_tim_ex.c.o
                0x08001fea                HAL_TIMEx_CommutCallback
 .text.HAL_TIMEx_BreakCallback
                0x08001fec        0x2 .pio/build/stm32f405/SrcWrapper/src/HAL/stm32yyxx_hal_tim_ex.c.o
                0x08001fec                HAL_TIMEx_BreakCallback
 .text.UART_EndRxTransfer
                0x08001fee       0x5c .pio/build/stm32f405/SrcWrapper/src/HAL/stm32yyxx_hal_uart.c.o
 *fill*         0x0800204a        0x2 
 .text.UART_SetConfig
                0x0800204c       0xbc .pio/build/stm32f405/SrcWrapper/src/HAL/stm32yyxx_hal_uart.c.o
 .text.UART_WaitOnFlagUntilTimeout.constprop.0
                0x08002108       0x64 .pio/build/stm32f405/SrcWrapper/src/HAL/stm32yyxx_hal_uart.c.o
 .text.HAL_UART_MspInit
                0x0800216c        0x2 .pio/build/stm32f405/SrcWrapper/src/HAL/stm32yyxx_hal_uart.c.o
                0x0800216c                HAL_UART_MspInit
 .text.HAL_UART_Init
                0x0800216e       0x5e .pio/build/stm32f405/SrcWrapper/src/HAL/stm32yyxx_hal_uart.c.o
                0x0800216e                HAL_UART_Init
 .text.HAL_UART_Transmit
                0x080021cc       0x9c .pio/build/stm32f405/SrcWrapper/src/HAL/stm32yyxx_hal_uart.c.o
                0x080021cc                HAL_UART_Transmit
 .text.HAL_UART_Receive
                0x08002268       0xae .pio/build/stm32f405/SrcWrapper/src/HAL/stm32yyxx_hal_uart.c.o
                0x08002268                HAL_UART_Receive
 .text.HAL_UART_Transmit_IT
                0x08002316       0x32 .pio/build/stm32f405/SrcWrapper/src/HAL/stm32yyxx_hal_uart.c.o
                0x08002316                HAL_UART_Transmit_IT
 .text.UART_DMAAbortOnError
                0x08002348        0xe .pio/build/stm32f405/SrcWrapper/src/HAL/stm32yyxx_hal_uart.c.o
 .text.HAL_UARTEx_RxEventCallback
                0x08002356        0x2 .pio/build/stm32f405/SrcWrapper/src/HAL/stm32yyxx_hal_uart.c.o
                0x08002356                HAL_UARTEx_RxEventCallback
 .text.UART_Receive_IT.isra.0
                0x08002358       0xb6 .pio/build/stm32f405/SrcWrapper/src/HAL/stm32yyxx_hal_uart.c.o
 *fill*         0x0800240e        0x2 
 .text.HAL_UART_IRQHandler
                0x08002410      0x2e8 .pio/build/stm32f405/SrcWrapper/src/HAL/stm32yyxx_hal_uart.c.o
                0x08002410                HAL_UART_IRQHandler
 .text.HAL_HalfDuplex_EnableTransmitter
                0x080026f8       0x30 .pio/build/stm32f405/SrcWrapper/src/HAL/stm32yyxx_hal_uart.c.o
                0x080026f8                HAL_HalfDuplex_EnableTransmitter
 .text.HAL_HalfDuplex_EnableReceiver
                0x08002728       0x30 .pio/build/stm32f405/SrcWrapper/src/HAL/stm32yyxx_hal_uart.c.o
                0x08002728                HAL_HalfDuplex_EnableReceiver
 .text.HAL_UART_GetState
                0x08002758        0xc .pio/build/stm32f405/SrcWrapper/src/HAL/stm32yyxx_hal_uart.c.o
                0x08002758                HAL_UART_GetState
 .text.UART_Start_Receive_IT
                0x08002764       0x32 .pio/build/stm32f405/SrcWrapper/src/HAL/stm32yyxx_hal_uart.c.o
                0x08002764                UART_Start_Receive_IT
 .text.HAL_UART_Receive_IT
                0x08002796       0x22 .pio/build/stm32f405/SrcWrapper/src/HAL/stm32yyxx_hal_uart.c.o
                0x08002796                HAL_UART_Receive_IT
 .text._ZNSt14_Function_baseD2Ev
                0x080027b8       0x12 .pio/build/stm32f405/SrcWrapper/src/HardwareTimer.cpp.o
                0x080027b8                std::_Function_base::~_Function_base()
                0x080027b8                std::_Function_base::~_Function_base()
 *fill*         0x080027ca        0x2 
 .text.TIM1_UP_TIM10_IRQHandler
                0x080027cc       0x24 .pio/build/stm32f405/SrcWrapper/src/HardwareTimer.cpp.o
                0x080027cc                TIM1_UP_TIM10_IRQHandler
 .text.TIM1_CC_IRQHandler
                0x080027f0       0x14 .pio/build/stm32f405/SrcWrapper/src/HardwareTimer.cpp.o
                0x080027f0                TIM1_CC_IRQHandler
 .text.TIM2_IRQHandler
                0x08002804       0x14 .pio/build/stm32f405/SrcWrapper/src/HardwareTimer.cpp.o
                0x08002804                TIM2_IRQHandler
 .text.TIM3_IRQHandler
                0x08002818       0x14 .pio/build/stm32f405/SrcWrapper/src/HardwareTimer.cpp.o
                0x08002818                TIM3_IRQHandler
 .text.TIM4_IRQHandler
                0x0800282c       0x14 .pio/build/stm32f405/SrcWrapper/src/HardwareTimer.cpp.o
                0x0800282c                TIM4_IRQHandler
 .text.TIM5_IRQHandler
                0x08002840       0x14 .pio/build/stm32f405/SrcWrapper/src/HardwareTimer.cpp.o
                0x08002840                TIM5_IRQHandler
 .text.TIM6_DAC_IRQHandler
                0x08002854       0x14 .pio/build/stm32f405/SrcWrapper/src/HardwareTimer.cpp.o
                0x08002854                TIM6_DAC_IRQHandler
 .text.TIM7_IRQHandler
                0x08002868       0x14 .pio/build/stm32f405/SrcWrapper/src/HardwareTimer.cpp.o
                0x08002868                TIM7_IRQHandler
 .text.TIM8_UP_TIM13_IRQHandler
                0x0800287c       0x24 .pio/build/stm32f405/SrcWrapper/src/HardwareTimer.cpp.o
                0x0800287c                TIM8_UP_TIM13_IRQHandler
 .text.TIM8_CC_IRQHandler
                0x080028a0       0x14 .pio/build/stm32f405/SrcWrapper/src/HardwareTimer.cpp.o
                0x080028a0                TIM8_CC_IRQHandler
 .text.TIM1_BRK_TIM9_IRQHandler
                0x080028b4       0x14 .pio/build/stm32f405/SrcWrapper/src/HardwareTimer.cpp.o
                0x080028b4                TIM1_BRK_TIM9_IRQHandler
 .text.TIM1_TRG_COM_TIM11_IRQHandler
                0x080028c8       0x14 .pio/build/stm32f405/SrcWrapper/src/HardwareTimer.cpp.o
                0x080028c8                TIM1_TRG_COM_TIM11_IRQHandler
 .text.TIM8_BRK_TIM12_IRQHandler
                0x080028dc       0x14 .pio/build/stm32f405/SrcWrapper/src/HardwareTimer.cpp.o
                0x080028dc                TIM8_BRK_TIM12_IRQHandler
 .text.TIM8_TRG_COM_TIM14_IRQHandler
                0x080028f0       0x14 .pio/build/stm32f405/SrcWrapper/src/HardwareTimer.cpp.o
                0x080028f0                TIM8_TRG_COM_TIM14_IRQHandler
 .text._ZNKSt8functionIFvvEEclEv
                0x08002904       0x12 .pio/build/stm32f405/SrcWrapper/src/HardwareTimer.cpp.o
                0x08002904                std::function<void ()>::operator()() const
 .text._ZN13HardwareTimer14updateCallbackEP17TIM_HandleTypeDef
                0x08002916       0x18 .pio/build/stm32f405/SrcWrapper/src/HardwareTimer.cpp.o
                0x08002916                HardwareTimer::updateCallback(TIM_HandleTypeDef*)
 .text.HAL_TIM_PeriodElapsedCallback
                0x0800292e        0x4 .pio/build/stm32f405/SrcWrapper/src/HardwareTimer.cpp.o
                0x0800292e                HAL_TIM_PeriodElapsedCallback
 .text._ZN13HardwareTimer22captureCompareCallbackEP17TIM_HandleTypeDef
                0x08002932       0x3e .pio/build/stm32f405/SrcWrapper/src/HardwareTimer.cpp.o
                0x08002932                HardwareTimer::captureCompareCallback(TIM_HandleTypeDef*)
 .text.HAL_TIM_OC_DelayElapsedCallback
                0x08002970        0x4 .pio/build/stm32f405/SrcWrapper/src/HardwareTimer.cpp.o
                0x08002970                HAL_TIM_OC_DelayElapsedCallback
 .text.HAL_TIM_IC_CaptureCallback
                0x08002974        0x4 .pio/build/stm32f405/SrcWrapper/src/HardwareTimer.cpp.o
                0x08002974                HAL_TIM_IC_CaptureCallback
 .text._Znwj    0x08002978        0x4 .pio/build/stm32f405/SrcWrapper/src/new.cpp.o
                0x08002978                operator new(unsigned int)
 .text._ZdlPvj  0x0800297c        0x4 .pio/build/stm32f405/SrcWrapper/src/new.cpp.o
                0x0800297c                operator delete(void*, unsigned int)
 .text.set_GPIO_Port_Clock
                0x08002980      0x130 .pio/build/stm32f405/SrcWrapper/src/stm32/PortNames.c.o
                0x08002980                set_GPIO_Port_Clock
 .text.HAL_ADC_MspInit
                0x08002ab0       0x90 .pio/build/stm32f405/SrcWrapper/src/stm32/analog.cpp.o
                0x08002ab0                HAL_ADC_MspInit
 .text.getCurrentMillis
                0x08002b40        0x4 .pio/build/stm32f405/SrcWrapper/src/stm32/clock.c.o
                0x08002b40                getCurrentMillis
 .text.noOsSystickHandler
                0x08002b44        0x2 .pio/build/stm32f405/SrcWrapper/src/stm32/clock.c.o
                0x08002b44                noOsSystickHandler
                0x08002b44                osSystickHandler
 .text.SysTick_Handler
                0x08002b46       0x10 .pio/build/stm32f405/SrcWrapper/src/stm32/clock.c.o
                0x08002b46                SysTick_Handler
 .text.configHSECapacitorTuning
                0x08002b56        0x2 .pio/build/stm32f405/SrcWrapper/src/stm32/clock.c.o
                0x08002b56                configHSECapacitorTuning
 .text.configIPClock
                0x08002b58       0x4c .pio/build/stm32f405/SrcWrapper/src/stm32/clock.c.o
                0x08002b58                configIPClock
 .text.dwt_init
                0x08002ba4       0x3c .pio/build/stm32f405/SrcWrapper/src/stm32/dwt.c.o
                0x08002ba4                dwt_init
 .text.hw_config_init
                0x08002be0       0x24 .pio/build/stm32f405/SrcWrapper/src/stm32/hw_config.c.o
                0x08002be0                hw_config_init
 .text.startup._ZNSt8functionIFvvEEC2EDn.constprop.0.isra.0
                0x08002c04        0xc .pio/build/stm32f405/SrcWrapper/src/stm32/interrupt.cpp.o
 .text.HAL_GPIO_EXTI_Callback
                0x08002c10       0x2c .pio/build/stm32f405/SrcWrapper/src/stm32/interrupt.cpp.o
                0x08002c10                HAL_GPIO_EXTI_Callback
 .text.EXTI0_IRQHandler
                0x08002c3c        0x6 .pio/build/stm32f405/SrcWrapper/src/stm32/interrupt.cpp.o
                0x08002c3c                EXTI0_IRQHandler
 .text.EXTI1_IRQHandler
                0x08002c42        0x6 .pio/build/stm32f405/SrcWrapper/src/stm32/interrupt.cpp.o
                0x08002c42                EXTI1_IRQHandler
 .text.EXTI2_IRQHandler
                0x08002c48        0x6 .pio/build/stm32f405/SrcWrapper/src/stm32/interrupt.cpp.o
                0x08002c48                EXTI2_IRQHandler
 .text.EXTI3_IRQHandler
                0x08002c4e        0x6 .pio/build/stm32f405/SrcWrapper/src/stm32/interrupt.cpp.o
                0x08002c4e                EXTI3_IRQHandler
 .text.EXTI4_IRQHandler
                0x08002c54        0x6 .pio/build/stm32f405/SrcWrapper/src/stm32/interrupt.cpp.o
                0x08002c54                EXTI4_IRQHandler
 .text.EXTI9_5_IRQHandler
                0x08002c5a       0x16 .pio/build/stm32f405/SrcWrapper/src/stm32/interrupt.cpp.o
                0x08002c5a                EXTI9_5_IRQHandler
 .text.EXTI15_10_IRQHandler
                0x08002c70       0x18 .pio/build/stm32f405/SrcWrapper/src/stm32/interrupt.cpp.o
                0x08002c70                EXTI15_10_IRQHandler
 .text.startup._GLOBAL__sub_I__Z22stm32_interrupt_enable7PinNameSt8functionIFvvEEm
                0x08002c88       0xd8 .pio/build/stm32f405/SrcWrapper/src/stm32/interrupt.cpp.o
 .text.exit._GLOBAL__sub_D__Z22stm32_interrupt_enable7PinNameSt8functionIFvvEEm
                0x08002d60       0x1c .pio/build/stm32f405/SrcWrapper/src/stm32/interrupt.cpp.o
 .text.LL_GPIO_SetPinPull
                0x08002d7c       0x2a .pio/build/stm32f405/SrcWrapper/src/stm32/pinmap.c.o
 *fill*         0x08002da6        0x2 
 .text.pin_function
                0x08002da8      0x11c .pio/build/stm32f405/SrcWrapper/src/stm32/pinmap.c.o
                0x08002da8                pin_function
 .text.pinmap_pinout
                0x08002ec4       0x1a .pio/build/stm32f405/SrcWrapper/src/stm32/pinmap.c.o
                0x08002ec4                pinmap_pinout
 .text.pinmap_find_peripheral
                0x08002ede       0x16 .pio/build/stm32f405/SrcWrapper/src/stm32/pinmap.c.o
                0x08002ede                pinmap_find_peripheral
 .text.pinmap_peripheral
                0x08002ef4        0xc .pio/build/stm32f405/SrcWrapper/src/stm32/pinmap.c.o
                0x08002ef4                pinmap_peripheral
 .text.pinmap_find_pin
                0x08002f00       0x16 .pio/build/stm32f405/SrcWrapper/src/stm32/pinmap.c.o
                0x08002f00                pinmap_find_pin
 .text.pinmap_pin
                0x08002f16        0xc .pio/build/stm32f405/SrcWrapper/src/stm32/pinmap.c.o
                0x08002f16                pinmap_pin
 *fill*         0x08002f22        0x2 
 .text.SystemInit
                0x08002f24       0x50 .pio/build/stm32f405/SrcWrapper/src/stm32/system_stm32yyxx.c.o
                0x08002f24                SystemInit
 .text.get_timer_obj
                0x08002f74        0x4 .pio/build/stm32f405/SrcWrapper/src/stm32/timer.c.o
                0x08002f74                get_timer_obj
 .text.serial_rx_active
                0x08002f78       0x24 .pio/build/stm32f405/SrcWrapper/src/stm32/uart.c.o
                0x08002f78                serial_rx_active
 .text.serial_tx_active
                0x08002f9c       0x24 .pio/build/stm32f405/SrcWrapper/src/stm32/uart.c.o
                0x08002f9c                serial_tx_active
 .text.uart_attach_tx_callback
                0x08002fc0       0x40 .pio/build/stm32f405/SrcWrapper/src/stm32/uart.c.o
                0x08002fc0                uart_attach_tx_callback
 .text.uart_enable_tx
                0x08003000       0x1c .pio/build/stm32f405/SrcWrapper/src/stm32/uart.c.o
                0x08003000                uart_enable_tx
 .text.uart_enable_rx
                0x0800301c       0x1c .pio/build/stm32f405/SrcWrapper/src/stm32/uart.c.o
                0x0800301c                uart_enable_rx
 .text.HAL_UART_RxCpltCallback
                0x08003038        0x6 .pio/build/stm32f405/SrcWrapper/src/stm32/uart.c.o
                0x08003038                HAL_UART_RxCpltCallback
 .text.HAL_UART_TxCpltCallback
                0x0800303e        0x6 .pio/build/stm32f405/SrcWrapper/src/stm32/uart.c.o
                0x0800303e                HAL_UART_TxCpltCallback
 .text.HAL_UART_ErrorCallback
                0x08003044       0x7c .pio/build/stm32f405/SrcWrapper/src/stm32/uart.c.o
                0x08003044                HAL_UART_ErrorCallback
 .text.USART1_IRQHandler
                0x080030c0       0x18 .pio/build/stm32f405/SrcWrapper/src/stm32/uart.c.o
                0x080030c0                USART1_IRQHandler
 .text.USART2_IRQHandler
                0x080030d8       0x1c .pio/build/stm32f405/SrcWrapper/src/stm32/uart.c.o
                0x080030d8                USART2_IRQHandler
 .text.USART3_IRQHandler
                0x080030f4       0x1c .pio/build/stm32f405/SrcWrapper/src/stm32/uart.c.o
                0x080030f4                USART3_IRQHandler
 .text.UART4_IRQHandler
                0x08003110       0x18 .pio/build/stm32f405/SrcWrapper/src/stm32/uart.c.o
                0x08003110                UART4_IRQHandler
 .text.UART5_IRQHandler
                0x08003128       0x18 .pio/build/stm32f405/SrcWrapper/src/stm32/uart.c.o
                0x08003128                UART5_IRQHandler
 .text.USART6_IRQHandler
                0x08003140       0x18 .pio/build/stm32f405/SrcWrapper/src/stm32/uart.c.o
                0x08003140                USART6_IRQHandler
 .text._sbrk    0x08003158       0x3c .pio/build/stm32f405/SrcWrapper/src/syscalls.c.o
                0x08003158                _sbrk
 .text._exit    0x08003194        0x2 .pio/build/stm32f405/SrcWrapper/src/syscalls.c.o
                0x08003194                _exit
 *fill*         0x08003196        0x2 
 .text._kill    0x08003198       0x10 .pio/build/stm32f405/SrcWrapper/src/syscalls.c.o
                0x08003198                _kill
 .text._getpid  0x080031a8        0x4 .pio/build/stm32f405/SrcWrapper/src/syscalls.c.o
                0x080031a8                _getpid
 .text.parse_esc_config
                0x080031ac       0x70 .pio/build/stm32f405/src/board_b/config_parser.c.o
                0x080031ac                parse_esc_config
 .text.driver_init_tim1
                0x0800321c      0x118 .pio/build/stm32f405/src/board_b/driver_tim1.c.o
                0x0800321c                driver_init_tim1
 .text.driver_init
                0x08003334        0x4 .pio/build/stm32f405/src/board_b/driver_tim1.c.o
                0x08003334                driver_init
 .text.driver_enable
                0x08003338       0x64 .pio/build/stm32f405/src/board_b/driver_tim1.c.o
                0x08003338                driver_enable
 .text.driver_disable
                0x0800339c       0x64 .pio/build/stm32f405/src/board_b/driver_tim1.c.o
                0x0800339c                driver_disable
 .text.driver_is_enabled
                0x08003400        0xc .pio/build/stm32f405/src/board_b/driver_tim1.c.o
                0x08003400                driver_is_enabled
 .text.driver_set_phase_pwm
                0x0800340c       0x54 .pio/build/stm32f405/src/board_b/driver_tim1.c.o
                0x0800340c                driver_set_phase_pwm
 .text.driver_set_pwm_u
                0x08003460       0x1c .pio/build/stm32f405/src/board_b/driver_tim1.c.o
                0x08003460                driver_set_pwm_u
 .text.driver_set_pwm_v
                0x0800347c       0x1c .pio/build/stm32f405/src/board_b/driver_tim1.c.o
                0x0800347c                driver_set_pwm_v
 .text.driver_set_pwm_w
                0x08003498       0x1c .pio/build/stm32f405/src/board_b/driver_tim1.c.o
                0x08003498                driver_set_pwm_w
 .text.esc_control_init
                0x080034b4       0xac .pio/build/stm32f405/src/board_b/esc_control.c.o
                0x080034b4                esc_control_init
 .text.esc_arm  0x08003560       0x84 .pio/build/stm32f405/src/board_b/esc_control.c.o
                0x08003560                esc_arm
 .text.esc_disarm
                0x080035e4       0x54 .pio/build/stm32f405/src/board_b/esc_control.c.o
                0x080035e4                esc_disarm
 .text.esc_set_speed_rpm
                0x08003638       0x24 .pio/build/stm32f405/src/board_b/esc_control.c.o
                0x08003638                esc_set_speed_rpm
 .text.esc_set_torque_mA
                0x0800365c       0x24 .pio/build/stm32f405/src/board_b/esc_control.c.o
                0x0800365c                esc_set_torque_mA
 .text.esc_control_set_fault
                0x08003680       0x64 .pio/build/stm32f405/src/board_b/esc_control.c.o
                0x08003680                esc_control_set_fault
 .text.esc_control_update
                0x080036e4      0x214 .pio/build/stm32f405/src/board_b/esc_control.c.o
                0x080036e4                esc_control_update
 .text.esc_set_pwm_percent
                0x080038f8       0x14 .pio/build/stm32f405/src/board_b/esc_control.c.o
                0x080038f8                esc_set_pwm_percent
 .text.esc_set_throttle
                0x0800390c       0x24 .pio/build/stm32f405/src/board_b/esc_control.c.o
                0x0800390c                esc_set_throttle
 .text.hall_sensor_read
                0x08003930       0x58 .pio/build/stm32f405/src/board_b/hall_sensor.c.o
                0x08003930                hall_sensor_read
 .text.hall_sensor_init
                0x08003988       0x50 .pio/build/stm32f405/src/board_b/hall_sensor.c.o
                0x08003988                hall_sensor_init
 .text.hall_sensor_state_name
                0x080039d8       0x1c .pio/build/stm32f405/src/board_b/hall_sensor.c.o
                0x080039d8                hall_sensor_state_name
 .text._ZNSt12_Vector_baseIhSaIhEE11_M_allocateEj.isra.0
                0x080039f4       0x16 .pio/build/stm32f405/src/board_b/main.cpp.o
 *fill*         0x08003a0a        0x2 
 .text.frame_store_get
                0x08003a0c       0x38 .pio/build/stm32f405/src/board_b/main.cpp.o
                0x08003a0c                frame_store_get
 .text.frame_store_has
                0x08003a44        0xc .pio/build/stm32f405/src/board_b/main.cpp.o
                0x08003a44                frame_store_has
 .text._Z9initUART4v
                0x08003a50       0xac .pio/build/stm32f405/src/board_b/main.cpp.o
                0x08003a50                initUART4()
 .text._ZNSt12_Vector_baseIhSaIhEED2Ev
                0x08003afc       0x14 .pio/build/stm32f405/src/board_b/main.cpp.o
                0x08003afc                std::_Vector_base<unsigned char, std::allocator<unsigned char> >::~_Vector_base()
                0x08003afc                std::_Vector_base<unsigned char, std::allocator<unsigned char> >::~_Vector_base()
 .text._ZNSt6vectorIhSaIhEE5clearEv
                0x08003b10        0xc .pio/build/stm32f405/src/board_b/main.cpp.o
                0x08003b10                std::vector<unsigned char, std::allocator<unsigned char> >::clear()
 .text._ZNSt6vectorIhSaIhEE9push_backERKh
                0x08003b1c       0x8c .pio/build/stm32f405/src/board_b/main.cpp.o
                0x08003b1c                std::vector<unsigned char, std::allocator<unsigned char> >::push_back(unsigned char const&)
 .text.setup    0x08003ba8      0x198 .pio/build/stm32f405/src/board_b/main.cpp.o
                0x08003ba8                setup
 .text._ZNSt11__copy_moveILb0ELb1ESt26random_access_iterator_tagE8__copy_mIhEEPT_PKS3_S6_S4_
                0x08003d40       0x18 .pio/build/stm32f405/src/board_b/main.cpp.o
                0x08003d40                unsigned char* std::__copy_move<false, true, std::random_access_iterator_tag>::__copy_m<unsigned char>(unsigned char const*, unsigned char const*, unsigned char*)
 .text._Z20handle_received_byteh
                0x08003d58      0x1f8 .pio/build/stm32f405/src/board_b/main.cpp.o
                0x08003d58                handle_received_byte(unsigned char)
 .text.loop     0x08003f50       0x88 .pio/build/stm32f405/src/board_b/main.cpp.o
                0x08003f50                loop
 .text.startup._GLOBAL__sub_I_huart4
                0x08003fd8       0x1c .pio/build/stm32f405/src/board_b/main.cpp.o
 .text.exit._GLOBAL__sub_D_huart4
                0x08003ff4       0x18 .pio/build/stm32f405/src/board_b/main.cpp.o
 .text.adc_sample_channel
                0x0800400c       0x4c .pio/build/stm32f405/src/board_b/safety_monitor.c.o
 .text.safety_sample_once
                0x08004058      0x260 .pio/build/stm32f405/src/board_b/safety_monitor.c.o
                0x08004058                safety_sample_once
 .text.safety_monitor_init
                0x080042b8       0xb0 .pio/build/stm32f405/src/board_b/safety_monitor.c.o
                0x080042b8                safety_monitor_init
 .text.safety_enable_calibration
                0x08004368       0x3c .pio/build/stm32f405/src/board_b/safety_monitor.c.o
                0x08004368                safety_enable_calibration
 .text.safety_is_calibrating
                0x080043a4        0xc .pio/build/stm32f405/src/board_b/safety_monitor.c.o
                0x080043a4                safety_is_calibrating
 .text.safety_get_last_raw_vbus
                0x080043b0        0xc .pio/build/stm32f405/src/board_b/safety_monitor.c.o
                0x080043b0                safety_get_last_raw_vbus
 .text.safety_get_last_raw_shunt
                0x080043bc        0xc .pio/build/stm32f405/src/board_b/safety_monitor.c.o
                0x080043bc                safety_get_last_raw_shunt
 .text.safety_get_last_raw_temp
                0x080043c8        0xc .pio/build/stm32f405/src/board_b/safety_monitor.c.o
                0x080043c8                safety_get_last_raw_temp
 .text.safety_set_bypass
                0x080043d4       0x10 .pio/build/stm32f405/src/board_b/safety_monitor.c.o
                0x080043d4                safety_set_bypass
 .text.safety_get_bypass
                0x080043e4        0xc .pio/build/stm32f405/src/board_b/safety_monitor.c.o
                0x080043e4                safety_get_bypass
 .text.safety_get_safe_flag
                0x080043f0       0x6c .pio/build/stm32f405/src/board_b/safety_monitor.c.o
                0x080043f0                safety_get_safe_flag
 .text.safety_get_motor_current_mA
                0x0800445c       0x10 .pio/build/stm32f405/src/board_b/safety_monitor.c.o
                0x0800445c                safety_get_motor_current_mA
 .text.safety_get_driver_voltage_v
                0x0800446c       0x24 .pio/build/stm32f405/src/board_b/safety_monitor.c.o
                0x0800446c                safety_get_driver_voltage_v
 .text.safety_get_temperature_c
                0x08004490       0x20 .pio/build/stm32f405/src/board_b/safety_monitor.c.o
                0x08004490                safety_get_temperature_c
 .text.uart_commands_init
                0x080044b0       0x28 .pio/build/stm32f405/src/board_b/uart_commands.c.o
                0x080044b0                uart_commands_init
 .text.uart_commands_last_seen_ms
                0x080044d8        0xc .pio/build/stm32f405/src/board_b/uart_commands.c.o
                0x080044d8                uart_commands_last_seen_ms
 .text.uart_commands_reset_watchdog
                0x080044e4       0x10 .pio/build/stm32f405/src/board_b/uart_commands.c.o
                0x080044e4                uart_commands_reset_watchdog
 .text.process_command.constprop.0
                0x080044f4      0x80c .pio/build/stm32f405/src/board_b/uart_commands.c.o
 .text.uart_commands_feed
                0x08004d00       0x4c .pio/build/stm32f405/src/board_b/uart_commands.c.o
                0x08004d00                uart_commands_feed
 .text.startup._Z7premainv
                0x08004d4c       0x10 .pio/build/stm32f405/libFrameworkArduino.a(main.cpp.o)
                0x08004d4c                premain()
 .text.startup.main
                0x08004d5c       0x14 .pio/build/stm32f405/libFrameworkArduino.a(main.cpp.o)
                0x08004d5c                main
 .text.Reset_Handler
                0x08004d70       0x50 .pio/build/stm32f405/libFrameworkArduino.a(startup_stm32yyxx.S.o)
                0x08004d70                Reset_Handler
 .text.Default_Handler
                0x08004dc0        0x2 .pio/build/stm32f405/libFrameworkArduino.a(startup_stm32yyxx.S.o)
                0x08004dc0                DMA1_Stream3_IRQHandler
                0x08004dc0                HASH_RNG_IRQHandler
                0x08004dc0                DebugMon_Handler
                0x08004dc0                DMA2_Stream5_IRQHandler
                0x08004dc0                HardFault_Handler
                0x08004dc0                DMA1_Stream5_IRQHandler
                0x08004dc0                PVD_IRQHandler
                0x08004dc0                SDIO_IRQHandler
                0x08004dc0                TAMP_STAMP_IRQHandler
                0x08004dc0                PendSV_Handler
                0x08004dc0                NMI_Handler
                0x08004dc0                CAN2_RX1_IRQHandler
                0x08004dc0                I2C3_ER_IRQHandler
                0x08004dc0                I2C2_EV_IRQHandler
                0x08004dc0                DMA1_Stream2_IRQHandler
                0x08004dc0                CAN1_RX0_IRQHandler
                0x08004dc0                FPU_IRQHandler
                0x08004dc0                OTG_HS_WKUP_IRQHandler
                0x08004dc0                UsageFault_Handler
                0x08004dc0                CAN2_SCE_IRQHandler
                0x08004dc0                DMA2_Stream2_IRQHandler
                0x08004dc0                SPI1_IRQHandler
                0x08004dc0                CAN2_RX0_IRQHandler
                0x08004dc0                DMA2_Stream3_IRQHandler
                0x08004dc0                CAN1_RX1_IRQHandler
                0x08004dc0                DMA2_Stream0_IRQHandler
                0x08004dc0                I2C1_EV_IRQHandler
                0x08004dc0                DMA1_Stream6_IRQHandler
                0x08004dc0                DMA1_Stream1_IRQHandler
                0x08004dc0                RCC_IRQHandler
                0x08004dc0                Default_Handler
                0x08004dc0                ADC_IRQHandler
                0x08004dc0                DMA1_Stream7_IRQHandler
                0x08004dc0                CAN2_TX_IRQHandler
                0x08004dc0                DMA2_Stream7_IRQHandler
                0x08004dc0                I2C3_EV_IRQHandler
                0x08004dc0                RTC_WKUP_IRQHandler
                0x08004dc0                SPI2_IRQHandler
                0x08004dc0                OTG_HS_EP1_IN_IRQHandler
                0x08004dc0                MemManage_Handler
                0x08004dc0                DMA1_Stream0_IRQHandler
                0x08004dc0                CAN1_TX_IRQHandler
                0x08004dc0                SVC_Handler
                0x08004dc0                FSMC_IRQHandler
                0x08004dc0                OTG_HS_EP1_OUT_IRQHandler
                0x08004dc0                WWDG_IRQHandler
                0x08004dc0                OTG_FS_WKUP_IRQHandler
                0x08004dc0                OTG_HS_IRQHandler
                0x08004dc0                I2C2_ER_IRQHandler
                0x08004dc0                DMA2_Stream1_IRQHandler
                0x08004dc0                CAN1_SCE_IRQHandler
                0x08004dc0                FLASH_IRQHandler
                0x08004dc0                DMA2_Stream4_IRQHandler
                0x08004dc0                BusFault_Handler
                0x08004dc0                OTG_FS_IRQHandler
                0x08004dc0                SPI3_IRQHandler
                0x08004dc0                DMA1_Stream4_IRQHandler
                0x08004dc0                I2C1_ER_IRQHandler
                0x08004dc0                DMA2_Stream6_IRQHandler
                0x08004dc0                RTC_Alarm_IRQHandler
 .text.millis   0x08004dc2        0x4 .pio/build/stm32f405/libFrameworkArduino.a(wiring_time.c.o)
                0x08004dc2                millis
 .text.delay    0x08004dc6       0x1c .pio/build/stm32f405/libFrameworkArduino.a(wiring_time.c.o)
                0x08004dc6                delay
 *fill*         0x08004de2        0x2 
 .text._Z14serialEventRunv
                0x08004de4       0x1c .pio/build/stm32f405/libFrameworkArduino.a(WSerial.cpp.o)
                0x08004de4                serialEventRun()
 .text.init     0x08004e00        0x4 .pio/build/stm32f405/libFrameworkArduino.a(board.c.o)
                0x08004e00                init
 .text.__empty  0x08004e04        0x2 .pio/build/stm32f405/libFrameworkArduino.a(hooks.c.o)
                0x08004e04                yield
 .text._ZN14HardwareSerial9availableEv
                0x08004e06       0x10 .pio/build/stm32f405/libFrameworkArduino.a(HardwareSerial.cpp.o)
                0x08004e06                HardwareSerial::available()
 .text._ZN14HardwareSerial4peekEv
                0x08004e16       0x1a .pio/build/stm32f405/libFrameworkArduino.a(HardwareSerial.cpp.o)
                0x08004e16                HardwareSerial::peek()
 .text._ZN14HardwareSerial17availableForWriteEv
                0x08004e30       0x1c .pio/build/stm32f405/libFrameworkArduino.a(HardwareSerial.cpp.o)
                0x08004e30                HardwareSerial::availableForWrite()
 .text._ZN14HardwareSerial5writeEh
                0x08004e4c       0x18 .pio/build/stm32f405/libFrameworkArduino.a(HardwareSerial.cpp.o)
                0x08004e4c                HardwareSerial::write(unsigned char)
 .text._ZN14HardwareSerial16_tx_complete_irqEP8serial_s
                0x08004e64       0x60 .pio/build/stm32f405/libFrameworkArduino.a(HardwareSerial.cpp.o)
                0x08004e64                HardwareSerial::_tx_complete_irq(serial_s*)
 .text._ZN14HardwareSerial5writeEPKhj
                0x08004ec4       0xe4 .pio/build/stm32f405/libFrameworkArduino.a(HardwareSerial.cpp.o)
                0x08004ec4                HardwareSerial::write(unsigned char const*, unsigned int)
 .text._ZN14HardwareSerial4initE7PinNameS0_S0_S0_
                0x08004fa8       0x32 .pio/build/stm32f405/libFrameworkArduino.a(HardwareSerial.cpp.o)
                0x08004fa8                HardwareSerial::init(PinName, PinName, PinName, PinName)
 .text._ZN14HardwareSerial5flushEm
                0x08004fda       0x36 .pio/build/stm32f405/libFrameworkArduino.a(HardwareSerial.cpp.o)
                0x08004fda                HardwareSerial::flush(unsigned long)
 .text._ZN14HardwareSerial5flushEv
                0x08005010        0x6 .pio/build/stm32f405/libFrameworkArduino.a(HardwareSerial.cpp.o)
                0x08005010                HardwareSerial::flush()
 *fill*         0x08005016        0x2 
 .text._ZN14HardwareSerial5setRxEm
                0x08005018       0x48 .pio/build/stm32f405/libFrameworkArduino.a(HardwareSerial.cpp.o)
                0x08005018                HardwareSerial::setRx(unsigned long)
 .text._ZN14HardwareSerial5setTxEm
                0x08005060       0x48 .pio/build/stm32f405/libFrameworkArduino.a(HardwareSerial.cpp.o)
                0x08005060                HardwareSerial::setTx(unsigned long)
 .text._ZN14HardwareSerialC2EPv16HalfDuplexMode_t
                0x080050a8       0x9c .pio/build/stm32f405/libFrameworkArduino.a(HardwareSerial.cpp.o)
                0x080050a8                HardwareSerial::HardwareSerial(void*, HalfDuplexMode_t)
                0x080050a8                HardwareSerial::HardwareSerial(void*, HalfDuplexMode_t)
 .text._ZN14HardwareSerial18enableHalfDuplexRxEv
                0x08005144       0x2c .pio/build/stm32f405/libFrameworkArduino.a(HardwareSerial.cpp.o)
                0x08005144                HardwareSerial::enableHalfDuplexRx()
 .text._ZN14HardwareSerial4readEv
                0x08005170       0x2e .pio/build/stm32f405/libFrameworkArduino.a(HardwareSerial.cpp.o)
                0x08005170                HardwareSerial::read()
 *fill*         0x0800519e        0x2 
 .text.startup._GLOBAL__sub_I_Serial4
                0x080051a0       0x14 .pio/build/stm32f405/libFrameworkArduino.a(HardwareSerial.cpp.o)
 .text._ZN6Stream9timedReadEv
                0x080051b4       0x2a .pio/build/stm32f405/libFrameworkArduino.a(Stream.cpp.o)
                0x080051b4                Stream::timedRead()
 .text._ZN6Stream9readBytesEPcj
                0x080051de       0x22 .pio/build/stm32f405/libFrameworkArduino.a(Stream.cpp.o)
                0x080051de                Stream::readBytes(char*, unsigned int)
 .text._ZN6Stream14readBytesUntilEcPcj
                0x08005200       0x30 .pio/build/stm32f405/libFrameworkArduino.a(Stream.cpp.o)
                0x08005200                Stream::readBytesUntil(char, char*, unsigned int)
 .text.__udivmoddi4
                0x08005230      0x2bc /Users/mackbook/.platformio/packages/toolchain-gccarmnoneeabi/bin/../lib/gcc/arm-none-eabi/12.3.1/thumb/v7e-m+fp/hard/libgcc.a(_udivmoddi4.o)
                0x08005230                __udivmoddi4
 .text.unlikely._ZSt17__throw_bad_allocv
                0x080054ec        0x6 /Users/mackbook/.platformio/packages/toolchain-gccarmnoneeabi/bin/../lib/gcc/arm-none-eabi/12.3.1/../../../../arm-none-eabi/lib/thumb/v7e-m+fp/hard/libstdc++_nano.a(functexcept.o)
                0x080054ec                std::__throw_bad_alloc()
 .text.unlikely._ZSt20__throw_length_errorPKc
                0x080054f2        0x6 /Users/mackbook/.platformio/packages/toolchain-gccarmnoneeabi/bin/../lib/gcc/arm-none-eabi/12.3.1/../../../../arm-none-eabi/lib/thumb/v7e-m+fp/hard/libstdc++_nano.a(functexcept.o)
                0x080054f2                std::__throw_length_error(char const*)
 .text.unlikely._ZSt25__throw_bad_function_callv
                0x080054f8        0x6 /Users/mackbook/.platformio/packages/toolchain-gccarmnoneeabi/bin/../lib/gcc/arm-none-eabi/12.3.1/../../../../arm-none-eabi/lib/thumb/v7e-m+fp/hard/libstdc++_nano.a(functional.o)
                0x080054f8                std::__throw_bad_function_call()
 .text.abort    0x080054fe        0xe /Users/mackbook/.platformio/packages/toolchain-gccarmnoneeabi/bin/../lib/gcc/arm-none-eabi/12.3.1/../../../../arm-none-eabi/lib/thumb/v7e-m+fp/hard/libc_nano.a(libc_a-abort.o)
                0x080054fe                abort
 .text.atoi     0x0800550c        0x8 /Users/mackbook/.platformio/packages/toolchain-gccarmnoneeabi/bin/../lib/gcc/arm-none-eabi/12.3.1/../../../../arm-none-eabi/lib/thumb/v7e-m+fp/hard/libc_nano.a(libc_a-atoi.o)
                0x0800550c                atoi
 .text.malloc   0x08005514       0x10 /Users/mackbook/.platformio/packages/toolchain-gccarmnoneeabi/bin/../lib/gcc/arm-none-eabi/12.3.1/../../../../arm-none-eabi/lib/thumb/v7e-m+fp/hard/libc_nano.a(libc_a-malloc.o)
                0x08005514                malloc
 .text.free     0x08005524       0x10 /Users/mackbook/.platformio/packages/toolchain-gccarmnoneeabi/bin/../lib/gcc/arm-none-eabi/12.3.1/../../../../arm-none-eabi/lib/thumb/v7e-m+fp/hard/libc_nano.a(libc_a-malloc.o)
                0x08005524                free
 .text.sbrk_aligned
                0x08005534       0x44 /Users/mackbook/.platformio/packages/toolchain-gccarmnoneeabi/bin/../lib/gcc/arm-none-eabi/12.3.1/../../../../arm-none-eabi/lib/thumb/v7e-m+fp/hard/libc_nano.a(libc_a-mallocr.o)
 .text._malloc_r
                0x08005578      0x100 /Users/mackbook/.platformio/packages/toolchain-gccarmnoneeabi/bin/../lib/gcc/arm-none-eabi/12.3.1/../../../../arm-none-eabi/lib/thumb/v7e-m+fp/hard/libc_nano.a(libc_a-mallocr.o)
                0x08005578                _malloc_r
 .text.snprintf
                0x08005678       0x68 /Users/mackbook/.platformio/packages/toolchain-gccarmnoneeabi/bin/../lib/gcc/arm-none-eabi/12.3.1/../../../../arm-none-eabi/lib/thumb/v7e-m+fp/hard/libc_nano.a(libc_a-snprintf.o)
                0x08005678                snprintf
                0x08005678                sniprintf
 .text.__malloc_lock
                0x080056e0        0xc /Users/mackbook/.platformio/packages/toolchain-gccarmnoneeabi/bin/../lib/gcc/arm-none-eabi/12.3.1/../../../../arm-none-eabi/lib/thumb/v7e-m+fp/hard/libc_nano.a(libc_a-mlock.o)
                0x080056e0                __malloc_lock
 .text.__malloc_unlock
                0x080056ec        0xc /Users/mackbook/.platformio/packages/toolchain-gccarmnoneeabi/bin/../lib/gcc/arm-none-eabi/12.3.1/../../../../arm-none-eabi/lib/thumb/v7e-m+fp/hard/libc_nano.a(libc_a-mlock.o)
                0x080056ec                __malloc_unlock
 .text._realloc_r
                0x080056f8       0x5c /Users/mackbook/.platformio/packages/toolchain-gccarmnoneeabi/bin/../lib/gcc/arm-none-eabi/12.3.1/../../../../arm-none-eabi/lib/thumb/v7e-m+fp/hard/libc_nano.a(libc_a-reallocr.o)
                0x080056f8                _realloc_r
 .text._strtol_l.constprop.0
                0x08005754       0xfc /Users/mackbook/.platformio/packages/toolchain-gccarmnoneeabi/bin/../lib/gcc/arm-none-eabi/12.3.1/../../../../arm-none-eabi/lib/thumb/v7e-m+fp/hard/libc_nano.a(libc_a-strtol.o)
 .text.strtol   0x08005850       0x14 /Users/mackbook/.platformio/packages/toolchain-gccarmnoneeabi/bin/../lib/gcc/arm-none-eabi/12.3.1/../../../../arm-none-eabi/lib/thumb/v7e-m+fp/hard/libc_nano.a(libc_a-strtol.o)
                0x08005850                strtol
 .text.strncasecmp
                0x08005864       0x44 /Users/mackbook/.platformio/packages/toolchain-gccarmnoneeabi/bin/../lib/gcc/arm-none-eabi/12.3.1/../../../../arm-none-eabi/lib/thumb/v7e-m+fp/hard/libc_nano.a(libc_a-strncasecmp.o)
                0x08005864                strncasecmp
 .text.memmove  0x080058a8       0x34 /Users/mackbook/.platformio/packages/toolchain-gccarmnoneeabi/bin/../lib/gcc/arm-none-eabi/12.3.1/../../../../arm-none-eabi/lib/thumb/v7e-m+fp/hard/libc_nano.a(libc_a-memmove.o)
                0x080058a8                memmove
 .text.memset   0x080058dc       0x10 /Users/mackbook/.platformio/packages/toolchain-gccarmnoneeabi/bin/../lib/gcc/arm-none-eabi/12.3.1/../../../../arm-none-eabi/lib/thumb/v7e-m+fp/hard/libc_nano.a(libc_a-memset.o)
                0x080058dc                memset
 .text.strcasecmp
                0x080058ec       0x3c /Users/mackbook/.platformio/packages/toolchain-gccarmnoneeabi/bin/../lib/gcc/arm-none-eabi/12.3.1/../../../../arm-none-eabi/lib/thumb/v7e-m+fp/hard/libc_nano.a(libc_a-strcasecmp.o)
                0x080058ec                strcasecmp
 .text._raise_r
                0x08005928       0x50 /Users/mackbook/.platformio/packages/toolchain-gccarmnoneeabi/bin/../lib/gcc/arm-none-eabi/12.3.1/../../../../arm-none-eabi/lib/thumb/v7e-m+fp/hard/libc_nano.a(libc_a-signal.o)
                0x08005928                _raise_r
 .text.raise    0x08005978       0x10 /Users/mackbook/.platformio/packages/toolchain-gccarmnoneeabi/bin/../lib/gcc/arm-none-eabi/12.3.1/../../../../arm-none-eabi/lib/thumb/v7e-m+fp/hard/libc_nano.a(libc_a-signal.o)
                0x08005978                raise
 .text._kill_r  0x08005988       0x24 /Users/mackbook/.platformio/packages/toolchain-gccarmnoneeabi/bin/../lib/gcc/arm-none-eabi/12.3.1/../../../../arm-none-eabi/lib/thumb/v7e-m+fp/hard/libc_nano.a(libc_a-signalr.o)
                0x08005988                _kill_r
 .text._getpid_r
                0x080059ac        0x4 /Users/mackbook/.platformio/packages/toolchain-gccarmnoneeabi/bin/../lib/gcc/arm-none-eabi/12.3.1/../../../../arm-none-eabi/lib/thumb/v7e-m+fp/hard/libc_nano.a(libc_a-signalr.o)
                0x080059ac                _getpid_r
 .text._sbrk_r  0x080059b0       0x20 /Users/mackbook/.platformio/packages/toolchain-gccarmnoneeabi/bin/../lib/gcc/arm-none-eabi/12.3.1/../../../../arm-none-eabi/lib/thumb/v7e-m+fp/hard/libc_nano.a(libc_a-sbrkr.o)
                0x080059b0                _sbrk_r
 .text.__errno  0x080059d0        0xc /Users/mackbook/.platformio/packages/toolchain-gccarmnoneeabi/bin/../lib/gcc/arm-none-eabi/12.3.1/../../../../arm-none-eabi/lib/thumb/v7e-m+fp/hard/libc_nano.a(libc_a-errno.o)
                0x080059d0                __errno
 .text.__libc_init_array
                0x080059dc       0x48 /Users/mackbook/.platformio/packages/toolchain-gccarmnoneeabi/bin/../lib/gcc/arm-none-eabi/12.3.1/../../../../arm-none-eabi/lib/thumb/v7e-m+fp/hard/libc_nano.a(libc_a-init.o)
                0x080059dc                __libc_init_array
 .text.__retarget_lock_acquire_recursive
                0x08005a24        0x2 /Users/mackbook/.platformio/packages/toolchain-gccarmnoneeabi/bin/../lib/gcc/arm-none-eabi/12.3.1/../../../../arm-none-eabi/lib/thumb/v7e-m+fp/hard/libc_nano.a(libc_a-lock.o)
                0x08005a24                __retarget_lock_acquire_recursive
 .text.__retarget_lock_release_recursive
                0x08005a26        0x2 /Users/mackbook/.platformio/packages/toolchain-gccarmnoneeabi/bin/../lib/gcc/arm-none-eabi/12.3.1/../../../../arm-none-eabi/lib/thumb/v7e-m+fp/hard/libc_nano.a(libc_a-lock.o)
                0x08005a26                __retarget_lock_release_recursive
 .text.memcpy   0x08005a28       0x1c /Users/mackbook/.platformio/packages/toolchain-gccarmnoneeabi/bin/../lib/gcc/arm-none-eabi/12.3.1/../../../../arm-none-eabi/lib/thumb/v7e-m+fp/hard/libc_nano.a(libc_a-memcpy-stub.o)
                0x08005a28                memcpy
 .text._free_r  0x08005a44       0x94 /Users/mackbook/.platformio/packages/toolchain-gccarmnoneeabi/bin/../lib/gcc/arm-none-eabi/12.3.1/../../../../arm-none-eabi/lib/thumb/v7e-m+fp/hard/libc_nano.a(libc_a-freer.o)
                0x08005a44                _free_r
 .text.__ssputs_r
                0x08005ad8       0xb6 /Users/mackbook/.platformio/packages/toolchain-gccarmnoneeabi/bin/../lib/gcc/arm-none-eabi/12.3.1/../../../../arm-none-eabi/lib/thumb/v7e-m+fp/hard/libc_nano.a(libc_a-nano-svfprintf.o)
                0x08005ad8                __ssputs_r
 *fill*         0x08005b8e        0x2 
 .text._svfprintf_r
                0x08005b90      0x1f8 /Users/mackbook/.platformio/packages/toolchain-gccarmnoneeabi/bin/../lib/gcc/arm-none-eabi/12.3.1/../../../../arm-none-eabi/lib/thumb/v7e-m+fp/hard/libc_nano.a(libc_a-nano-svfprintf.o)
                0x08005b90                _svfprintf_r
                0x08005b90                _svfiprintf_r
 .text._printf_common
                0x08005d88       0xda /Users/mackbook/.platformio/packages/toolchain-gccarmnoneeabi/bin/../lib/gcc/arm-none-eabi/12.3.1/../../../../arm-none-eabi/lib/thumb/v7e-m+fp/hard/libc_nano.a(libc_a-nano-vfprintf_i.o)
                0x08005d88                _printf_common
 *fill*         0x08005e62        0x2 
 .text._printf_i
                0x08005e64      0x258 /Users/mackbook/.platformio/packages/toolchain-gccarmnoneeabi/bin/../lib/gcc/arm-none-eabi/12.3.1/../../../../arm-none-eabi/lib/thumb/v7e-m+fp/hard/libc_nano.a(libc_a-nano-vfprintf_i.o)
                0x08005e64                _printf_i
 .text._malloc_usable_size_r
                0x080060bc       0x10 /Users/mackbook/.platformio/packages/toolchain-gccarmnoneeabi/bin/../lib/gcc/arm-none-eabi/12.3.1/../../../../arm-none-eabi/lib/thumb/v7e-m+fp/hard/libc_nano.a(libc_a-msizer.o)
                0x080060bc                _malloc_usable_size_r
 *(.glue_7)
 .glue_7        0x080060cc        0x0 linker stubs
 *(.glue_7t)
 .glue_7t       0x080060cc        0x0 linker stubs
 *(.eh_frame)
 .eh_frame      0x080060cc        0x0 /Users/mackbook/.platformio/packages/toolchain-gccarmnoneeabi/bin/../lib/gcc/arm-none-eabi/12.3.1/thumb/v7e-m+fp/hard/crtbegin.o
 *(.init)
 .init          0x080060cc        0x4 /Users/mackbook/.platformio/packages/toolchain-gccarmnoneeabi/bin/../lib/gcc/arm-none-eabi/12.3.1/thumb/v7e-m+fp/hard/crti.o
                0x080060cc                _init
 .init          0x080060d0        0x8 /Users/mackbook/.platformio/packages/toolchain-gccarmnoneeabi/bin/../lib/gcc/arm-none-eabi/12.3.1/thumb/v7e-m+fp/hard/crtn.o
 *(.fini)
 .fini          0x080060d8        0x4 /Users/mackbook/.platformio/packages/toolchain-gccarmnoneeabi/bin/../lib/gcc/arm-none-eabi/12.3.1/thumb/v7e-m+fp/hard/crti.o
                0x080060d8                _fini
 .fini          0x080060dc        0x8 /Users/mackbook/.platformio/packages/toolchain-gccarmnoneeabi/bin/../lib/gcc/arm-none-eabi/12.3.1/thumb/v7e-m+fp/hard/crtn.o
                0x080060e4                        . = ALIGN (0x4)
                0x080060e4                        _etext = .

.vfp11_veneer   0x080060e4        0x0
 .vfp11_veneer  0x080060e4        0x0 linker stubs

.v4_bx          0x080060e4        0x0
 .v4_bx         0x080060e4        0x0 linker stubs

.iplt           0x080060e4        0x0
 .iplt          0x080060e4        0x0 /Users/mackbook/.platformio/packages/toolchain-gccarmnoneeabi/bin/../lib/gcc/arm-none-eabi/12.3.1/thumb/v7e-m+fp/hard/crtbegin.o

.rodata         0x080060e4      0xe58
                0x080060e4                        . = ALIGN (0x4)
 *(.rodata)
 *(.rodata*)
 .rodata.PinMap_UART_RX
                0x080060e4       0x78 .pio/build/stm32f405/FrameworkArduinoVariant/PeripheralPins.c.o
                0x080060e4                PinMap_UART_RX
 .rodata.PinMap_UART_TX
                0x0800615c       0x78 .pio/build/stm32f405/FrameworkArduinoVariant/PeripheralPins.c.o
                0x0800615c                PinMap_UART_TX
 .rodata.PinMap_ADC
                0x080061d4      0x1ec .pio/build/stm32f405/FrameworkArduinoVariant/PeripheralPins.c.o
                0x080061d4                PinMap_ADC
 .rodata.analogInputPin
                0x080063c0       0x40 .pio/build/stm32f405/FrameworkArduinoVariant/variant_generic.cpp.o
                0x080063c0                analogInputPin
 .rodata.digitalPin
                0x08006400       0xcc .pio/build/stm32f405/FrameworkArduinoVariant/variant_generic.cpp.o
                0x08006400                digitalPin
 .rodata.pin_map_ll
                0x080064cc       0x40 .pio/build/stm32f405/SrcWrapper/src/stm32/pinmap.c.o
                0x080064cc                pin_map_ll
 .rodata.APBPrescTable
                0x0800650c        0x8 .pio/build/stm32f405/SrcWrapper/src/stm32/system_stm32yyxx.c.o
                0x0800650c                APBPrescTable
 .rodata.AHBPrescTable
                0x08006514       0x10 .pio/build/stm32f405/SrcWrapper/src/stm32/system_stm32yyxx.c.o
                0x08006514                AHBPrescTable
 .rodata.driver_init_tim1.str1.1
                0x08006524       0x3e .pio/build/stm32f405/src/board_b/driver_tim1.c.o
 .rodata.driver_enable.str1.1
                0x08006562       0x2b .pio/build/stm32f405/src/board_b/driver_tim1.c.o
 .rodata.driver_disable.str1.1
                0x0800658d       0x1a .pio/build/stm32f405/src/board_b/driver_tim1.c.o
 .rodata.esc_control_init.str1.1
                0x080065a7       0x59 .pio/build/stm32f405/src/board_b/esc_control.c.o
 .rodata.esc_arm.str1.1
                0x08006600       0x5c .pio/build/stm32f405/src/board_b/esc_control.c.o
 .rodata.esc_disarm.str1.1
                0x0800665c        0xf .pio/build/stm32f405/src/board_b/esc_control.c.o
 .rodata.esc_control_set_fault.str1.1
                0x0800666b        0x8 .pio/build/stm32f405/src/board_b/esc_control.c.o
                                  0xb (size before relaxing)
 .rodata.esc_control_update.str1.1
                0x08006673       0x55 .pio/build/stm32f405/src/board_b/esc_control.c.o
 .rodata.commutation_sequence
                0x080066c8        0x6 .pio/build/stm32f405/src/board_b/esc_control.c.o
 .rodata.hall_sensor_state_name.str1.1
                0x080066ce        0x8 .pio/build/stm32f405/src/board_b/hall_sensor.c.o
 .rodata.str1.1
                0x080066d6       0x3c .pio/build/stm32f405/src/board_b/hall_sensor.c.o
 *fill*         0x08006712        0x2 
 .rodata.CSWTCH.7
                0x08006714       0x18 .pio/build/stm32f405/src/board_b/hall_sensor.c.o
 .rodata._Z9initUART4v.str1.1
                0x0800672c        0xf .pio/build/stm32f405/src/board_b/main.cpp.o
 .rodata._Z9print_hexPKhj.str1.1
                0x0800673b       0x11 .pio/build/stm32f405/src/board_b/main.cpp.o
                                 0x14 (size before relaxing)
 .rodata._ZNSt6vectorIhSaIhEE9push_backERKh.str1.1
                0x0800674c       0x1a .pio/build/stm32f405/src/board_b/main.cpp.o
 .rodata.setup.str1.1
                0x08006766      0x12d .pio/build/stm32f405/src/board_b/main.cpp.o
 .rodata._Z20handle_received_byteh.str1.1
                0x08006893       0x36 .pio/build/stm32f405/src/board_b/main.cpp.o
 .rodata.safety_sample_once.str1.1
                0x080068c9       0x67 .pio/build/stm32f405/src/board_b/safety_monitor.c.o
 .rodata.safety_monitor_init.str1.1
                0x08006930       0x17 .pio/build/stm32f405/src/board_b/safety_monitor.c.o
 .rodata.process_command.constprop.0.str1.1
                0x08006947      0x4a5 .pio/build/stm32f405/src/board_b/uart_commands.c.o
                                0x4b3 (size before relaxing)
 .rodata._ZTV14HardwareSerial
                0x08006dec       0x2c .pio/build/stm32f405/libFrameworkArduino.a(HardwareSerial.cpp.o)
                0x08006dec                vtable for HardwareSerial
 .rodata._ctype_
                0x08006e18      0x101 /Users/mackbook/.platformio/packages/toolchain-gccarmnoneeabi/bin/../lib/gcc/arm-none-eabi/12.3.1/../../../../arm-none-eabi/lib/thumb/v7e-m+fp/hard/libc_nano.a(libc_a-ctype_.o)
                0x08006e18                _ctype_
 .rodata._svfprintf_r.str1.1
                0x08006f19       0x11 /Users/mackbook/.platformio/packages/toolchain-gccarmnoneeabi/bin/../lib/gcc/arm-none-eabi/12.3.1/../../../../arm-none-eabi/lib/thumb/v7e-m+fp/hard/libc_nano.a(libc_a-nano-svfprintf.o)
 .rodata._printf_i.str1.1
                0x08006f2a       0x11 /Users/mackbook/.platformio/packages/toolchain-gccarmnoneeabi/bin/../lib/gcc/arm-none-eabi/12.3.1/../../../../arm-none-eabi/lib/thumb/v7e-m+fp/hard/libc_nano.a(libc_a-nano-vfprintf_i.o)
                                 0x22 (size before relaxing)
                0x08006f3c                        . = ALIGN (0x4)
 *fill*         0x08006f3b        0x1 

.ARM.extab      0x08006f3c        0x0
                0x08006f3c                        . = ALIGN (0x4)
 *(.ARM.extab* .gnu.linkonce.armextab.*)
                0x08006f3c                        . = ALIGN (0x4)

.ARM            0x08006f3c        0x8
                0x08006f3c                        . = ALIGN (0x4)
                0x08006f3c                        __exidx_start = .
 *(.ARM.exidx*)
 .ARM.exidx     0x08006f3c        0x8 /Users/mackbook/.platformio/packages/toolchain-gccarmnoneeabi/bin/../lib/gcc/arm-none-eabi/12.3.1/../../../../arm-none-eabi/lib/thumb/v7e-m+fp/hard/libc_nano.a(libc_a-strlen.o)
 .ARM.exidx     0x08006f44        0x0 /Users/mackbook/.platformio/packages/toolchain-gccarmnoneeabi/bin/../lib/gcc/arm-none-eabi/12.3.1/../../../../arm-none-eabi/lib/thumb/v7e-m+fp/hard/libc_nano.a(libc_a-memchr.o)
                                  0x8 (size before relaxing)
 .ARM.exidx.text.__udivmoddi4
                0x08006f44        0x0 /Users/mackbook/.platformio/packages/toolchain-gccarmnoneeabi/bin/../lib/gcc/arm-none-eabi/12.3.1/thumb/v7e-m+fp/hard/libgcc.a(_udivmoddi4.o)
                                  0x8 (size before relaxing)
                0x08006f44                        __exidx_end = .
                0x08006f44                        . = ALIGN (0x4)

.preinit_array  0x08006f44        0x0
                0x08006f44                        . = ALIGN (0x4)
                0x08006f44                        PROVIDE (__preinit_array_start = .)
 *(.preinit_array*)
                0x08006f44                        PROVIDE (__preinit_array_end = .)
                0x08006f44                        . = ALIGN (0x4)

.init_array     0x08006f44       0x14
                0x08006f44                        . = ALIGN (0x4)
                0x08006f44                        PROVIDE (__init_array_start = .)
 *(SORT_BY_NAME(.init_array.*))
 .init_array.00101
                0x08006f44        0x4 .pio/build/stm32f405/libFrameworkArduino.a(main.cpp.o)
 *(.init_array*)
 .init_array    0x08006f48        0x4 /Users/mackbook/.platformio/packages/toolchain-gccarmnoneeabi/bin/../lib/gcc/arm-none-eabi/12.3.1/thumb/v7e-m+fp/hard/crtbegin.o
 .init_array    0x08006f4c        0x4 .pio/build/stm32f405/SrcWrapper/src/stm32/interrupt.cpp.o
 .init_array    0x08006f50        0x4 .pio/build/stm32f405/src/board_b/main.cpp.o
 .init_array    0x08006f54        0x4 .pio/build/stm32f405/libFrameworkArduino.a(HardwareSerial.cpp.o)
                0x08006f58                        PROVIDE (__init_array_end = .)
                0x08006f58                        . = ALIGN (0x4)

.fini_array     0x08006f58        0xc
                0x08006f58                        . = ALIGN (0x4)
                0x08006f58                        PROVIDE (__fini_array_start = .)
 *(SORT_BY_NAME(.fini_array.*))
 *(.fini_array*)
 .fini_array    0x08006f58        0x4 /Users/mackbook/.platformio/packages/toolchain-gccarmnoneeabi/bin/../lib/gcc/arm-none-eabi/12.3.1/thumb/v7e-m+fp/hard/crtbegin.o
 .fini_array    0x08006f5c        0x4 .pio/build/stm32f405/SrcWrapper/src/stm32/interrupt.cpp.o
 .fini_array    0x08006f60        0x4 .pio/build/stm32f405/src/board_b/main.cpp.o
                0x08006f64                        PROVIDE (__fini_array_end = .)
                0x08006f64                        . = ALIGN (0x4)
                0x08006f64                        _sidata = LOADADDR (.data)

.rel.dyn        0x08006f64        0x0
 .rel.iplt      0x08006f64        0x0 /Users/mackbook/.platformio/packages/toolchain-gccarmnoneeabi/bin/../lib/gcc/arm-none-eabi/12.3.1/thumb/v7e-m+fp/hard/crtbegin.o

.data           0x20000000       0x74 load address 0x08006f64
                0x20000000                        . = ALIGN (0x4)
                0x20000000                        _sdata = .
 *(.data)
 *(.data*)
 .data.uwTickFreq
                0x20000000        0x1 .pio/build/stm32f405/SrcWrapper/src/HAL/stm32yyxx_hal.c.o
                0x20000000                uwTickFreq
 *fill*         0x20000001        0x3 
 .data.uwTickPrio
                0x20000004        0x4 .pio/build/stm32f405/SrcWrapper/src/HAL/stm32yyxx_hal.c.o
                0x20000004                uwTickPrio
 .data._ZL13g_current_pin
                0x20000008        0x4 .pio/build/stm32f405/SrcWrapper/src/stm32/analog.cpp.o
 .data.hcrc     0x2000000c        0x8 .pio/build/stm32f405/SrcWrapper/src/stm32/hw_config.c.o
                0x2000000c                hcrc
 .data.SystemCoreClock
                0x20000014        0x4 .pio/build/stm32f405/SrcWrapper/src/stm32/system_stm32yyxx.c.o
                0x20000014                SystemCoreClock
 .data.heap_end.0
                0x20000018        0x4 .pio/build/stm32f405/SrcWrapper/src/syscalls.c.o
 .data.sensor_bypass
                0x2000001c        0x4 .pio/build/stm32f405/src/board_b/safety_monitor.c.o
 .data.last_temp_c
                0x20000020        0x2 .pio/build/stm32f405/src/board_b/safety_monitor.c.o
 *fill*         0x20000022        0x2 
 .data._impure_ptr
                0x20000024        0x4 /Users/mackbook/.platformio/packages/toolchain-gccarmnoneeabi/bin/../lib/gcc/arm-none-eabi/12.3.1/../../../../arm-none-eabi/lib/thumb/v7e-m+fp/hard/libc_nano.a(libc_a-impure.o)
                0x20000024                _impure_ptr
 .data._impure_data
                0x20000028       0x4c /Users/mackbook/.platformio/packages/toolchain-gccarmnoneeabi/bin/../lib/gcc/arm-none-eabi/12.3.1/../../../../arm-none-eabi/lib/thumb/v7e-m+fp/hard/libc_nano.a(libc_a-impure.o)
                0x20000028                _impure_data
 *(.RamFunc)
 *(.RamFunc*)
                0x20000074                        . = ALIGN (0x4)
                0x20000074                        _edata = .

.igot.plt       0x20000074        0x0 load address 0x08006fd8
 .igot.plt      0x20000074        0x0 /Users/mackbook/.platformio/packages/toolchain-gccarmnoneeabi/bin/../lib/gcc/arm-none-eabi/12.3.1/thumb/v7e-m+fp/hard/crtbegin.o
                0x20000074                        . = ALIGN (0x4)

.bss            0x20000078      0x618 load address 0x08006fd8
                0x20000078                        _sbss = .
                0x20000078                        __bss_start__ = _sbss
 *(.bss)
 *(.bss*)
 .bss.completed.1
                0x20000078        0x1 /Users/mackbook/.platformio/packages/toolchain-gccarmnoneeabi/bin/../lib/gcc/arm-none-eabi/12.3.1/thumb/v7e-m+fp/hard/crtbegin.o
 *fill*         0x20000079        0x3 
 .bss.object.0  0x2000007c       0x18 /Users/mackbook/.platformio/packages/toolchain-gccarmnoneeabi/bin/../lib/gcc/arm-none-eabi/12.3.1/thumb/v7e-m+fp/hard/crtbegin.o
 .bss.uwTick    0x20000094        0x4 .pio/build/stm32f405/SrcWrapper/src/HAL/stm32yyxx_hal.c.o
                0x20000094                uwTick
 .bss.pFlash    0x20000098       0x20 .pio/build/stm32f405/SrcWrapper/src/HAL/stm32yyxx_hal_flash.c.o
                0x20000098                pFlash
 .bss.HardwareTimer_Handle
                0x200000b8       0x38 .pio/build/stm32f405/SrcWrapper/src/HardwareTimer.cpp.o
                0x200000b8                HardwareTimer_Handle
 .bss._ZL13gpio_irq_conf
                0x200000f0      0x140 .pio/build/stm32f405/SrcWrapper/src/stm32/interrupt.cpp.o
 .bss.uart_handlers
                0x20000230       0x18 .pio/build/stm32f405/SrcWrapper/src/stm32/uart.c.o
 .bss.driver_enabled
                0x20000248        0x4 .pio/build/stm32f405/src/board_b/driver_tim1.c.o
 .bss.htim1     0x2000024c       0x48 .pio/build/stm32f405/src/board_b/driver_tim1.c.o
 .bss.commutation_step
                0x20000294        0x1 .pio/build/stm32f405/src/board_b/esc_control.c.o
 *fill*         0x20000295        0x3 
 .bss.commutation_timer
                0x20000298        0x4 .pio/build/stm32f405/src/board_b/esc_control.c.o
 .bss.pwm_percent
                0x2000029c        0x4 .pio/build/stm32f405/src/board_b/esc_control.c.o
 .bss.target_current_mA
                0x200002a0        0x4 .pio/build/stm32f405/src/board_b/esc_control.c.o
 .bss.target_rpm
                0x200002a4        0x4 .pio/build/stm32f405/src/board_b/esc_control.c.o
 .bss.max_temp_limit
                0x200002a8        0x2 .pio/build/stm32f405/src/board_b/esc_control.c.o
 *fill*         0x200002aa        0x2 
 .bss.overcurrent_trip
                0x200002ac        0x4 .pio/build/stm32f405/src/board_b/esc_control.c.o
 .bss.max_current
                0x200002b0        0x4 .pio/build/stm32f405/src/board_b/esc_control.c.o
 .bss.max_motor_voltage
                0x200002b4        0x4 .pio/build/stm32f405/src/board_b/esc_control.c.o
 .bss.g_state   0x200002b8        0x1 .pio/build/stm32f405/src/board_b/esc_control.c.o
 *fill*         0x200002b9        0x3 
 .bss.g_cfg     0x200002bc       0x28 .pio/build/stm32f405/src/board_b/esc_control.c.o
 .bss.last_hall_state
                0x200002e4        0x1 .pio/build/stm32f405/src/board_b/hall_sensor.c.o
 *fill*         0x200002e5        0x3 
 .bss.user_callback
                0x200002e8        0x4 .pio/build/stm32f405/src/board_b/hall_sensor.c.o
 .bss._ZZ4loopE15last_cal_sample
                0x200002ec        0x4 .pio/build/stm32f405/src/board_b/main.cpp.o
 .bss._ZZ4loopE18last_watchdog_kick
                0x200002f0        0x4 .pio/build/stm32f405/src/board_b/main.cpp.o
 .bss._ZL8rx_count
                0x200002f4        0x4 .pio/build/stm32f405/src/board_b/main.cpp.o
 .bss._ZL10has_stored
                0x200002f8        0x1 .pio/build/stm32f405/src/board_b/main.cpp.o
 *fill*         0x200002f9        0x3 
 .bss._ZL11stored_data
                0x200002fc        0xc .pio/build/stm32f405/src/board_b/main.cpp.o
 .bss._ZL8in_frame
                0x20000308        0x1 .pio/build/stm32f405/src/board_b/main.cpp.o
 *fill*         0x20000309        0x3 
 .bss._ZL9frame_buf
                0x2000030c        0xc .pio/build/stm32f405/src/board_b/main.cpp.o
 .bss.huart4    0x20000318       0x48 .pio/build/stm32f405/src/board_b/main.cpp.o
                0x20000318                huart4
 .bss.last_print.0
                0x20000360        0x4 .pio/build/stm32f405/src/board_b/safety_monitor.c.o
 .bss.cal_offset_ready
                0x20000364        0x4 .pio/build/stm32f405/src/board_b/safety_monitor.c.o
 .bss.cal_offset_raw
                0x20000368        0x4 .pio/build/stm32f405/src/board_b/safety_monitor.c.o
 .bss.cal_shunt_count
                0x2000036c        0x4 .pio/build/stm32f405/src/board_b/safety_monitor.c.o
 .bss.cal_shunt_sum
                0x20000370        0x8 .pio/build/stm32f405/src/board_b/safety_monitor.c.o
 .bss.cal_start_ms
                0x20000378        0x4 .pio/build/stm32f405/src/board_b/safety_monitor.c.o
 .bss.bypass_printed
                0x2000037c        0x4 .pio/build/stm32f405/src/board_b/safety_monitor.c.o
 .bss.current_valid
                0x20000380        0x4 .pio/build/stm32f405/src/board_b/safety_monitor.c.o
 .bss.temp_valid
                0x20000384        0x4 .pio/build/stm32f405/src/board_b/safety_monitor.c.o
 .bss.calibrate_mode
                0x20000388        0x4 .pio/build/stm32f405/src/board_b/safety_monitor.c.o
 .bss.last_current_ma
                0x2000038c        0x4 .pio/build/stm32f405/src/board_b/safety_monitor.c.o
 .bss.last_vbus_mv
                0x20000390        0x4 .pio/build/stm32f405/src/board_b/safety_monitor.c.o
 .bss.last_raw_temp
                0x20000394        0x4 .pio/build/stm32f405/src/board_b/safety_monitor.c.o
 .bss.last_raw_shunt
                0x20000398        0x4 .pio/build/stm32f405/src/board_b/safety_monitor.c.o
 .bss.last_raw_vbus
                0x2000039c        0x4 .pio/build/stm32f405/src/board_b/safety_monitor.c.o
 .bss.hadc1     0x200003a0       0x48 .pio/build/stm32f405/src/board_b/safety_monitor.c.o
 .bss.last_cmd_ms
                0x200003e8        0x4 .pio/build/stm32f405/src/board_b/uart_commands.c.o
 .bss.cmd_pos   0x200003ec        0x4 .pio/build/stm32f405/src/board_b/uart_commands.c.o
 .bss.cmd_buf   0x200003f0       0x40 .pio/build/stm32f405/src/board_b/uart_commands.c.o
 .bss.Serial4   0x20000430      0x118 .pio/build/stm32f405/libFrameworkArduino.a(HardwareSerial.cpp.o)
                0x20000430                Serial4
 .bss.__malloc_sbrk_start
                0x20000548        0x4 /Users/mackbook/.platformio/packages/toolchain-gccarmnoneeabi/bin/../lib/gcc/arm-none-eabi/12.3.1/../../../../arm-none-eabi/lib/thumb/v7e-m+fp/hard/libc_nano.a(libc_a-mallocr.o)
                0x20000548                __malloc_sbrk_start
 .bss.__malloc_free_list
                0x2000054c        0x4 /Users/mackbook/.platformio/packages/toolchain-gccarmnoneeabi/bin/../lib/gcc/arm-none-eabi/12.3.1/../../../../arm-none-eabi/lib/thumb/v7e-m+fp/hard/libc_nano.a(libc_a-mallocr.o)
                0x2000054c                __malloc_free_list
 .bss.__sf      0x20000550      0x138 /Users/mackbook/.platformio/packages/toolchain-gccarmnoneeabi/bin/../lib/gcc/arm-none-eabi/12.3.1/../../../../arm-none-eabi/lib/thumb/v7e-m+fp/hard/libc_nano.a(libc_a-findfp.o)
                0x20000550                __sf
 .bss.errno     0x20000688        0x4 /Users/mackbook/.platformio/packages/toolchain-gccarmnoneeabi/bin/../lib/gcc/arm-none-eabi/12.3.1/../../../../arm-none-eabi/lib/thumb/v7e-m+fp/hard/libc_nano.a(libc_a-reent.o)
                0x20000688                errno
 .bss.__lock___malloc_recursive_mutex
                0x2000068c        0x1 /Users/mackbook/.platformio/packages/toolchain-gccarmnoneeabi/bin/../lib/gcc/arm-none-eabi/12.3.1/../../../../arm-none-eabi/lib/thumb/v7e-m+fp/hard/libc_nano.a(libc_a-lock.o)
                0x2000068c                __lock___malloc_recursive_mutex
 *(COMMON)
                0x20000690                        . = ALIGN (0x4)
 *fill*         0x2000068d        0x3 
                0x20000690                        _ebss = .
                0x20000690                        __bss_end__ = _ebss
LOAD /Users/mackbook/.platformio/packages/toolchain-gccarmnoneeabi/bin/../lib/gcc/arm-none-eabi/12.3.1/thumb/v7e-m+fp/hard/crti.o
LOAD /Users/mackbook/.platformio/packages/toolchain-gccarmnoneeabi/bin/../lib/gcc/arm-none-eabi/12.3.1/thumb/v7e-m+fp/hard/crtbegin.o
LOAD /Users/mackbook/.platformio/packages/toolchain-gccarmnoneeabi/bin/../lib/gcc/arm-none-eabi/12.3.1/../../../../arm-none-eabi/lib/thumb/v7e-m+fp/hard/crt0.o
                0x00100000                        LD_MAX_SIZE = 0x100000
                0x00020000                        LD_MAX_DATA_SIZE = 0x20000
                0x00000000                        LD_FLASH_OFFSET = 0x0
LOAD .pio/build/stm32f405/FrameworkArduinoVariant/PeripheralPins.c.o
LOAD .pio/build/stm32f405/FrameworkArduinoVariant/PeripheralPins_FEATHER_F405.c.o
LOAD .pio/build/stm32f405/FrameworkArduinoVariant/PeripheralPins_MICROMOD_F405.c.o
LOAD .pio/build/stm32f405/FrameworkArduinoVariant/generic_clock.c.o
LOAD .pio/build/stm32f405/FrameworkArduinoVariant/variant_FEATHER_F405.cpp.o
LOAD .pio/build/stm32f405/FrameworkArduinoVariant/variant_MICROMOD_F405.cpp.o
LOAD .pio/build/stm32f405/FrameworkArduinoVariant/variant_generic.cpp.o
LOAD .pio/build/stm32f405/SrcWrapper/src/HAL/stm32yyxx_hal.c.o
LOAD .pio/build/stm32f405/SrcWrapper/src/HAL/stm32yyxx_hal_adc.c.o
LOAD .pio/build/stm32f405/SrcWrapper/src/HAL/stm32yyxx_hal_adc_ex.c.o
LOAD .pio/build/stm32f405/SrcWrapper/src/HAL/stm32yyxx_hal_can.c.o
LOAD .pio/build/stm32f405/SrcWrapper/src/HAL/stm32yyxx_hal_ccb.c.o
LOAD .pio/build/stm32f405/SrcWrapper/src/HAL/stm32yyxx_hal_cec.c.o
LOAD .pio/build/stm32f405/SrcWrapper/src/HAL/stm32yyxx_hal_comp.c.o
LOAD .pio/build/stm32f405/SrcWrapper/src/HAL/stm32yyxx_hal_comp_ex.c.o
LOAD .pio/build/stm32f405/SrcWrapper/src/HAL/stm32yyxx_hal_cordic.c.o
LOAD .pio/build/stm32f405/SrcWrapper/src/HAL/stm32yyxx_hal_cortex.c.o
LOAD .pio/build/stm32f405/SrcWrapper/src/HAL/stm32yyxx_hal_crc.c.o
LOAD .pio/build/stm32f405/SrcWrapper/src/HAL/stm32yyxx_hal_crc_ex.c.o
LOAD .pio/build/stm32f405/SrcWrapper/src/HAL/stm32yyxx_hal_cryp.c.o
LOAD .pio/build/stm32f405/SrcWrapper/src/HAL/stm32yyxx_hal_cryp_ex.c.o
LOAD .pio/build/stm32f405/SrcWrapper/src/HAL/stm32yyxx_hal_dac.c.o
LOAD .pio/build/stm32f405/SrcWrapper/src/HAL/stm32yyxx_hal_dac_ex.c.o
LOAD .pio/build/stm32f405/SrcWrapper/src/HAL/stm32yyxx_hal_dcache.c.o
LOAD .pio/build/stm32f405/SrcWrapper/src/HAL/stm32yyxx_hal_dcmi.c.o
LOAD .pio/build/stm32f405/SrcWrapper/src/HAL/stm32yyxx_hal_dcmi_ex.c.o
LOAD .pio/build/stm32f405/SrcWrapper/src/HAL/stm32yyxx_hal_dfsdm.c.o
LOAD .pio/build/stm32f405/SrcWrapper/src/HAL/stm32yyxx_hal_dfsdm_ex.c.o
LOAD .pio/build/stm32f405/SrcWrapper/src/HAL/stm32yyxx_hal_dma.c.o
LOAD .pio/build/stm32f405/SrcWrapper/src/HAL/stm32yyxx_hal_dma2d.c.o
LOAD .pio/build/stm32f405/SrcWrapper/src/HAL/stm32yyxx_hal_dma_ex.c.o
LOAD .pio/build/stm32f405/SrcWrapper/src/HAL/stm32yyxx_hal_dsi.c.o
LOAD .pio/build/stm32f405/SrcWrapper/src/HAL/stm32yyxx_hal_dts.c.o
LOAD .pio/build/stm32f405/SrcWrapper/src/HAL/stm32yyxx_hal_eth.c.o
LOAD .pio/build/stm32f405/SrcWrapper/src/HAL/stm32yyxx_hal_eth_ex.c.o
LOAD .pio/build/stm32f405/SrcWrapper/src/HAL/stm32yyxx_hal_exti.c.o
LOAD .pio/build/stm32f405/SrcWrapper/src/HAL/stm32yyxx_hal_fdcan.c.o
LOAD .pio/build/stm32f405/SrcWrapper/src/HAL/stm32yyxx_hal_firewall.c.o
LOAD .pio/build/stm32f405/SrcWrapper/src/HAL/stm32yyxx_hal_flash.c.o
LOAD .pio/build/stm32f405/SrcWrapper/src/HAL/stm32yyxx_hal_flash_ex.c.o
LOAD .pio/build/stm32f405/SrcWrapper/src/HAL/stm32yyxx_hal_flash_ramfunc.c.o
LOAD .pio/build/stm32f405/SrcWrapper/src/HAL/stm32yyxx_hal_fmac.c.o
LOAD .pio/build/stm32f405/SrcWrapper/src/HAL/stm32yyxx_hal_fmpi2c.c.o
LOAD .pio/build/stm32f405/SrcWrapper/src/HAL/stm32yyxx_hal_fmpi2c_ex.c.o
LOAD .pio/build/stm32f405/SrcWrapper/src/HAL/stm32yyxx_hal_fmpsmbus.c.o
LOAD .pio/build/stm32f405/SrcWrapper/src/HAL/stm32yyxx_hal_fmpsmbus_ex.c.o
LOAD .pio/build/stm32f405/SrcWrapper/src/HAL/stm32yyxx_hal_gfxmmu.c.o
LOAD .pio/build/stm32f405/SrcWrapper/src/HAL/stm32yyxx_hal_gfxtim.c.o
LOAD .pio/build/stm32f405/SrcWrapper/src/HAL/stm32yyxx_hal_gpio.c.o
LOAD .pio/build/stm32f405/SrcWrapper/src/HAL/stm32yyxx_hal_gpio_ex.c.o
LOAD .pio/build/stm32f405/SrcWrapper/src/HAL/stm32yyxx_hal_gpu2d.c.o
LOAD .pio/build/stm32f405/SrcWrapper/src/HAL/stm32yyxx_hal_gtzc.c.o
LOAD .pio/build/stm32f405/SrcWrapper/src/HAL/stm32yyxx_hal_hash.c.o
LOAD .pio/build/stm32f405/SrcWrapper/src/HAL/stm32yyxx_hal_hash_ex.c.o
LOAD .pio/build/stm32f405/SrcWrapper/src/HAL/stm32yyxx_hal_hcd.c.o
LOAD .pio/build/stm32f405/SrcWrapper/src/HAL/stm32yyxx_hal_hrtim.c.o
LOAD .pio/build/stm32f405/SrcWrapper/src/HAL/stm32yyxx_hal_hsem.c.o
LOAD .pio/build/stm32f405/SrcWrapper/src/HAL/stm32yyxx_hal_i2c.c.o
LOAD .pio/build/stm32f405/SrcWrapper/src/HAL/stm32yyxx_hal_i2c_ex.c.o
LOAD .pio/build/stm32f405/SrcWrapper/src/HAL/stm32yyxx_hal_i2s.c.o
LOAD .pio/build/stm32f405/SrcWrapper/src/HAL/stm32yyxx_hal_i2s_ex.c.o
LOAD .pio/build/stm32f405/SrcWrapper/src/HAL/stm32yyxx_hal_i3c.c.o
LOAD .pio/build/stm32f405/SrcWrapper/src/HAL/stm32yyxx_hal_icache.c.o
LOAD .pio/build/stm32f405/SrcWrapper/src/HAL/stm32yyxx_hal_ipcc.c.o
LOAD .pio/build/stm32f405/SrcWrapper/src/HAL/stm32yyxx_hal_irda.c.o
LOAD .pio/build/stm32f405/SrcWrapper/src/HAL/stm32yyxx_hal_iwdg.c.o
LOAD .pio/build/stm32f405/SrcWrapper/src/HAL/stm32yyxx_hal_jpeg.c.o
LOAD .pio/build/stm32f405/SrcWrapper/src/HAL/stm32yyxx_hal_lcd.c.o
LOAD .pio/build/stm32f405/SrcWrapper/src/HAL/stm32yyxx_hal_lptim.c.o
LOAD .pio/build/stm32f405/SrcWrapper/src/HAL/stm32yyxx_hal_ltdc.c.o
LOAD .pio/build/stm32f405/SrcWrapper/src/HAL/stm32yyxx_hal_ltdc_ex.c.o
LOAD .pio/build/stm32f405/SrcWrapper/src/HAL/stm32yyxx_hal_mdf.c.o
LOAD .pio/build/stm32f405/SrcWrapper/src/HAL/stm32yyxx_hal_mdios.c.o
LOAD .pio/build/stm32f405/SrcWrapper/src/HAL/stm32yyxx_hal_mdma.c.o
LOAD .pio/build/stm32f405/SrcWrapper/src/HAL/stm32yyxx_hal_mmc.c.o
LOAD .pio/build/stm32f405/SrcWrapper/src/HAL/stm32yyxx_hal_mmc_ex.c.o
LOAD .pio/build/stm32f405/SrcWrapper/src/HAL/stm32yyxx_hal_nand.c.o
LOAD .pio/build/stm32f405/SrcWrapper/src/HAL/stm32yyxx_hal_nor.c.o
LOAD .pio/build/stm32f405/SrcWrapper/src/HAL/stm32yyxx_hal_opamp.c.o
LOAD .pio/build/stm32f405/SrcWrapper/src/HAL/stm32yyxx_hal_opamp_ex.c.o
LOAD .pio/build/stm32f405/SrcWrapper/src/HAL/stm32yyxx_hal_ospi.c.o
LOAD .pio/build/stm32f405/SrcWrapper/src/HAL/stm32yyxx_hal_otfdec.c.o
LOAD .pio/build/stm32f405/SrcWrapper/src/HAL/stm32yyxx_hal_pccard.c.o
LOAD .pio/build/stm32f405/SrcWrapper/src/HAL/stm32yyxx_hal_pcd.c.o
LOAD .pio/build/stm32f405/SrcWrapper/src/HAL/stm32yyxx_hal_pcd_ex.c.o
LOAD .pio/build/stm32f405/SrcWrapper/src/HAL/stm32yyxx_hal_pka.c.o
LOAD .pio/build/stm32f405/SrcWrapper/src/HAL/stm32yyxx_hal_pssi.c.o
LOAD .pio/build/stm32f405/SrcWrapper/src/HAL/stm32yyxx_hal_pwr.c.o
LOAD .pio/build/stm32f405/SrcWrapper/src/HAL/stm32yyxx_hal_pwr_ex.c.o
LOAD .pio/build/stm32f405/SrcWrapper/src/HAL/stm32yyxx_hal_qspi.c.o
LOAD .pio/build/stm32f405/SrcWrapper/src/HAL/stm32yyxx_hal_radio.c.o
LOAD .pio/build/stm32f405/SrcWrapper/src/HAL/stm32yyxx_hal_radio_timer.c.o
LOAD .pio/build/stm32f405/SrcWrapper/src/HAL/stm32yyxx_hal_ramcfg.c.o
LOAD .pio/build/stm32f405/SrcWrapper/src/HAL/stm32yyxx_hal_ramecc.c.o
LOAD .pio/build/stm32f405/SrcWrapper/src/HAL/stm32yyxx_hal_rcc.c.o
LOAD .pio/build/stm32f405/SrcWrapper/src/HAL/stm32yyxx_hal_rcc_ex.c.o
LOAD .pio/build/stm32f405/SrcWrapper/src/HAL/stm32yyxx_hal_rng.c.o
LOAD .pio/build/stm32f405/SrcWrapper/src/HAL/stm32yyxx_hal_rng_ex.c.o
LOAD .pio/build/stm32f405/SrcWrapper/src/HAL/stm32yyxx_hal_rtc.c.o
LOAD .pio/build/stm32f405/SrcWrapper/src/HAL/stm32yyxx_hal_rtc_ex.c.o
LOAD .pio/build/stm32f405/SrcWrapper/src/HAL/stm32yyxx_hal_sai.c.o
LOAD .pio/build/stm32f405/SrcWrapper/src/HAL/stm32yyxx_hal_sai_ex.c.o
LOAD .pio/build/stm32f405/SrcWrapper/src/HAL/stm32yyxx_hal_sd.c.o
LOAD .pio/build/stm32f405/SrcWrapper/src/HAL/stm32yyxx_hal_sd_ex.c.o
LOAD .pio/build/stm32f405/SrcWrapper/src/HAL/stm32yyxx_hal_sdadc.c.o
LOAD .pio/build/stm32f405/SrcWrapper/src/HAL/stm32yyxx_hal_sdio.c.o
LOAD .pio/build/stm32f405/SrcWrapper/src/HAL/stm32yyxx_hal_sdram.c.o
LOAD .pio/build/stm32f405/SrcWrapper/src/HAL/stm32yyxx_hal_smartcard.c.o
LOAD .pio/build/stm32f405/SrcWrapper/src/HAL/stm32yyxx_hal_smartcard_ex.c.o
LOAD .pio/build/stm32f405/SrcWrapper/src/HAL/stm32yyxx_hal_smbus.c.o
LOAD .pio/build/stm32f405/SrcWrapper/src/HAL/stm32yyxx_hal_smbus_ex.c.o
LOAD .pio/build/stm32f405/SrcWrapper/src/HAL/stm32yyxx_hal_spdifrx.c.o
LOAD .pio/build/stm32f405/SrcWrapper/src/HAL/stm32yyxx_hal_spi.c.o
LOAD .pio/build/stm32f405/SrcWrapper/src/HAL/stm32yyxx_hal_spi_ex.c.o
LOAD .pio/build/stm32f405/SrcWrapper/src/HAL/stm32yyxx_hal_sram.c.o
LOAD .pio/build/stm32f405/SrcWrapper/src/HAL/stm32yyxx_hal_subghz.c.o
LOAD .pio/build/stm32f405/SrcWrapper/src/HAL/stm32yyxx_hal_swpmi.c.o
LOAD .pio/build/stm32f405/SrcWrapper/src/HAL/stm32yyxx_hal_tim.c.o
LOAD .pio/build/stm32f405/SrcWrapper/src/HAL/stm32yyxx_hal_tim_ex.c.o
LOAD .pio/build/stm32f405/SrcWrapper/src/HAL/stm32yyxx_hal_tsc.c.o
LOAD .pio/build/stm32f405/SrcWrapper/src/HAL/stm32yyxx_hal_uart.c.o
LOAD .pio/build/stm32f405/SrcWrapper/src/HAL/stm32yyxx_hal_uart_ex.c.o
LOAD .pio/build/stm32f405/SrcWrapper/src/HAL/stm32yyxx_hal_usart.c.o
LOAD .pio/build/stm32f405/SrcWrapper/src/HAL/stm32yyxx_hal_usart_ex.c.o
LOAD .pio/build/stm32f405/SrcWrapper/src/HAL/stm32yyxx_hal_wwdg.c.o
LOAD .pio/build/stm32f405/SrcWrapper/src/HAL/stm32yyxx_hal_xspi.c.o
LOAD .pio/build/stm32f405/SrcWrapper/src/HardwareTimer.cpp.o
LOAD .pio/build/stm32f405/SrcWrapper/src/LL/stm32yyxx_ll_adc.c.o
LOAD .pio/build/stm32f405/SrcWrapper/src/LL/stm32yyxx_ll_bdma.c.o
LOAD .pio/build/stm32f405/SrcWrapper/src/LL/stm32yyxx_ll_comp.c.o
LOAD .pio/build/stm32f405/SrcWrapper/src/LL/stm32yyxx_ll_cordic.c.o
LOAD .pio/build/stm32f405/SrcWrapper/src/LL/stm32yyxx_ll_crc.c.o
LOAD .pio/build/stm32f405/SrcWrapper/src/LL/stm32yyxx_ll_crs.c.o
LOAD .pio/build/stm32f405/SrcWrapper/src/LL/stm32yyxx_ll_dac.c.o
LOAD .pio/build/stm32f405/SrcWrapper/src/LL/stm32yyxx_ll_delayblock.c.o
LOAD .pio/build/stm32f405/SrcWrapper/src/LL/stm32yyxx_ll_dlyb.c.o
LOAD .pio/build/stm32f405/SrcWrapper/src/LL/stm32yyxx_ll_dma.c.o
LOAD .pio/build/stm32f405/SrcWrapper/src/LL/stm32yyxx_ll_dma2d.c.o
LOAD .pio/build/stm32f405/SrcWrapper/src/LL/stm32yyxx_ll_exti.c.o
LOAD .pio/build/stm32f405/SrcWrapper/src/LL/stm32yyxx_ll_fmac.c.o
LOAD .pio/build/stm32f405/SrcWrapper/src/LL/stm32yyxx_ll_fmc.c.o
LOAD .pio/build/stm32f405/SrcWrapper/src/LL/stm32yyxx_ll_fmpi2c.c.o
LOAD .pio/build/stm32f405/SrcWrapper/src/LL/stm32yyxx_ll_fsmc.c.o
LOAD .pio/build/stm32f405/SrcWrapper/src/LL/stm32yyxx_ll_gpio.c.o
LOAD .pio/build/stm32f405/SrcWrapper/src/LL/stm32yyxx_ll_hrtim.c.o
LOAD .pio/build/stm32f405/SrcWrapper/src/LL/stm32yyxx_ll_i2c.c.o
LOAD .pio/build/stm32f405/SrcWrapper/src/LL/stm32yyxx_ll_i3c.c.o
LOAD .pio/build/stm32f405/SrcWrapper/src/LL/stm32yyxx_ll_icache.c.o
LOAD .pio/build/stm32f405/SrcWrapper/src/LL/stm32yyxx_ll_lpgpio.c.o
LOAD .pio/build/stm32f405/SrcWrapper/src/LL/stm32yyxx_ll_lptim.c.o
LOAD .pio/build/stm32f405/SrcWrapper/src/LL/stm32yyxx_ll_lpuart.c.o
LOAD .pio/build/stm32f405/SrcWrapper/src/LL/stm32yyxx_ll_mdma.c.o
LOAD .pio/build/stm32f405/SrcWrapper/src/LL/stm32yyxx_ll_opamp.c.o
LOAD .pio/build/stm32f405/SrcWrapper/src/LL/stm32yyxx_ll_pka.c.o
LOAD .pio/build/stm32f405/SrcWrapper/src/LL/stm32yyxx_ll_pwr.c.o
LOAD .pio/build/stm32f405/SrcWrapper/src/LL/stm32yyxx_ll_rcc.c.o
LOAD .pio/build/stm32f405/SrcWrapper/src/LL/stm32yyxx_ll_rng.c.o
LOAD .pio/build/stm32f405/SrcWrapper/src/LL/stm32yyxx_ll_rtc.c.o
LOAD .pio/build/stm32f405/SrcWrapper/src/LL/stm32yyxx_ll_sdmmc.c.o
LOAD .pio/build/stm32f405/SrcWrapper/src/LL/stm32yyxx_ll_spi.c.o
LOAD .pio/build/stm32f405/SrcWrapper/src/LL/stm32yyxx_ll_swpmi.c.o
LOAD .pio/build/stm32f405/SrcWrapper/src/LL/stm32yyxx_ll_system.c.o
LOAD .pio/build/stm32f405/SrcWrapper/src/LL/stm32yyxx_ll_tim.c.o
LOAD .pio/build/stm32f405/SrcWrapper/src/LL/stm32yyxx_ll_ucpd.c.o
LOAD .pio/build/stm32f405/SrcWrapper/src/LL/stm32yyxx_ll_usart.c.o
LOAD .pio/build/stm32f405/SrcWrapper/src/LL/stm32yyxx_ll_usb.c.o
LOAD .pio/build/stm32f405/SrcWrapper/src/LL/stm32yyxx_ll_utils.c.o
LOAD .pio/build/stm32f405/SrcWrapper/src/new.cpp.o
LOAD .pio/build/stm32f405/SrcWrapper/src/stm32/PortNames.c.o
LOAD .pio/build/stm32f405/SrcWrapper/src/stm32/analog.cpp.o
LOAD .pio/build/stm32f405/SrcWrapper/src/stm32/bootloader.c.o
LOAD .pio/build/stm32f405/SrcWrapper/src/stm32/clock.c.o
LOAD .pio/build/stm32f405/SrcWrapper/src/stm32/core_callback.c.o
LOAD .pio/build/stm32f405/SrcWrapper/src/stm32/dwt.c.o
LOAD .pio/build/stm32f405/SrcWrapper/src/stm32/hw_config.c.o