Archive member included to satisfy reference by file (symbol)

.pio/build/stm32f407/libFrameworkArduino.a(HardwareSerial.cpp.o)
                              .pio/build/stm32f407/src/board_a/main.cpp.o (HardwareSerial::available())
.pio/build/stm32f407/libFrameworkArduino.a(Print.cpp.o)
                              .pio/build/stm32f407/src/board_a/main.cpp.o (Print::print(char const*))
.pio/build/stm32f407/libFrameworkArduino.a(Stream.cpp.o)
                              .pio/build/stm32f407/libFrameworkArduino.a(HardwareSerial.cpp.o) (Stream::readBytes(char*, unsigned int))
.pio/build/stm32f407/libFrameworkArduino.a(WString.cpp.o)
                              .pio/build/stm32f407/libFrameworkArduino.a(Stream.cpp.o) (String::String(char const*))
.pio/build/stm32f407/libFrameworkArduino.a(dtostrf.c.o)
                              .pio/build/stm32f407/libFrameworkArduino.a(WString.cpp.o) (dtostrf)
.pio/build/stm32f407/libFrameworkArduino.a(itoa.c.o)
                              .pio/build/stm32f407/libFrameworkArduino.a(WString.cpp.o) (ltoa)
.pio/build/stm32f407/libFrameworkArduino.a(main.cpp.o)
                              /Users/mackbook/.platformio/packages/toolchain-gccarmnoneeabi/bin/../lib/gcc/arm-none-eabi/12.3.1/../../../../arm-none-eabi/lib/thumb/v7e-m+fp/hard/crt0.o (main)
.pio/build/stm32f407/libFrameworkArduino.a(startup_stm32yyxx.S.o)
                              (Reset_Handler)
.pio/build/stm32f407/libFrameworkArduino.a(wiring_digital.c.o)
                              .pio/build/stm32f407/src/board_a/main.cpp.o (pinMode)
.pio/build/stm32f407/libFrameworkArduino.a(wiring_time.c.o)
                              .pio/build/stm32f407/libFrameworkArduino.a(Stream.cpp.o) (millis)
.pio/build/stm32f407/libFrameworkArduino.a(WSerial.cpp.o)
                              .pio/build/stm32f407/libFrameworkArduino.a(main.cpp.o) (serialEventRun())
.pio/build/stm32f407/libFrameworkArduino.a(board.c.o)
                              .pio/build/stm32f407/libFrameworkArduino.a(main.cpp.o) (init)
.pio/build/stm32f407/libFrameworkArduino.a(hooks.c.o)
                              .pio/build/stm32f407/libFrameworkArduino.a(wiring_time.c.o) (yield)
.pio/build/stm32f407/libFrameworkArduino.a(wiring_analog.c.o)
                              .pio/build/stm32f407/libFrameworkArduino.a(wiring_digital.c.o) (g_anOutputPinConfigured)
.pio/build/stm32f407/libFrameworkArduino.a(pins_arduino.c.o)
                              .pio/build/stm32f407/libFrameworkArduino.a(wiring_analog.c.o) (analogInputToPinName)
/Users/mackbook/.platformio/packages/toolchain-gccarmnoneeabi/bin/../lib/gcc/arm-none-eabi/12.3.1/thumb/v7e-m+fp/hard/libgcc.a(_arm_muldf3.o)
                              .pio/build/stm32f407/SrcWrapper/src/HardwareTimer.cpp.o (__aeabi_dmul)
/Users/mackbook/.platformio/packages/toolchain-gccarmnoneeabi/bin/../lib/gcc/arm-none-eabi/12.3.1/thumb/v7e-m+fp/hard/libgcc.a(_arm_addsubdf3.o)
                              .pio/build/stm32f407/libFrameworkArduino.a(Print.cpp.o) (__aeabi_dsub)
/Users/mackbook/.platformio/packages/toolchain-gccarmnoneeabi/bin/../lib/gcc/arm-none-eabi/12.3.1/thumb/v7e-m+fp/hard/libgcc.a(_arm_muldivdf3.o)
                              .pio/build/stm32f407/SrcWrapper/src/HardwareTimer.cpp.o (__aeabi_ddiv)
/Users/mackbook/.platformio/packages/toolchain-gccarmnoneeabi/bin/../lib/gcc/arm-none-eabi/12.3.1/thumb/v7e-m+fp/hard/libgcc.a(_arm_cmpdf2.o)
                              .pio/build/stm32f407/libFrameworkArduino.a(Print.cpp.o) (__aeabi_dcmplt)
/Users/mackbook/.platformio/packages/toolchain-gccarmnoneeabi/bin/../lib/gcc/arm-none-eabi/12.3.1/thumb/v7e-m+fp/hard/libgcc.a(_arm_unorddf2.o)
                              .pio/build/stm32f407/libFrameworkArduino.a(Print.cpp.o) (__aeabi_dcmpun)
/Users/mackbook/.platformio/packages/toolchain-gccarmnoneeabi/bin/../lib/gcc/arm-none-eabi/12.3.1/thumb/v7e-m+fp/hard/libgcc.a(_arm_fixdfsi.o)
                              .pio/build/stm32f407/src/board_a/json_parser.cpp.o (__aeabi_d2iz)
/Users/mackbook/.platformio/packages/toolchain-gccarmnoneeabi/bin/../lib/gcc/arm-none-eabi/12.3.1/thumb/v7e-m+fp/hard/libgcc.a(_arm_fixunsdfsi.o)
                              .pio/build/stm32f407/SrcWrapper/src/HardwareTimer.cpp.o (__aeabi_d2uiz)
/Users/mackbook/.platformio/packages/toolchain-gccarmnoneeabi/bin/../lib/gcc/arm-none-eabi/12.3.1/thumb/v7e-m+fp/hard/libgcc.a(_arm_truncdfsf2.o)
                              .pio/build/stm32f407/src/board_a/json_parser.cpp.o (__aeabi_d2f)
/Users/mackbook/.platformio/packages/toolchain-gccarmnoneeabi/bin/../lib/gcc/arm-none-eabi/12.3.1/thumb/v7e-m+fp/hard/libgcc.a(_aeabi_ldivmod.o)
                              .pio/build/stm32f407/SrcWrapper/src/HAL/stm32yyxx_hal_rcc.c.o (__aeabi_ldivmod)
/Users/mackbook/.platformio/packages/toolchain-gccarmnoneeabi/bin/../lib/gcc/arm-none-eabi/12.3.1/thumb/v7e-m+fp/hard/libgcc.a(_aeabi_uldivmod.o)
[...]
Memory Configuration

Name             Origin             Length             Attributes
*default*        0x00000000         0xffffffff
CCMRAM           0x10000000         0x00010000         xrw
RAM              0x20000000         0x00020000         xrw
FLASH            0x08000000         0x00100000         xr

Linker script and memory map

                0x20020000                        _estack = (ORIGIN (RAM) + LENGTH (RAM))
                0x00000200                        _Min_Heap_Size = 0x200
                0x00000400                        _Min_Stack_Size = 0x400

.isr_vector     0x08000000      0x188
                0x08000000                        . = ALIGN (0x4)
 *(.isr_vector)
 .isr_vector    0x08000000      0x188 .pio/build/stm32f407/libFrameworkArduino.a(startup_stm32yyxx.S.o)
                0x08000000                g_pfnVectors
                0x08000188                        . = ALIGN (0x4)

.text           0x08000190     0x8f4c
                0x08000190                        . = ALIGN (0x4)
 *(.text)
 .text          0x08000190      0x378 /Users/mackbook/.platformio/packages/toolchain-gccarmnoneeabi/bin/../lib/gcc/arm-none-eabi/12.3.1/thumb/v7e-m+fp/hard/libgcc.a(_arm_addsubdf3.o)
                0x08000190                __aeabi_drsub
                0x08000198                __subdf3
                0x08000198                __aeabi_dsub
                0x0800019c                __aeabi_dadd
                0x0800019c                __adddf3
                0x08000414                __aeabi_ui2d
                0x08000414                __floatunsidf
                0x08000434                __floatsidf
                0x08000434                __aeabi_i2d
                0x08000458                __extendsfdf2
                0x08000458                __aeabi_f2d
                0x0800049c                __aeabi_ul2d
                0x0800049c                __floatundidf
                0x080004ac                __aeabi_l2d
                0x080004ac                __floatdidf
 .text          0x08000508      0x424 /Users/mackbook/.platformio/packages/toolchain-gccarmnoneeabi/bin/../lib/gcc/arm-none-eabi/12.3.1/thumb/v7e-m+fp/hard/libgcc.a(_arm_muldivdf3.o)
                0x08000508                __aeabi_dmul
                0x08000508                __muldf3
                0x0800075c                __aeabi_ddiv
                0x0800075c                __divdf3
 .text          0x0800092c      0x110 /Users/mackbook/.platformio/packages/toolchain-gccarmnoneeabi/bin/../lib/gcc/arm-none-eabi/12.3.1/thumb/v7e-m+fp/hard/libgcc.a(_arm_cmpdf2.o)
                0x0800092c                __gedf2
                0x0800092c                __gtdf2
                0x08000934                __ledf2
                0x08000934                __ltdf2
                0x0800093c                __cmpdf2
                0x0800093c                __eqdf2
                0x0800093c                __nedf2
                0x080009b8                __aeabi_cdrcmple
                0x080009c8                __aeabi_cdcmple
                0x080009c8                __aeabi_cdcmpeq
                0x080009d8                __aeabi_dcmpeq
                0x080009ec                __aeabi_dcmplt
                0x08000a00                __aeabi_dcmple
                0x08000a14                __aeabi_dcmpge
                0x08000a28                __aeabi_dcmpgt
 .text          0x08000a3c       0x50 /Users/mackbook/.platformio/packages/toolchain-gccarmnoneeabi/bin/../lib/gcc/arm-none-eabi/12.3.1/thumb/v7e-m+fp/hard/libgcc.a(_arm_fixdfsi.o)
                0x08000a3c                __fixdfsi
                0x08000a3c                __aeabi_d2iz
 .text          0x08000a8c       0x40 /Users/mackbook/.platformio/packages/toolchain-gccarmnoneeabi/bin/../lib/gcc/arm-none-eabi/12.3.1/thumb/v7e-m+fp/hard/libgcc.a(_arm_fixunsdfsi.o)
                0x08000a8c                __fixunsdfsi
                0x08000a8c                __aeabi_d2uiz
 .text          0x08000acc       0xa0 /Users/mackbook/.platformio/packages/toolchain-gccarmnoneeabi/bin/../lib/gcc/arm-none-eabi/12.3.1/thumb/v7e-m+fp/hard/libgcc.a(_arm_truncdfsf2.o)
                0x08000acc                __aeabi_d2f
                0x08000acc                __truncdfsf2
 .text          0x08000b6c       0x30 /Users/mackbook/.platformio/packages/toolchain-gccarmnoneeabi/bin/../lib/gcc/arm-none-eabi/12.3.1/thumb/v7e-m+fp/hard/libgcc.a(_aeabi_uldivmod.o)
                0x08000b6c                __aeabi_uldivmod
 .text          0x08000b9c        0x4 /Users/mackbook/.platformio/packages/toolchain-gccarmnoneeabi/bin/../lib/gcc/arm-none-eabi/12.3.1/thumb/v7e-m+fp/hard/libgcc.a(_dvmd_tls.o)
                0x08000b9c                __aeabi_ldiv0
                0x08000b9c                __aeabi_idiv0
 .text          0x08000ba0       0xa0 /Users/mackbook/.platformio/packages/toolchain-gccarmnoneeabi/bin/../lib/gcc/arm-none-eabi/12.3.1/../../../../arm-none-eabi/lib/thumb/v7e-m+fp/hard/libc_nano.a(libc_a-memchr.o)
                0x08000ba0                memchr
 .text          0x08000c40       0x10 /Users/mackbook/.platformio/packages/toolchain-gccarmnoneeabi/bin/../lib/gcc/arm-none-eabi/12.3.1/../../../../arm-none-eabi/lib/thumb/v7e-m+fp/hard/libc_nano.a(libc_a-strlen.o)
                0x08000c40                strlen
 *(.text*)
 .text.__do_global_dtors_aux
                0x08000c50       0x24 /Users/mackbook/.platformio/packages/toolchain-gccarmnoneeabi/bin/../lib/gcc/arm-none-eabi/12.3.1/thumb/v7e-m+fp/hard/crtbegin.o
 .text.frame_dummy
                0x08000c74       0x1c /Users/mackbook/.platformio/packages/toolchain-gccarmnoneeabi/bin/../lib/gcc/arm-none-eabi/12.3.1/thumb/v7e-m+fp/hard/crtbegin.o
 .text.SystemClock_Config
                0x08000c90       0x9c .pio/build/stm32f407/FrameworkArduinoVariant/generic_clock.c.o
                0x08000c90                SystemClock_Config
 .text.HAL_MspInit
                0x08000d2c        0x2 .pio/build/stm32f407/SrcWrapper/src/HAL/stm32yyxx_hal.c.o
                0x08000d2c                HAL_MspInit
 *fill*         0x08000d2e        0x2 
 .text.HAL_InitTick
                0x08000d30       0x48 .pio/build/stm32f407/SrcWrapper/src/HAL/stm32yyxx_hal.c.o
                0x08000d30                HAL_InitTick
 .text.HAL_Init
                0x08000d78       0x34 .pio/build/stm32f407/SrcWrapper/src/HAL/stm32yyxx_hal.c.o
                0x08000d78                HAL_Init
 .text.HAL_IncTick
                0x08000dac       0x18 .pio/build/stm32f407/SrcWrapper/src/HAL/stm32yyxx_hal.c.o
                0x08000dac                HAL_IncTick
 .text.HAL_GetTick
                0x08000dc4        0xc .pio/build/stm32f407/SrcWrapper/src/HAL/stm32yyxx_hal.c.o
                0x08000dc4                HAL_GetTick
 .text.HAL_NVIC_SetPriorityGrouping
                0x08000dd0       0x24 .pio/build/stm32f407/SrcWrapper/src/HAL/stm32yyxx_hal_cortex.c.o
                0x08000dd0                HAL_NVIC_SetPriorityGrouping
 .text.HAL_NVIC_SetPriority
                0x08000df4       0x64 .pio/build/stm32f407/SrcWrapper/src/HAL/stm32yyxx_hal_cortex.c.o
                0x08000df4                HAL_NVIC_SetPriority
 .text.HAL_NVIC_EnableIRQ
                0x08000e58       0x1c .pio/build/stm32f407/SrcWrapper/src/HAL/stm32yyxx_hal_cortex.c.o
                0x08000e58                HAL_NVIC_EnableIRQ
 .text.HAL_NVIC_DisableIRQ
                0x08000e74       0x24 .pio/build/stm32f407/SrcWrapper/src/HAL/stm32yyxx_hal_cortex.c.o
                0x08000e74                HAL_NVIC_DisableIRQ
 .text.HAL_SYSTICK_Config
                0x08000e98       0x28 .pio/build/stm32f407/SrcWrapper/src/HAL/stm32yyxx_hal_cortex.c.o
                0x08000e98                HAL_SYSTICK_Config
 .text.HAL_NVIC_ClearPendingIRQ
                0x08000ec0       0x1c .pio/build/stm32f407/SrcWrapper/src/HAL/stm32yyxx_hal_cortex.c.o
                0x08000ec0                HAL_NVIC_ClearPendingIRQ
 .text.HAL_SYSTICK_Callback
                0x08000edc        0x2 .pio/build/stm32f407/SrcWrapper/src/HAL/stm32yyxx_hal_cortex.c.o
                0x08000edc                HAL_SYSTICK_Callback
 .text.HAL_SYSTICK_IRQHandler
                0x08000ede        0x8 .pio/build/stm32f407/SrcWrapper/src/HAL/stm32yyxx_hal_cortex.c.o
                0x08000ede                HAL_SYSTICK_IRQHandler
 .text.HAL_CRC_MspInit
                0x08000ee6        0x2 .pio/build/stm32f407/SrcWrapper/src/HAL/stm32yyxx_hal_crc.c.o
                0x08000ee6                HAL_CRC_MspInit
 .text.HAL_CRC_Init
                0x08000ee8       0x20 .pio/build/stm32f407/SrcWrapper/src/HAL/stm32yyxx_hal_crc.c.o
                0x08000ee8                HAL_CRC_Init
 .text.HAL_DAC_DeInit
                0x08000f08       0x1c .pio/build/stm32f407/SrcWrapper/src/HAL/stm32yyxx_hal_dac.c.o
                0x08000f08                HAL_DAC_DeInit
 .text.HAL_DAC_Stop
                0x08000f24       0x22 .pio/build/stm32f407/SrcWrapper/src/HAL/stm32yyxx_hal_dac.c.o
                0x08000f24                HAL_DAC_Stop
 .text.HAL_DMA_Abort
                0x08000f46       0x7c .pio/build/stm32f407/SrcWrapper/src/HAL/stm32yyxx_hal_dma.c.o
                0x08000f46                HAL_DMA_Abort
 .text.HAL_DMA_Abort_IT
                0x08000fc2       0x24 .pio/build/stm32f407/SrcWrapper/src/HAL/stm32yyxx_hal_dma.c.o
                0x08000fc2                HAL_DMA_Abort_IT
 *fill*         0x08000fe6        0x2 
 .text.FLASH_Program_DoubleWord
                0x08000fe8       0x2c .pio/build/stm32f407/SrcWrapper/src/HAL/stm32yyxx_hal_flash.c.o
 .text.FLASH_Program_Word
                0x08001014       0x24 .pio/build/stm32f407/SrcWrapper/src/HAL/stm32yyxx_hal_flash.c.o
 .text.FLASH_Program_HalfWord
                0x08001038       0x24 .pio/build/stm32f407/SrcWrapper/src/HAL/stm32yyxx_hal_flash.c.o
 .text.FLASH_SetErrorCode
                0x0800105c       0x74 .pio/build/stm32f407/SrcWrapper/src/HAL/stm32yyxx_hal_flash.c.o
 .text.HAL_FLASH_Unlock
                0x080010d0       0x24 .pio/build/stm32f407/SrcWrapper/src/HAL/stm32yyxx_hal_flash.c.o
                0x080010d0                HAL_FLASH_Unlock
 .text.HAL_FLASH_Lock
                0x080010f4       0x14 .pio/build/stm32f407/SrcWrapper/src/HAL/stm32yyxx_hal_flash.c.o
                0x080010f4                HAL_FLASH_Lock
 .text.FLASH_WaitForLastOperation
                0x08001108       0x50 .pio/build/stm32f407/SrcWrapper/src/HAL/stm32yyxx_hal_flash.c.o
                0x08001108                FLASH_WaitForLastOperation
 .text.HAL_FLASH_Program
                0x08001158       0x8c .pio/build/stm32f407/SrcWrapper/src/HAL/stm32yyxx_hal_flash.c.o
                0x08001158                HAL_FLASH_Program
 .text.FLASH_MassErase.constprop.0
                0x080011e4       0x24 .pio/build/stm32f407/SrcWrapper/src/HAL/stm32yyxx_hal_flash_ex.c.o
 .text.FLASH_Erase_Sector
                0x08001208       0x3c .pio/build/stm32f407/SrcWrapper/src/HAL/stm32yyxx_hal_flash_ex.c.o
                0x08001208                FLASH_Erase_Sector
 .text.FLASH_FlushCaches
                0x08001244       0x58 .pio/build/stm32f407/SrcWrapper/src/HAL/stm32yyxx_hal_flash_ex.c.o
                0x08001244                FLASH_FlushCaches
 .text.HAL_FLASHEx_Erase
                0x0800129c       0xa0 .pio/build/stm32f407/SrcWrapper/src/HAL/stm32yyxx_hal_flash_ex.c.o
                0x0800129c                HAL_FLASHEx_Erase
 .text.HAL_GPIO_Init
                0x0800133c      0x1c8 .pio/build/stm32f407/SrcWrapper/src/HAL/stm32yyxx_hal_gpio.c.o
                0x0800133c                HAL_GPIO_Init
 .text.HAL_GPIO_WritePin
                0x08001504        0xa .pio/build/stm32f407/SrcWrapper/src/HAL/stm32yyxx_hal_gpio.c.o
                0x08001504                HAL_GPIO_WritePin
 *fill*         0x0800150e        0x2 
 .text.HAL_GPIO_EXTI_IRQHandler
                0x08001510       0x18 .pio/build/stm32f407/SrcWrapper/src/HAL/stm32yyxx_hal_gpio.c.o
                0x08001510                HAL_GPIO_EXTI_IRQHandler
 .text.HAL_RCC_OscConfig
                0x08001528      0x35c .pio/build/stm32f407/SrcWrapper/src/HAL/stm32yyxx_hal_rcc.c.o
                0x08001528                HAL_RCC_OscConfig
 .text.HAL_RCC_GetSysClockFreq
                0x08001884       0x5c .pio/build/stm32f407/SrcWrapper/src/HAL/stm32yyxx_hal_rcc.c.o
                0x08001884                HAL_RCC_GetSysClockFreq
 .text.HAL_RCC_ClockConfig
                0x080018e0      0x134 .pio/build/stm32f407/SrcWrapper/src/HAL/stm32yyxx_hal_rcc.c.o
                0x080018e0                HAL_RCC_ClockConfig
 .text.HAL_RCC_GetPCLK1Freq
                0x08001a14       0x20 .pio/build/stm32f407/SrcWrapper/src/HAL/stm32yyxx_hal_rcc.c.o
                0x08001a14                HAL_RCC_GetPCLK1Freq
 .text.HAL_RCC_GetPCLK2Freq
                0x08001a34       0x20 .pio/build/stm32f407/SrcWrapper/src/HAL/stm32yyxx_hal_rcc.c.o
                0x08001a34                HAL_RCC_GetPCLK2Freq
 .text.HAL_TIM_PWM_PulseFinishedCallback
                0x08001a54        0x2 .pio/build/stm32f407/SrcWrapper/src/HAL/stm32yyxx_hal_tim.c.o
                0x08001a54                HAL_TIM_PWM_PulseFinishedCallback
 .text.HAL_TIM_TriggerCallback
                0x08001a56        0x2 .pio/build/stm32f407/SrcWrapper/src/HAL/stm32yyxx_hal_tim.c.o
                0x08001a56                HAL_TIM_TriggerCallback
 .text.HAL_TIM_IRQHandler
                0x08001a58      0x128 .pio/build/stm32f407/SrcWrapper/src/HAL/stm32yyxx_hal_tim.c.o
                0x08001a58                HAL_TIM_IRQHandler
 .text.TIM_Base_SetConfig
                0x08001b80       0xac .pio/build/stm32f407/SrcWrapper/src/HAL/stm32yyxx_hal_tim.c.o
                0x08001b80                TIM_Base_SetConfig
 .text.HAL_TIM_Base_Init
                0x08001c2c       0x58 .pio/build/stm32f407/SrcWrapper/src/HAL/stm32yyxx_hal_tim.c.o
                0x08001c2c                HAL_TIM_Base_Init
 .text.HAL_TIMEx_CommutCallback
                0x08001c84        0x2 .pio/build/stm32f407/SrcWrapper/src/HAL/stm32yyxx_hal_tim_ex.c.o
                0x08001c84                HAL_TIMEx_CommutCallback
 .text.HAL_TIMEx_BreakCallback
                0x08001c86        0x2 .pio/build/stm32f407/SrcWrapper/src/HAL/stm32yyxx_hal_tim_ex.c.o
                0x08001c86                HAL_TIMEx_BreakCallback
 .text.UART_EndRxTransfer
                0x08001c88       0x5c .pio/build/stm32f407/SrcWrapper/src/HAL/stm32yyxx_hal_uart.c.o
 .text.UART_SetConfig
                0x08001ce4       0xbc .pio/build/stm32f407/SrcWrapper/src/HAL/stm32yyxx_hal_uart.c.o
 .text.UART_WaitOnFlagUntilTimeout.constprop.0
                0x08001da0       0x64 .pio/build/stm32f407/SrcWrapper/src/HAL/stm32yyxx_hal_uart.c.o
 .text.HAL_UART_MspInit
                0x08001e04        0x2 .pio/build/stm32f407/SrcWrapper/src/HAL/stm32yyxx_hal_uart.c.o
                0x08001e04                HAL_UART_MspInit
 .text.HAL_UART_Init
                0x08001e06       0x5e .pio/build/stm32f407/SrcWrapper/src/HAL/stm32yyxx_hal_uart.c.o
                0x08001e06                HAL_UART_Init
 .text.HAL_HalfDuplex_Init
                0x08001e64       0x66 .pio/build/stm32f407/SrcWrapper/src/HAL/stm32yyxx_hal_uart.c.o
                0x08001e64                HAL_HalfDuplex_Init
 .text.HAL_UART_Transmit
                0x08001eca       0x9c .pio/build/stm32f407/SrcWrapper/src/HAL/stm32yyxx_hal_uart.c.o
                0x08001eca                HAL_UART_Transmit
 .text.HAL_UART_Transmit_IT
                0x08001f66       0x32 .pio/build/stm32f407/SrcWrapper/src/HAL/stm32yyxx_hal_uart.c.o
                0x08001f66                HAL_UART_Transmit_IT
 .text.UART_DMAAbortOnError
                0x08001f98        0xe .pio/build/stm32f407/SrcWrapper/src/HAL/stm32yyxx_hal_uart.c.o
 .text.HAL_UARTEx_RxEventCallback
                0x08001fa6        0x2 .pio/build/stm32f407/SrcWrapper/src/HAL/stm32yyxx_hal_uart.c.o
                0x08001fa6                HAL_UARTEx_RxEventCallback
 .text.UART_Receive_IT.isra.0
                0x08001fa8       0xb6 .pio/build/stm32f407/SrcWrapper/src/HAL/stm32yyxx_hal_uart.c.o
 *fill*         0x0800205e        0x2 
 .text.HAL_UART_IRQHandler
                0x08002060      0x2e8 .pio/build/stm32f407/SrcWrapper/src/HAL/stm32yyxx_hal_uart.c.o
                0x08002060                HAL_UART_IRQHandler
 .text.HAL_HalfDuplex_EnableTransmitter
                0x08002348       0x30 .pio/build/stm32f407/SrcWrapper/src/HAL/stm32yyxx_hal_uart.c.o
                0x08002348                HAL_HalfDuplex_EnableTransmitter
 .text.HAL_HalfDuplex_EnableReceiver
                0x08002378       0x30 .pio/build/stm32f407/SrcWrapper/src/HAL/stm32yyxx_hal_uart.c.o
                0x08002378                HAL_HalfDuplex_EnableReceiver
 .text.HAL_UART_GetState
                0x080023a8        0xc .pio/build/stm32f407/SrcWrapper/src/HAL/stm32yyxx_hal_uart.c.o
                0x080023a8                HAL_UART_GetState
 .text.UART_Start_Receive_IT
                0x080023b4       0x32 .pio/build/stm32f407/SrcWrapper/src/HAL/stm32yyxx_hal_uart.c.o
                0x080023b4                UART_Start_Receive_IT
 .text.HAL_UART_Receive_IT
                0x080023e6       0x22 .pio/build/stm32f407/SrcWrapper/src/HAL/stm32yyxx_hal_uart.c.o
                0x080023e6                HAL_UART_Receive_IT
 .text._ZNSt8functionIFvvEEaSEDn.isra.0
                0x08002408       0x16 .pio/build/stm32f407/SrcWrapper/src/HardwareTimer.cpp.o
 .text._ZNSt14_Function_baseD2Ev
                0x0800241e       0x12 .pio/build/stm32f407/SrcWrapper/src/HardwareTimer.cpp.o
                0x0800241e                std::_Function_base::~_Function_base()
                0x0800241e                std::_Function_base::~_Function_base()
 .text._Z15get_timer_indexP11TIM_TypeDef
                0x08002430       0xbc .pio/build/stm32f407/SrcWrapper/src/HardwareTimer.cpp.o
                0x08002430                get_timer_index(TIM_TypeDef*)
 .text._ZN13HardwareTimerD2Ev
                0x080024ec       0x40 .pio/build/stm32f407/SrcWrapper/src/HardwareTimer.cpp.o
                0x080024ec                HardwareTimer::~HardwareTimer()
                0x080024ec                HardwareTimer::~HardwareTimer()
 .text._ZN13HardwareTimer5setupEP11TIM_TypeDef
                0x0800252c       0x84 .pio/build/stm32f407/SrcWrapper/src/HardwareTimer.cpp.o
                0x0800252c                HardwareTimer::setup(TIM_TypeDef*)
 .text.TIM1_UP_TIM10_IRQHandler
                0x080025b0       0x24 .pio/build/stm32f407/SrcWrapper/src/HardwareTimer.cpp.o
                0x080025b0                TIM1_UP_TIM10_IRQHandler
 .text.TIM1_CC_IRQHandler
                0x080025d4       0x14 .pio/build/stm32f407/SrcWrapper/src/HardwareTimer.cpp.o
                0x080025d4                TIM1_CC_IRQHandler
 .text.TIM2_IRQHandler
                0x080025e8       0x14 .pio/build/stm32f407/SrcWrapper/src/HardwareTimer.cpp.o
                0x080025e8                TIM2_IRQHandler
 .text.TIM3_IRQHandler
                0x080025fc       0x14 .pio/build/stm32f407/SrcWrapper/src/HardwareTimer.cpp.o
                0x080025fc                TIM3_IRQHandler
 .text.TIM4_IRQHandler
                0x08002610       0x14 .pio/build/stm32f407/SrcWrapper/src/HardwareTimer.cpp.o
                0x08002610                TIM4_IRQHandler
 .text.TIM5_IRQHandler
                0x08002624       0x14 .pio/build/stm32f407/SrcWrapper/src/HardwareTimer.cpp.o
                0x08002624                TIM5_IRQHandler
 .text.TIM6_DAC_IRQHandler
                0x08002638       0x14 .pio/build/stm32f407/SrcWrapper/src/HardwareTimer.cpp.o
                0x08002638                TIM6_DAC_IRQHandler
 .text.TIM7_IRQHandler
                0x0800264c       0x14 .pio/build/stm32f407/SrcWrapper/src/HardwareTimer.cpp.o
                0x0800264c                TIM7_IRQHandler
 .text.TIM8_UP_TIM13_IRQHandler
                0x08002660       0x24 .pio/build/stm32f407/SrcWrapper/src/HardwareTimer.cpp.o
                0x08002660                TIM8_UP_TIM13_IRQHandler
 .text.TIM8_CC_IRQHandler
                0x08002684       0x14 .pio/build/stm32f407/SrcWrapper/src/HardwareTimer.cpp.o
                0x08002684                TIM8_CC_IRQHandler
 .text.TIM1_BRK_TIM9_IRQHandler
                0x08002698       0x14 .pio/build/stm32f407/SrcWrapper/src/HardwareTimer.cpp.o
                0x08002698                TIM1_BRK_TIM9_IRQHandler
 .text.TIM1_TRG_COM_TIM11_IRQHandler
                0x080026ac       0x14 .pio/build/stm32f407/SrcWrapper/src/HardwareTimer.cpp.o
                0x080026ac                TIM1_TRG_COM_TIM11_IRQHandler
 .text.TIM8_BRK_TIM12_IRQHandler
                0x080026c0       0x14 .pio/build/stm32f407/SrcWrapper/src/HardwareTimer.cpp.o
                0x080026c0                TIM8_BRK_TIM12_IRQHandler
 .text.TIM8_TRG_COM_TIM14_IRQHandler
                0x080026d4       0x14 .pio/build/stm32f407/SrcWrapper/src/HardwareTimer.cpp.o
                0x080026d4                TIM8_TRG_COM_TIM14_IRQHandler
 .text._ZNSt8functionIFvvEEC2Ev
                0x080026e8        0xc .pio/build/stm32f407/SrcWrapper/src/HardwareTimer.cpp.o
                0x080026e8                std::function<void ()>::function()
                0x080026e8                std::function<void ()>::function()
 .text._ZN13HardwareTimerC2EP11TIM_TypeDef
                0x080026f4       0x2a .pio/build/stm32f407/SrcWrapper/src/HardwareTimer.cpp.o
                0x080026f4                HardwareTimer::HardwareTimer(TIM_TypeDef*)
                0x080026f4                HardwareTimer::HardwareTimer(TIM_TypeDef*)
 .text._ZNKSt8functionIFvvEEclEv
                0x0800271e       0x12 .pio/build/stm32f407/SrcWrapper/src/HardwareTimer.cpp.o
                0x0800271e                std::function<void ()>::operator()() const
 .text._ZN13HardwareTimer14updateCallbackEP17TIM_HandleTypeDef
                0x08002730       0x18 .pio/build/stm32f407/SrcWrapper/src/HardwareTimer.cpp.o
                0x08002730                HardwareTimer::updateCallback(TIM_HandleTypeDef*)
 .text.HAL_TIM_PeriodElapsedCallback
                0x08002748        0x4 .pio/build/stm32f407/SrcWrapper/src/HardwareTimer.cpp.o
                0x08002748                HAL_TIM_PeriodElapsedCallback
 .text._ZN13HardwareTimer22captureCompareCallbackEP17TIM_HandleTypeDef
                0x0800274c       0x3e .pio/build/stm32f407/SrcWrapper/src/HardwareTimer.cpp.o
                0x0800274c                HardwareTimer::captureCompareCallback(TIM_HandleTypeDef*)
 .text.HAL_TIM_OC_DelayElapsedCallback
                0x0800278a        0x4 .pio/build/stm32f407/SrcWrapper/src/HardwareTimer.cpp.o
                0x0800278a                HAL_TIM_OC_DelayElapsedCallback
 .text.HAL_TIM_IC_CaptureCallback
                0x0800278e        0x4 .pio/build/stm32f407/SrcWrapper/src/HardwareTimer.cpp.o
                0x0800278e                HAL_TIM_IC_CaptureCallback
 .text._Znwj    0x08002792        0x4 .pio/build/stm32f407/SrcWrapper/src/new.cpp.o
                0x08002792                operator new(unsigned int)
 .text._ZdlPv   0x08002796        0x4 .pio/build/stm32f407/SrcWrapper/src/new.cpp.o
                0x08002796                operator delete(void*)
 .text._ZdlPvj  0x0800279a        0x4 .pio/build/stm32f407/SrcWrapper/src/new.cpp.o
                0x0800279a                operator delete(void*, unsigned int)
 *fill*         0x0800279e        0x2 
 .text.set_GPIO_Port_Clock
                0x080027a0      0x130 .pio/build/stm32f407/SrcWrapper/src/stm32/PortNames.c.o
                0x080027a0                set_GPIO_Port_Clock
 .text.get_dac_channel
                0x080028d0       0x24 .pio/build/stm32f407/SrcWrapper/src/stm32/analog.cpp.o
                0x080028d0                get_dac_channel
 .text.HAL_DAC_MspDeInit
                0x080028f4       0x2c .pio/build/stm32f407/SrcWrapper/src/stm32/analog.cpp.o
                0x080028f4                HAL_DAC_MspDeInit
 .text.dac_stop
                0x08002920       0x34 .pio/build/stm32f407/SrcWrapper/src/stm32/analog.cpp.o
                0x08002920                dac_stop
 .text.pwm_stop
                0x08002954       0x5c .pio/build/stm32f407/SrcWrapper/src/stm32/analog.cpp.o
                0x08002954                pwm_stop
 .text.getCurrentMillis
                0x080029b0        0x4 .pio/build/stm32f407/SrcWrapper/src/stm32/clock.c.o
                0x080029b0                getCurrentMillis
 .text.noOsSystickHandler
                0x080029b4        0x2 .pio/build/stm32f407/SrcWrapper/src/stm32/clock.c.o
                0x080029b4                noOsSystickHandler
                0x080029b4                osSystickHandler
 .text.SysTick_Handler
                0x080029b6       0x10 .pio/build/stm32f407/SrcWrapper/src/stm32/clock.c.o
                0x080029b6                SysTick_Handler
 .text.configHSECapacitorTuning
                0x080029c6        0x2 .pio/build/stm32f407/SrcWrapper/src/stm32/clock.c.o
                0x080029c6                configHSECapacitorTuning
 .text.configIPClock
                0x080029c8       0x4c .pio/build/stm32f407/SrcWrapper/src/stm32/clock.c.o
                0x080029c8                configIPClock
 .text.dwt_init
                0x08002a14       0x3c .pio/build/stm32f407/SrcWrapper/src/stm32/dwt.c.o
                0x08002a14                dwt_init
 .text.hw_config_init
                0x08002a50       0x24 .pio/build/stm32f407/SrcWrapper/src/stm32/hw_config.c.o
                0x08002a50                hw_config_init
 .text.startup._ZNSt8functionIFvvEEC2EDn.constprop.0.isra.0
                0x08002a74        0xc .pio/build/stm32f407/SrcWrapper/src/stm32/interrupt.cpp.o
 .text.HAL_GPIO_EXTI_Callback
                0x08002a80       0x2c .pio/build/stm32f407/SrcWrapper/src/stm32/interrupt.cpp.o
                0x08002a80                HAL_GPIO_EXTI_Callback
 .text.EXTI0_IRQHandler
                0x08002aac        0x6 .pio/build/stm32f407/SrcWrapper/src/stm32/interrupt.cpp.o
                0x08002aac                EXTI0_IRQHandler
 .text.EXTI1_IRQHandler
                0x08002ab2        0x6 .pio/build/stm32f407/SrcWrapper/src/stm32/interrupt.cpp.o
                0x08002ab2                EXTI1_IRQHandler
 .text.EXTI2_IRQHandler
                0x08002ab8        0x6 .pio/build/stm32f407/SrcWrapper/src/stm32/interrupt.cpp.o
                0x08002ab8                EXTI2_IRQHandler
 .text.EXTI3_IRQHandler
                0x08002abe        0x6 .pio/build/stm32f407/SrcWrapper/src/stm32/interrupt.cpp.o
                0x08002abe                EXTI3_IRQHandler
 .text.EXTI4_IRQHandler
                0x08002ac4        0x6 .pio/build/stm32f407/SrcWrapper/src/stm32/interrupt.cpp.o
                0x08002ac4                EXTI4_IRQHandler
 .text.EXTI9_5_IRQHandler
                0x08002aca       0x16 .pio/build/stm32f407/SrcWrapper/src/stm32/interrupt.cpp.o
                0x08002aca                EXTI9_5_IRQHandler
 .text.EXTI15_10_IRQHandler
                0x08002ae0       0x18 .pio/build/stm32f407/SrcWrapper/src/stm32/interrupt.cpp.o
                0x08002ae0                EXTI15_10_IRQHandler
 .text.startup._GLOBAL__sub_I__Z22stm32_interrupt_enable7PinNameSt8functionIFvvEEm
                0x08002af8       0xd8 .pio/build/stm32f407/SrcWrapper/src/stm32/interrupt.cpp.o
 .text.exit._GLOBAL__sub_D__Z22stm32_interrupt_enable7PinNameSt8functionIFvvEEm
                0x08002bd0       0x1c .pio/build/stm32f407/SrcWrapper/src/stm32/interrupt.cpp.o
 .text.LL_GPIO_SetPinPull
                0x08002bec       0x2a .pio/build/stm32f407/SrcWrapper/src/stm32/pinmap.c.o
 .text.pin_in_pinmap
                0x08002c16       0x1e .pio/build/stm32f407/SrcWrapper/src/stm32/pinmap.c.o
                0x08002c16                pin_in_pinmap
 .text.pin_function
                0x08002c34      0x11c .pio/build/stm32f407/SrcWrapper/src/stm32/pinmap.c.o
                0x08002c34                pin_function
 .text.pinmap_pinout
                0x08002d50       0x1a .pio/build/stm32f407/SrcWrapper/src/stm32/pinmap.c.o
                0x08002d50                pinmap_pinout
 .text.pinmap_find_peripheral
                0x08002d6a       0x16 .pio/build/stm32f407/SrcWrapper/src/stm32/pinmap.c.o
                0x08002d6a                pinmap_find_peripheral
 .text.pinmap_peripheral
                0x08002d80        0xc .pio/build/stm32f407/SrcWrapper/src/stm32/pinmap.c.o
                0x08002d80                pinmap_peripheral
 .text.pinmap_find_pin
                0x08002d8c       0x16 .pio/build/stm32f407/SrcWrapper/src/stm32/pinmap.c.o
                0x08002d8c                pinmap_find_pin
 .text.pinmap_pin
                0x08002da2        0xc .pio/build/stm32f407/SrcWrapper/src/stm32/pinmap.c.o
                0x08002da2                pinmap_pin
 .text.pinmap_find_function
                0x08002dae       0x16 .pio/build/stm32f407/SrcWrapper/src/stm32/pinmap.c.o
                0x08002dae                pinmap_find_function
 .text.pinmap_function
                0x08002dc4        0xa .pio/build/stm32f407/SrcWrapper/src/stm32/pinmap.c.o
                0x08002dc4                pinmap_function
 .text.pinmap_merge_peripheral
                0x08002dce       0x14 .pio/build/stm32f407/SrcWrapper/src/stm32/pinmap.c.o
                0x08002dce                pinmap_merge_peripheral
 *fill*         0x08002de2        0x2 
 .text.SystemInit
                0x08002de4       0x50 .pio/build/stm32f407/SrcWrapper/src/stm32/system_stm32yyxx.c.o
                0x08002de4                SystemInit
 .text.get_timer_obj
                0x08002e34        0x4 .pio/build/stm32f407/SrcWrapper/src/stm32/timer.c.o
                0x08002e34                get_timer_obj
 .text.enableTimerClock
                0x08002e38      0x200 .pio/build/stm32f407/SrcWrapper/src/stm32/timer.c.o
                0x08002e38                enableTimerClock
 .text.disableTimerClock
                0x08003038      0x130 .pio/build/stm32f407/SrcWrapper/src/stm32/timer.c.o
                0x08003038                disableTimerClock
 .text.getTimerUpIrq
                0x08003168       0xbc .pio/build/stm32f407/SrcWrapper/src/stm32/timer.c.o
                0x08003168                getTimerUpIrq
 .text.getTimerCCIrq
                0x08003224       0xc4 .pio/build/stm32f407/SrcWrapper/src/stm32/timer.c.o
                0x08003224                getTimerCCIrq
 .text.HAL_TIM_Base_MspInit
                0x080032e8       0x4e .pio/build/stm32f407/SrcWrapper/src/stm32/timer.c.o
                0x080032e8                HAL_TIM_Base_MspInit
 *fill*         0x08003336        0x2 
 .text.uart_init
                0x08003338      0x280 .pio/build/stm32f407/SrcWrapper/src/stm32/uart.c.o
                0x08003338                uart_init
 .text.serial_rx_active
                0x080035b8       0x24 .pio/build/stm32f407/SrcWrapper/src/stm32/uart.c.o
                0x080035b8                serial_rx_active
 .text.serial_tx_active
                0x080035dc       0x24 .pio/build/stm32f407/SrcWrapper/src/stm32/uart.c.o
                0x080035dc                serial_tx_active
 .text.uart_getc
                0x08003600       0x38 .pio/build/stm32f407/SrcWrapper/src/stm32/uart.c.o
                0x08003600                uart_getc
 .text.uart_attach_rx_callback
                0x08003638       0x40 .pio/build/stm32f407/SrcWrapper/src/stm32/uart.c.o
                0x08003638                uart_attach_rx_callback
 .text.uart_attach_tx_callback
                0x08003678       0x40 .pio/build/stm32f407/SrcWrapper/src/stm32/uart.c.o
                0x08003678                uart_attach_tx_callback
 .text.uart_enable_tx
                0x080036b8       0x1c .pio/build/stm32f407/SrcWrapper/src/stm32/uart.c.o
                0x080036b8                uart_enable_tx
 .text.uart_enable_rx
                0x080036d4       0x1c .pio/build/stm32f407/SrcWrapper/src/stm32/uart.c.o
                0x080036d4                uart_enable_rx
 .text.HAL_UART_RxCpltCallback
                0x080036f0        0x6 .pio/build/stm32f407/SrcWrapper/src/stm32/uart.c.o
                0x080036f0                HAL_UART_RxCpltCallback
 .text.HAL_UART_TxCpltCallback
                0x080036f6        0x6 .pio/build/stm32f407/SrcWrapper/src/stm32/uart.c.o
                0x080036f6                HAL_UART_TxCpltCallback
 .text.HAL_UART_ErrorCallback
                0x080036fc       0x7c .pio/build/stm32f407/SrcWrapper/src/stm32/uart.c.o
                0x080036fc                HAL_UART_ErrorCallback
 .text.USART1_IRQHandler
                0x08003778       0x18 .pio/build/stm32f407/SrcWrapper/src/stm32/uart.c.o
                0x08003778                USART1_IRQHandler
 .text.USART2_IRQHandler
                0x08003790       0x1c .pio/build/stm32f407/SrcWrapper/src/stm32/uart.c.o
                0x08003790                USART2_IRQHandler
 .text.USART3_IRQHandler
                0x080037ac       0x1c .pio/build/stm32f407/SrcWrapper/src/stm32/uart.c.o
                0x080037ac                USART3_IRQHandler
 .text.UART4_IRQHandler
                0x080037c8       0x18 .pio/build/stm32f407/SrcWrapper/src/stm32/uart.c.o
                0x080037c8                UART4_IRQHandler
 .text.UART5_IRQHandler
                0x080037e0       0x18 .pio/build/stm32f407/SrcWrapper/src/stm32/uart.c.o
                0x080037e0                UART5_IRQHandler
 .text.USART6_IRQHandler
                0x080037f8       0x18 .pio/build/stm32f407/SrcWrapper/src/stm32/uart.c.o
                0x080037f8                USART6_IRQHandler
 .text._sbrk    0x08003810       0x3c .pio/build/stm32f407/SrcWrapper/src/syscalls.c.o
                0x08003810                _sbrk
 .text._close   0x0800384c        0x6 .pio/build/stm32f407/SrcWrapper/src/syscalls.c.o
                0x0800384c                _close
 .text._fstat   0x08003852        0xa .pio/build/stm32f407/SrcWrapper/src/syscalls.c.o
                0x08003852                _fstat
 .text._isatty  0x0800385c        0x4 .pio/build/stm32f407/SrcWrapper/src/syscalls.c.o
                0x0800385c                _isatty
 .text._lseek   0x08003860        0x4 .pio/build/stm32f407/SrcWrapper/src/syscalls.c.o
                0x08003860                _lseek
 .text._read    0x08003864        0x4 .pio/build/stm32f407/SrcWrapper/src/syscalls.c.o
                0x08003864                _read
 .text._exit    0x08003868        0x2 .pio/build/stm32f407/SrcWrapper/src/syscalls.c.o
                0x08003868                _exit
 *fill*         0x0800386a        0x2 
 .text._kill    0x0800386c       0x10 .pio/build/stm32f407/SrcWrapper/src/syscalls.c.o
                0x0800386c                _kill
 .text._getpid  0x0800387c        0x4 .pio/build/stm32f407/SrcWrapper/src/syscalls.c.o
                0x0800387c                _getpid
 .text._ZL17find_object_rangeRKNSt7__cxx1112basic_stringIcSt11char_traitsIcESaIcEEEPKcRjS9_
                0x08003880       0x4e .pio/build/stm32f407/src/board_a/json_parser.cpp.o
 *fill*         0x080038ce        0x2 
 .text._ZL20find_number_in_rangeRKNSt7__cxx1112basic_stringIcSt11char_traitsIcESaIcEEEjjPKcRd
                0x080038d0       0xf8 .pio/build/stm32f407/src/board_a/json_parser.cpp.o
 .text._ZL17find_int_in_rangeRKNSt7__cxx1112basic_stringIcSt11char_traitsIcESaIcEEEjjPKcRl
                0x080039c8       0x2a .pio/build/stm32f407/src/board_a/json_parser.cpp.o
 .text._ZL20find_string_in_rangeRKNSt7__cxx1112basic_stringIcSt11char_traitsIcESaIcEEEjjPKcRS4_
                0x080039f2       0xc0 .pio/build/stm32f407/src/board_a/json_parser.cpp.o
 *fill*         0x08003ab2        0x2 
 .text._ZN10jsonparser23parse_json_to_appconfigERKSt6vectorIhSaIhEER9AppConfig
                0x08003ab4      0x3ac .pio/build/stm32f407/src/board_a/json_parser.cpp.o
                0x08003ab4                jsonparser::parse_json_to_appconfig(std::vector<unsigned char, std::allocator<unsigned char> > const&, AppConfig&)
 .text._ZL12usart2_printPKc
                0x08003e60       0x24 .pio/build/stm32f407/src/board_a/main.cpp.o
 .text._ZL23debug_print_config_uartv
                0x08003e84      0x198 .pio/build/stm32f407/src/board_a/main.cpp.o
 .text._ZL14print_hex_uartPKhj
                0x0800401c       0x58 .pio/build/stm32f407/src/board_a/main.cpp.o
 .text._ZL18debug_print_configv
                0x08004074      0x1ac .pio/build/stm32f407/src/board_a/main.cpp.o
 .text._ZL9print_hexPKhj
                0x08004220       0x98 .pio/build/stm32f407/src/board_a/main.cpp.o
 .text._ZNSt12_Vector_baseIhSaIhEE11_M_allocateEj.isra.0
                0x080042b8       0x16 .pio/build/stm32f407/src/board_a/main.cpp.o
 .text._ZN5Print5writeEPKc.isra.0
                0x080042ce       0x20 .pio/build/stm32f407/src/board_a/main.cpp.o
 *fill*         0x080042ee        0x2 
 .text._Z10initUSART2v
                0x080042f0       0x7c .pio/build/stm32f407/src/board_a/main.cpp.o
                0x080042f0                initUSART2()
 .text._Z18calculate_checksumPKht
                0x0800436c       0x14 .pio/build/stm32f407/src/board_a/main.cpp.o
                0x0800436c                calculate_checksum(unsigned char const*, unsigned short)
 .text._Z7set_ledb
                0x08004380       0x3c .pio/build/stm32f407/src/board_a/main.cpp.o
                0x08004380                set_led(bool)
 .text._ZNSt6vectorIhSaIhEE5clearEv
                0x080043bc        0xc .pio/build/stm32f407/src/board_a/main.cpp.o
                0x080043bc                std::vector<unsigned char, std::allocator<unsigned char> >::clear()
 .text._ZNSt6vectorIhSaIhEE7reserveEj
                0x080043c8       0x5c .pio/build/stm32f407/src/board_a/main.cpp.o
                0x080043c8                std::vector<unsigned char, std::allocator<unsigned char> >::reserve(unsigned int)
 .text._ZNSt6vectorIhSaIhEE9push_backERKh
                0x08004424       0x8c .pio/build/stm32f407/src/board_a/main.cpp.o
                0x08004424                std::vector<unsigned char, std::allocator<unsigned char> >::push_back(unsigned char const&)
 .text._ZNSt12_Vector_baseIhSaIhEED2Ev
                0x080044b0       0x14 .pio/build/stm32f407/src/board_a/main.cpp.o
                0x080044b0                std::_Vector_base<unsigned char, std::allocator<unsigned char> >::~_Vector_base()
                0x080044b0                std::_Vector_base<unsigned char, std::allocator<unsigned char> >::~_Vector_base()
 .text._ZNSt11__copy_moveILb0ELb1ESt26random_access_iterator_tagE8__copy_mIhEEPT_PKS3_S6_S4_
                0x080044c4       0x18 .pio/build/stm32f407/src/board_a/main.cpp.o
                0x080044c4                unsigned char* std::__copy_move<false, true, std::random_access_iterator_tag>::__copy_m<unsigned char>(unsigned char const*, unsigned char const*, unsigned char*)
 *fill*         0x080044dc        0x4 
 .text._ZL23store_and_apply_payloadRKSt6vectorIhSaIhEE.isra.0
                0x080044e0      0x248 .pio/build/stm32f407/src/board_a/main.cpp.o
 .text.startup._GLOBAL__sub_I_huart2
                0x08004728       0x28 .pio/build/stm32f407/src/board_a/main.cpp.o
 .text.exit._GLOBAL__sub_D_huart2
                0x08004750       0x24 .pio/build/stm32f407/src/board_a/main.cpp.o
 .text._ZL21read_byte_nonblockingv
                0x08004774       0x40 .pio/build/stm32f407/src/board_a/main.cpp.o
 .text._ZL11drain_inputv
                0x080047b4        0xc .pio/build/stm32f407/src/board_a/main.cpp.o
 .text._Z20process_valid_packetv
                0x080047c0       0xc0 .pio/build/stm32f407/src/board_a/main.cpp.o
                0x080047c0                process_valid_packet()
 .text.setup    0x08004880      0x27c .pio/build/stm32f407/src/board_a/main.cpp.o
                0x08004880                setup
 .text.loop     0x08004afc      0x3e4 .pio/build/stm32f407/src/board_a/main.cpp.o
                0x08004afc                loop
 .text._Z20pack_appconfig_frameRK9AppConfigPhj.part.0
                0x08004ee0      0x110 .pio/build/stm32f407/src/board_a/protocol.cpp.o
 .text._Z20pack_appconfig_frameRK9AppConfigPhj
                0x08004ff0        0xe .pio/build/stm32f407/src/board_a/protocol.cpp.o
                0x08004ff0                pack_appconfig_frame(AppConfig const&, unsigned char*, unsigned int)
 *fill*         0x08004ffe        0x2 
 .text._Z24build_and_print_frame_v2RK9AppConfig
                0x08005000       0x74 .pio/build/stm32f407/src/board_a/protocol.cpp.o
                0x08005000                build_and_print_frame_v2(AppConfig const&)
 .text._Z14send_frame_canPKhj
                0x08005074        0x4 .pio/build/stm32f407/src/board_a/protocol.cpp.o
                0x08005074                send_frame_can(unsigned char const*, unsigned int)
 .text._Z14send_frame_i2cPKhjh
                0x08005078        0x4 .pio/build/stm32f407/src/board_a/protocol.cpp.o
                0x08005078                send_frame_i2c(unsigned char const*, unsigned int, unsigned char)
 .text._ZL12ITM_SendChari.isra.0
                0x0800507c       0x30 .pio/build/stm32f407/src/itm_trace.cpp.o
 .text.trace_init
                0x080050ac       0x58 .pio/build/stm32f407/src/itm_trace.cpp.o
                0x080050ac                trace_init
 .text._write_r
                0x08005104       0x1a .pio/build/stm32f407/src/itm_trace.cpp.o
                0x08005104                _write_r
 .text._ZN14HardwareSerial9availableEv
                0x0800511e       0x10 .pio/build/stm32f407/libFrameworkArduino.a(HardwareSerial.cpp.o)
                0x0800511e                HardwareSerial::available()
 .text._ZN14HardwareSerial4peekEv
                0x0800512e       0x1a .pio/build/stm32f407/libFrameworkArduino.a(HardwareSerial.cpp.o)
                0x0800512e                HardwareSerial::peek()
 .text._ZN14HardwareSerial17availableForWriteEv
                0x08005148       0x1c .pio/build/stm32f407/libFrameworkArduino.a(HardwareSerial.cpp.o)
                0x08005148                HardwareSerial::availableForWrite()
 .text._ZN14HardwareSerial5writeEh
                0x08005164       0x18 .pio/build/stm32f407/libFrameworkArduino.a(HardwareSerial.cpp.o)
                0x08005164                HardwareSerial::write(unsigned char)
 .text._ZN14HardwareSerial16_rx_complete_irqEP8serial_s
                0x0800517c       0x36 .pio/build/stm32f407/libFrameworkArduino.a(HardwareSerial.cpp.o)
                0x0800517c                HardwareSerial::_rx_complete_irq(serial_s*)
 *fill*         0x080051b2        0x2 
 .text._ZN14HardwareSerial16_tx_complete_irqEP8serial_s
                0x080051b4       0x60 .pio/build/stm32f407/libFrameworkArduino.a(HardwareSerial.cpp.o)
                0x080051b4                HardwareSerial::_tx_complete_irq(serial_s*)
 .text._ZN14HardwareSerial5writeEPKhj
                0x08005214       0xe4 .pio/build/stm32f407/libFrameworkArduino.a(HardwareSerial.cpp.o)
                0x08005214                HardwareSerial::write(unsigned char const*, unsigned int)
 .text._ZN14HardwareSerial4initE7PinNameS0_S0_S0_
                0x080052f8       0x32 .pio/build/stm32f407/libFrameworkArduino.a(HardwareSerial.cpp.o)
                0x080052f8                HardwareSerial::init(PinName, PinName, PinName, PinName)
 .text._ZN14HardwareSerial5flushEm
                0x0800532a       0x36 .pio/build/stm32f407/libFrameworkArduino.a(HardwareSerial.cpp.o)
                0x0800532a                HardwareSerial::flush(unsigned long)
 .text._ZN14HardwareSerial5flushEv
                0x08005360        0x6 .pio/build/stm32f407/libFrameworkArduino.a(HardwareSerial.cpp.o)
                0x08005360                HardwareSerial::flush()
 *fill*         0x08005366        0x2 
 .text._ZN14HardwareSerial5setRxEm
                0x08005368       0x48 .pio/build/stm32f407/libFrameworkArduino.a(HardwareSerial.cpp.o)
                0x08005368                HardwareSerial::setRx(unsigned long)
 .text._ZN14HardwareSerial5setTxEm
                0x080053b0       0x48 .pio/build/stm32f407/libFrameworkArduino.a(HardwareSerial.cpp.o)
                0x080053b0                HardwareSerial::setTx(unsigned long)
 .text._ZN14HardwareSerialC2EPv16HalfDuplexMode_t
                0x080053f8       0x9c .pio/build/stm32f407/libFrameworkArduino.a(HardwareSerial.cpp.o)
                0x080053f8                HardwareSerial::HardwareSerial(void*, HalfDuplexMode_t)
                0x080053f8                HardwareSerial::HardwareSerial(void*, HalfDuplexMode_t)
 .text._ZN14HardwareSerial18enableHalfDuplexRxEv
                0x08005494       0x2c .pio/build/stm32f407/libFrameworkArduino.a(HardwareSerial.cpp.o)
                0x08005494                HardwareSerial::enableHalfDuplexRx()
 .text._ZN14HardwareSerial5beginEmh
                0x080054c0       0x9c .pio/build/stm32f407/libFrameworkArduino.a(HardwareSerial.cpp.o)
                0x080054c0                HardwareSerial::begin(unsigned long, unsigned char)
 .text._ZN14HardwareSerial4readEv
                0x0800555c       0x2e .pio/build/stm32f407/libFrameworkArduino.a(HardwareSerial.cpp.o)
                0x0800555c                HardwareSerial::read()
 *fill*         0x0800558a        0x2 
 .text.startup._GLOBAL__sub_I_Serial4
                0x0800558c       0x14 .pio/build/stm32f407/libFrameworkArduino.a(HardwareSerial.cpp.o)
 .text._ZN5Print5writeEPKc
                0x080055a0       0x20 .pio/build/stm32f407/libFrameworkArduino.a(Print.cpp.o)
                0x080055a0                Print::write(char const*)
 .text._ZN5Print5printEPKc
                0x080055c0        0x8 .pio/build/stm32f407/libFrameworkArduino.a(Print.cpp.o)
                0x080055c0                Print::print(char const*)
 .text._ZN5Print5printEc
                0x080055c8        0x6 .pio/build/stm32f407/libFrameworkArduino.a(Print.cpp.o)
                0x080055c8                Print::print(char)
 *fill*         0x080055ce        0x2 
 .text._ZN5Print7printlnEv
                0x080055d0       0x10 .pio/build/stm32f407/libFrameworkArduino.a(Print.cpp.o)
                0x080055d0                Print::println()
 .text._ZN5Print7printlnEPK19__FlashStringHelper
                0x080055e0       0x14 .pio/build/stm32f407/libFrameworkArduino.a(Print.cpp.o)
                0x080055e0                Print::println(__FlashStringHelper const*)
 .text._ZN5Print7printlnEPKc
                0x080055f4        0x4 .pio/build/stm32f407/libFrameworkArduino.a(Print.cpp.o)
                0x080055f4                Print::println(char const*)
 .text._ZN5Print11printNumberEmh
                0x080055f8       0x3c .pio/build/stm32f407/libFrameworkArduino.a(Print.cpp.o)
                0x080055f8                Print::printNumber(unsigned long, unsigned char)
 .text._ZN5Print5printEli
                0x08005634       0x44 .pio/build/stm32f407/libFrameworkArduino.a(Print.cpp.o)
                0x08005634                Print::print(long, int)
 .text._ZN5Print5printEii
                0x08005678        0x4 .pio/build/stm32f407/libFrameworkArduino.a(Print.cpp.o)
                0x08005678                Print::print(int, int)
 .text._ZN5Print7printlnEii
                0x0800567c       0x14 .pio/build/stm32f407/libFrameworkArduino.a(Print.cpp.o)
                0x0800567c                Print::println(int, int)
 .text._ZN5Print5printEmi
                0x08005690       0x1a .pio/build/stm32f407/libFrameworkArduino.a(Print.cpp.o)
                0x08005690                Print::print(unsigned long, int)
 .text._ZN5Print7printlnEhi
                0x080056aa       0x14 .pio/build/stm32f407/libFrameworkArduino.a(Print.cpp.o)
                0x080056aa                Print::println(unsigned char, int)
 .text._ZN5Print7printlnEmi
                0x080056be       0x14 .pio/build/stm32f407/libFrameworkArduino.a(Print.cpp.o)
                0x080056be                Print::println(unsigned long, int)
 *fill*         0x080056d2        0x2 
 .text._ZN5Print10printFloatIfEEjT_h
                0x080056d4      0x104 .pio/build/stm32f407/libFrameworkArduino.a(Print.cpp.o)
                0x080056d4                unsigned int Print::printFloat<float>(float, unsigned char)
 .text._ZN5Print7printlnEfi
                0x080057d8       0x16 .pio/build/stm32f407/libFrameworkArduino.a(Print.cpp.o)
                0x080057d8                Print::println(float, int)
 .text._ZN6Stream9timedReadEv
                0x080057ee       0x2a .pio/build/stm32f407/libFrameworkArduino.a(Stream.cpp.o)
                0x080057ee                Stream::timedRead()
 .text._ZN6Stream9readBytesEPcj
                0x08005818       0x22 .pio/build/stm32f407/libFrameworkArduino.a(Stream.cpp.o)
                0x08005818                Stream::readBytes(char*, unsigned int)
 .text._ZN6Stream14readBytesUntilEcPcj
                0x0800583a       0x30 .pio/build/stm32f407/libFrameworkArduino.a(Stream.cpp.o)
                0x0800583a                Stream::readBytesUntil(char, char*, unsigned int)
 .text.startup._Z7premainv
                0x0800586a       0x10 .pio/build/stm32f407/libFrameworkArduino.a(main.cpp.o)
                0x0800586a                premain()
 .text.startup.main
                0x0800587a       0x14 .pio/build/stm32f407/libFrameworkArduino.a(main.cpp.o)
                0x0800587a                main
 *fill*         0x0800588e        0x2 
 .text.Reset_Handler
                0x08005890       0x50 .pio/build/stm32f407/libFrameworkArduino.a(startup_stm32yyxx.S.o)
                0x08005890                Reset_Handler
 .text.Default_Handler
                0x080058e0        0x2 .pio/build/stm32f407/libFrameworkArduino.a(startup_stm32yyxx.S.o)
                0x080058e0                DMA1_Stream3_IRQHandler
                0x080058e0                HASH_RNG_IRQHandler
                0x080058e0                DebugMon_Handler
                0x080058e0                DMA2_Stream5_IRQHandler
                0x080058e0                HardFault_Handler
                0x080058e0                DMA1_Stream5_IRQHandler
                0x080058e0                PVD_IRQHandler
                0x080058e0                SDIO_IRQHandler
                0x080058e0                TAMP_STAMP_IRQHandler
                0x080058e0                PendSV_Handler
                0x080058e0                NMI_Handler
                0x080058e0                CAN2_RX1_IRQHandler
                0x080058e0                I2C3_ER_IRQHandler
                0x080058e0                I2C2_EV_IRQHandler
                0x080058e0                DMA1_Stream2_IRQHandler
                0x080058e0                CAN1_RX0_IRQHandler
                0x080058e0                FPU_IRQHandler
                0x080058e0                OTG_HS_WKUP_IRQHandler
                0x080058e0                UsageFault_Handler
                0x080058e0                CAN2_SCE_IRQHandler
                0x080058e0                DMA2_Stream2_IRQHandler
                0x080058e0                SPI1_IRQHandler
                0x080058e0                DCMI_IRQHandler
                0x080058e0                CAN2_RX0_IRQHandler
                0x080058e0                DMA2_Stream3_IRQHandler
                0x080058e0                CAN1_RX1_IRQHandler
                0x080058e0                DMA2_Stream0_IRQHandler
                0x080058e0                I2C1_EV_IRQHandler
                0x080058e0                DMA1_Stream6_IRQHandler
                0x080058e0                DMA1_Stream1_IRQHandler
                0x080058e0                RCC_IRQHandler
                0x080058e0                Default_Handler
                0x080058e0                ADC_IRQHandler
                0x080058e0                DMA1_Stream7_IRQHandler
                0x080058e0                CAN2_TX_IRQHandler
                0x080058e0                DMA2_Stream7_IRQHandler
                0x080058e0                I2C3_EV_IRQHandler
                0x080058e0                RTC_WKUP_IRQHandler
                0x080058e0                ETH_WKUP_IRQHandler
                0x080058e0                SPI2_IRQHandler
                0x080058e0                OTG_HS_EP1_IN_IRQHandler
                0x080058e0                MemManage_Handler
                0x080058e0                DMA1_Stream0_IRQHandler
                0x080058e0                CAN1_TX_IRQHandler
                0x080058e0                SVC_Handler
                0x080058e0                FSMC_IRQHandler
                0x080058e0                ETH_IRQHandler
                0x080058e0                OTG_HS_EP1_OUT_IRQHandler
                0x080058e0                WWDG_IRQHandler
                0x080058e0                OTG_FS_WKUP_IRQHandler
                0x080058e0                OTG_HS_IRQHandler
                0x080058e0                I2C2_ER_IRQHandler
                0x080058e0                DMA2_Stream1_IRQHandler
                0x080058e0                CAN1_SCE_IRQHandler
                0x080058e0                FLASH_IRQHandler
                0x080058e0                DMA2_Stream4_IRQHandler
                0x080058e0                BusFault_Handler
                0x080058e0                OTG_FS_IRQHandler
                0x080058e0                SPI3_IRQHandler
                0x080058e0                DMA1_Stream4_IRQHandler
                0x080058e0                I2C1_ER_IRQHandler
                0x080058e0                DMA2_Stream6_IRQHandler
                0x080058e0                RTC_Alarm_IRQHandler
 *fill*         0x080058e2        0x2 
 .text.pinMode  0x080058e4       0xd4 .pio/build/stm32f407/libFrameworkArduino.a(wiring_digital.c.o)
                0x080058e4                pinMode
 .text.digitalWrite
                0x080059b8       0x70 .pio/build/stm32f407/libFrameworkArduino.a(wiring_digital.c.o)
                0x080059b8                digitalWrite
 .text.digitalRead
                0x08005a28       0x78 .pio/build/stm32f407/libFrameworkArduino.a(wiring_digital.c.o)
                0x08005a28                digitalRead
 .text.millis   0x08005aa0        0x4 .pio/build/stm32f407/libFrameworkArduino.a(wiring_time.c.o)
                0x08005aa0                millis
 .text.delay    0x08005aa4       0x1c .pio/build/stm32f407/libFrameworkArduino.a(wiring_time.c.o)
                0x08005aa4                delay
 .text._Z14serialEventRunv
                0x08005ac0       0x1c .pio/build/stm32f407/libFrameworkArduino.a(WSerial.cpp.o)
                0x08005ac0                serialEventRun()
 .text.init     0x08005adc        0x4 .pio/build/stm32f407/libFrameworkArduino.a(board.c.o)
                0x08005adc                init
 .text.__empty  0x08005ae0        0x2 .pio/build/stm32f407/libFrameworkArduino.a(hooks.c.o)
                0x08005ae0                yield
 *fill*         0x08005ae2        0x2 
 .text.__udivmoddi4
                0x08005ae4      0x2bc /Users/mackbook/.platformio/packages/toolchain-gccarmnoneeabi/bin/../lib/gcc/arm-none-eabi/12.3.1/thumb/v7e-m+fp/hard/libgcc.a(_udivmoddi4.o)
                0x08005ae4                __udivmoddi4
 .text.unlikely._ZSt17__throw_bad_allocv
                0x08005da0        0x6 /Users/mackbook/.platformio/packages/toolchain-gccarmnoneeabi/bin/../lib/gcc/arm-none-eabi/12.3.1/../../../../arm-none-eabi/lib/thumb/v7e-m+fp/hard/libstdc++_nano.a(functexcept.o)
                0x08005da0                std::__throw_bad_alloc()
 .text.unlikely._ZSt19__throw_logic_errorPKc
                0x08005da6        0x6 /Users/mackbook/.platformio/packages/toolchain-gccarmnoneeabi/bin/../lib/gcc/arm-none-eabi/12.3.1/../../../../arm-none-eabi/lib/thumb/v7e-m+fp/hard/libstdc++_nano.a(functexcept.o)
                0x08005da6                std::__throw_logic_error(char const*)
 .text.unlikely._ZSt20__throw_length_errorPKc
                0x08005dac        0x6 /Users/mackbook/.platformio/packages/toolchain-gccarmnoneeabi/bin/../lib/gcc/arm-none-eabi/12.3.1/../../../../arm-none-eabi/lib/thumb/v7e-m+fp/hard/libstdc++_nano.a(functexcept.o)
                0x08005dac                std::__throw_length_error(char const*)
 .text.unlikely._ZSt24__throw_out_of_range_fmtPKcz
                0x08005db2        0x8 /Users/mackbook/.platformio/packages/toolchain-gccarmnoneeabi/bin/../lib/gcc/arm-none-eabi/12.3.1/../../../../arm-none-eabi/lib/thumb/v7e-m+fp/hard/libstdc++_nano.a(functexcept.o)
                0x08005db2                std::__throw_out_of_range_fmt(char const*, ...)
 .text.unlikely._ZSt25__throw_bad_function_callv
                0x08005dba        0x6 /Users/mackbook/.platformio/packages/toolchain-gccarmnoneeabi/bin/../lib/gcc/arm-none-eabi/12.3.1/../../../../arm-none-eabi/lib/thumb/v7e-m+fp/hard/libstdc++_nano.a(functional.o)
                0x08005dba                std::__throw_bad_function_call()
 .text._ZNSt11char_traitsIcE4copyEPcPKcj.isra.0
                0x08005dc0        0x8 /Users/mackbook/.platformio/packages/toolchain-gccarmnoneeabi/bin/../lib/gcc/arm-none-eabi/12.3.1/../../../../arm-none-eabi/lib/thumb/v7e-m+fp/hard/libstdc++_nano.a(string-inst.o)
 .text._ZNSt11char_traitsIcE7compareEPKcS2_j
                0x08005dc8        0xa /Users/mackbook/.platformio/packages/toolchain-gccarmnoneeabi/bin/../lib/gcc/arm-none-eabi/12.3.1/../../../../arm-none-eabi/lib/thumb/v7e-m+fp/hard/libstdc++_nano.a(string-inst.o)
                0x08005dc8                std::char_traits<char>::compare(char const*, char const*, unsigned int)
 .text._ZNSt11char_traitsIcE4findEPKcjRS1_
                0x08005dd2       0x10 /Users/mackbook/.platformio/packages/toolchain-gccarmnoneeabi/bin/../lib/gcc/arm-none-eabi/12.3.1/../../../../arm-none-eabi/lib/thumb/v7e-m+fp/hard/libstdc++_nano.a(string-inst.o)
                0x08005dd2                std::char_traits<char>::find(char const*, unsigned int, char const&)
 .text._ZNKSt7__cxx1112basic_stringIcSt11char_traitsIcESaIcEE11_M_is_localEv
                0x08005de2        0xc /Users/mackbook/.platformio/packages/toolchain-gccarmnoneeabi/bin/../lib/gcc/arm-none-eabi/12.3.1/../../../../arm-none-eabi/lib/thumb/v7e-m+fp/hard/libstdc++_nano.a(string-inst.o)
                0x08005de2                std::__cxx11::basic_string<char, std::char_traits<char>, std::allocator<char> >::_M_is_local() const
 *fill*         0x08005dee        0x2 
 .text._ZNSt7__cxx1112basic_stringIcSt11char_traitsIcESaIcEE9_M_createERjj
                0x08005df0       0x44 /Users/mackbook/.platformio/packages/toolchain-gccarmnoneeabi/bin/../lib/gcc/arm-none-eabi/12.3.1/../../../../arm-none-eabi/lib/thumb/v7e-m+fp/hard/libstdc++_nano.a(string-inst.o)
                0x08005df0                std::__cxx11::basic_string<char, std::char_traits<char>, std::allocator<char> >::_M_create(unsigned int&, unsigned int)
 .text._ZNSt7__cxx1112basic_stringIcSt11char_traitsIcESaIcEE10_M_disposeEv
                0x08005e34       0x16 /Users/mackbook/.platformio/packages/toolchain-gccarmnoneeabi/bin/../lib/gcc/arm-none-eabi/12.3.1/../../../../arm-none-eabi/lib/thumb/v7e-m+fp/hard/libstdc++_nano.a(string-inst.o)
                0x08005e34                std::__cxx11::basic_string<char, std::char_traits<char>, std::allocator<char> >::_M_dispose()
 *fill*         0x08005e4a        0x2 
 .text._ZNKSt7__cxx1112basic_stringIcSt11char_traitsIcESaIcEE8_M_checkEjPKc
                0x08005e4c       0x1c /Users/mackbook/.platformio/packages/toolchain-gccarmnoneeabi/bin/../lib/gcc/arm-none-eabi/12.3.1/../../../../arm-none-eabi/lib/thumb/v7e-m+fp/hard/libstdc++_nano.a(string-inst.o)
                0x08005e4c                std::__cxx11::basic_string<char, std::char_traits<char>, std::allocator<char> >::_M_check(unsigned int, char const*) const
 .text._ZNSt7__cxx1112basic_stringIcSt11char_traitsIcESaIcEE7_S_copyEPcPKcj
                0x08005e68       0x18 /Users/mackbook/.platformio/packages/toolchain-gccarmnoneeabi/bin/../lib/gcc/arm-none-eabi/12.3.1/../../../../arm-none-eabi/lib/thumb/v7e-m+fp/hard/libstdc++_nano.a(string-inst.o)
                0x08005e68                std::__cxx11::basic_string<char, std::char_traits<char>, std::allocator<char> >::_S_copy(char*, char const*, unsigned int)
 .text._ZNSt7__cxx1112basic_stringIcSt11char_traitsIcESaIcEE13_S_copy_charsEPcPKcS7_
                0x08005e80        0xa /Users/mackbook/.platformio/packages/toolchain-gccarmnoneeabi/bin/../lib/gcc/arm-none-eabi/12.3.1/../../../../arm-none-eabi/lib/thumb/v7e-m+fp/hard/libstdc++_nano.a(string-inst.o)
                0x08005e80                std::__cxx11::basic_string<char, std::char_traits<char>, std::allocator<char> >::_S_copy_chars(char*, char const*, char const*)
 .text._ZNKSt7__cxx1112basic_stringIcSt11char_traitsIcESaIcEE4findEPKcjj
                0x08005e8a       0x62 /Users/mackbook/.platformio/packages/toolchain-gccarmnoneeabi/bin/../lib/gcc/arm-none-eabi/12.3.1/../../../../arm-none-eabi/lib/thumb/v7e-m+fp/hard/libstdc++_nano.a(string-inst.o)
                0x08005e8a                std::__cxx11::basic_string<char, std::char_traits<char>, std::allocator<char> >::find(char const*, unsigned int, unsigned int) const
 .text._ZNKSt7__cxx1112basic_stringIcSt11char_traitsIcESaIcEE4findEPKcj
                0x08005eec       0x1c /Users/mackbook/.platformio/packages/toolchain-gccarmnoneeabi/bin/../lib/gcc/arm-none-eabi/12.3.1/../../../../arm-none-eabi/lib/thumb/v7e-m+fp/hard/libstdc++_nano.a(string-inst.o)
                0x08005eec                std::__cxx11::basic_string<char, std::char_traits<char>, std::allocator<char> >::find(char const*, unsigned int) const
 .text._ZNKSt7__cxx1112basic_stringIcSt11char_traitsIcESaIcEE4findEcj
                0x08005f08       0x2a /Users/mackbook/.platformio/packages/toolchain-gccarmnoneeabi/bin/../lib/gcc/arm-none-eabi/12.3.1/../../../../arm-none-eabi/lib/thumb/v7e-m+fp/hard/libstdc++_nano.a(string-inst.o)
                0x08005f08                std::__cxx11::basic_string<char, std::char_traits<char>, std::allocator<char> >::find(char, unsigned int) const
 .text._ZNKSt7__cxx1112basic_stringIcSt11char_traitsIcESaIcEE7compareEPKc
                0x08005f32       0x26 /Users/mackbook/.platformio/packages/toolchain-gccarmnoneeabi/bin/../lib/gcc/arm-none-eabi/12.3.1/../../../../arm-none-eabi/lib/thumb/v7e-m+fp/hard/libstdc++_nano.a(string-inst.o)
                0x08005f32                std::__cxx11::basic_string<char, std::char_traits<char>, std::allocator<char> >::compare(char const*) const
 .text._ZNSt7__cxx1112basic_stringIcSt11char_traitsIcESaIcEE12_M_constructIPKcEEvT_S8_St20forward_iterator_tag
                0x08005f58       0x36 /Users/mackbook/.platformio/packages/toolchain-gccarmnoneeabi/bin/../lib/gcc/arm-none-eabi/12.3.1/../../../../arm-none-eabi/lib/thumb/v7e-m+fp/hard/libstdc++_nano.a(string-inst.o)
                0x08005f58                void std::__cxx11::basic_string<char, std::char_traits<char>, std::allocator<char> >::_M_construct<char const*>(char const*, char const*, std::forward_iterator_tag)
 *fill*         0x08005f8e        0x2 
 .text._ZNSt7__cxx1112basic_stringIcSt11char_traitsIcESaIcEEC2ERKS4_jj
                0x08005f90       0x44 /Users/mackbook/.platformio/packages/toolchain-gccarmnoneeabi/bin/../lib/gcc/arm-none-eabi/12.3.1/../../../../arm-none-eabi/lib/thumb/v7e-m+fp/hard/libstdc++_nano.a(string-inst.o)
                0x08005f90                std::__cxx11::basic_string<char, std::char_traits<char>, std::allocator<char> >::basic_string(std::__cxx11::basic_string<char, std::char_traits<char>, std::allocator<char> > const&, unsigned int, unsigned int)
                0x08005f90                std::__cxx11::basic_string<char, std::char_traits<char>, std::allocator<char> >::basic_string(std::__cxx11::basic_string<char, std::char_traits<char>, std::allocator<char> > const&, unsigned int, unsigned int)
 .text._ZNKSt7__cxx1112basic_stringIcSt11char_traitsIcESaIcEE6substrEjj
                0x08005fd4       0x28 /Users/mackbook/.platformio/packages/toolchain-gccarmnoneeabi/bin/../lib/gcc/arm-none-eabi/12.3.1/../../../../arm-none-eabi/lib/thumb/v7e-m+fp/hard/libstdc++_nano.a(string-inst.o)
                0x08005fd4                std::__cxx11::basic_string<char, std::char_traits<char>, std::allocator<char> >::substr(unsigned int, unsigned int) const
 .text.roundf   0x08005ffc       0x4c /Users/mackbook/.platformio/packages/toolchain-gccarmnoneeabi/bin/../lib/gcc/arm-none-eabi/12.3.1/../../../../arm-none-eabi/lib/thumb/v7e-m+fp/hard/libm.a(libm_a-sf_round.o)
                0x08005ffc                roundf
 .text.abort    0x08006048        0xe /Users/mackbook/.platformio/packages/toolchain-gccarmnoneeabi/bin/../lib/gcc/arm-none-eabi/12.3.1/../../../../arm-none-eabi/lib/thumb/v7e-m+fp/hard/libc_nano.a(libc_a-abort.o)
                0x08006048                abort
 *fill*         0x08006056        0x2 
 .text.malloc   0x08006058       0x10 /Users/mackbook/.platformio/packages/toolchain-gccarmnoneeabi/bin/../lib/gcc/arm-none-eabi/12.3.1/../../../../arm-none-eabi/lib/thumb/v7e-m+fp/hard/libc_nano.a(libc_a-malloc.o)
                0x08006058                malloc
 .text.free     0x08006068       0x10 /Users/mackbook/.platformio/packages/toolchain-gccarmnoneeabi/bin/../lib/gcc/arm-none-eabi/12.3.1/../../../../arm-none-eabi/lib/thumb/v7e-m+fp/hard/libc_nano.a(libc_a-malloc.o)
                0x08006068                free
 .text.sbrk_aligned
                0x08006078       0x44 /Users/mackbook/.platformio/packages/toolchain-gccarmnoneeabi/bin/../lib/gcc/arm-none-eabi/12.3.1/../../../../arm-none-eabi/lib/thumb/v7e-m+fp/hard/libc_nano.a(libc_a-mallocr.o)
 .text._malloc_r
                0x080060bc      0x100 /Users/mackbook/.platformio/packages/toolchain-gccarmnoneeabi/bin/../lib/gcc/arm-none-eabi/12.3.1/../../../../arm-none-eabi/lib/thumb/v7e-m+fp/hard/libc_nano.a(libc_a-mallocr.o)
                0x080060bc                _malloc_r
 .text.snprintf
                0x080061bc       0x68 /Users/mackbook/.platformio/packages/toolchain-gccarmnoneeabi/bin/../lib/gcc/arm-none-eabi/12.3.1/../../../../arm-none-eabi/lib/thumb/v7e-m+fp/hard/libc_nano.a(libc_a-snprintf.o)
                0x080061bc                snprintf
                0x080061bc                sniprintf
 .text.__malloc_lock
                0x08006224        0xc /Users/mackbook/.platformio/packages/toolchain-gccarmnoneeabi/bin/../lib/gcc/arm-none-eabi/12.3.1/../../../../arm-none-eabi/lib/thumb/v7e-m+fp/hard/libc_nano.a(libc_a-mlock.o)
                0x08006224                __malloc_lock
 .text.__malloc_unlock
                0x08006230        0xc /Users/mackbook/.platformio/packages/toolchain-gccarmnoneeabi/bin/../lib/gcc/arm-none-eabi/12.3.1/../../../../arm-none-eabi/lib/thumb/v7e-m+fp/hard/libc_nano.a(libc_a-mlock.o)
                0x08006230                __malloc_unlock
 .text.std      0x0800623c       0x6c /Users/mackbook/.platformio/packages/toolchain-gccarmnoneeabi/bin/../lib/gcc/arm-none-eabi/12.3.1/../../../../arm-none-eabi/lib/thumb/v7e-m+fp/hard/libc_nano.a(libc_a-findfp.o)
 .text.stdio_exit_handler
                0x080062a8       0x18 /Users/mackbook/.platformio/packages/toolchain-gccarmnoneeabi/bin/../lib/gcc/arm-none-eabi/12.3.1/../../../../arm-none-eabi/lib/thumb/v7e-m+fp/hard/libc_nano.a(libc_a-findfp.o)
 .text.cleanup_stdio
                0x080062c0       0x40 /Users/mackbook/.platformio/packages/toolchain-gccarmnoneeabi/bin/../lib/gcc/arm-none-eabi/12.3.1/../../../../arm-none-eabi/lib/thumb/v7e-m+fp/hard/libc_nano.a(libc_a-findfp.o)
 .text.global_stdio_init.part.0
                0x08006300       0x3c /Users/mackbook/.platformio/packages/toolchain-gccarmnoneeabi/bin/../lib/gcc/arm-none-eabi/12.3.1/../../../../arm-none-eabi/lib/thumb/v7e-m+fp/hard/libc_nano.a(libc_a-findfp.o)
 .text.__sfp_lock_acquire
                0x0800633c        0xc /Users/mackbook/.platformio/packages/toolchain-gccarmnoneeabi/bin/../lib/gcc/arm-none-eabi/12.3.1/../../../../arm-none-eabi/lib/thumb/v7e-m+fp/hard/libc_nano.a(libc_a-findfp.o)
                0x0800633c                __sfp_lock_acquire
 .text.__sfp_lock_release
                0x08006348        0xc /Users/mackbook/.platformio/packages/toolchain-gccarmnoneeabi/bin/../lib/gcc/arm-none-eabi/12.3.1/../../../../arm-none-eabi/lib/thumb/v7e-m+fp/hard/libc_nano.a(libc_a-findfp.o)
                0x08006348                __sfp_lock_release
 .text.__sinit  0x08006354       0x30 /Users/mackbook/.platformio/packages/toolchain-gccarmnoneeabi/bin/../lib/gcc/arm-none-eabi/12.3.1/../../../../arm-none-eabi/lib/thumb/v7e-m+fp/hard/libc_nano.a(libc_a-findfp.o)
                0x08006354                __sinit
 .text._realloc_r
                0x08006384       0x5c /Users/mackbook/.platformio/packages/toolchain-gccarmnoneeabi/bin/../lib/gcc/arm-none-eabi/12.3.1/../../../../arm-none-eabi/lib/thumb/v7e-m+fp/hard/libc_nano.a(libc_a-reallocr.o)
                0x08006384                _realloc_r
 .text.sulp     0x080063e0       0x3c /Users/mackbook/.platformio/packages/toolchain-gccarmnoneeabi/bin/../lib/gcc/arm-none-eabi/12.3.1/../../../../arm-none-eabi/lib/thumb/v7e-m+fp/hard/libc_nano.a(libc_a-strtod.o)
 *fill*         0x0800641c        0x4 
 .text._strtod_l
                0x08006420      0xc08 /Users/mackbook/.platformio/packages/toolchain-gccarmnoneeabi/bin/../lib/gcc/arm-none-eabi/12.3.1/../../../../arm-none-eabi/lib/thumb/v7e-m+fp/hard/libc_nano.a(libc_a-strtod.o)
                0x08006420                _strtod_l
 .text.strtod   0x08007028       0x18 /Users/mackbook/.platformio/packages/toolchain-gccarmnoneeabi/bin/../lib/gcc/arm-none-eabi/12.3.1/../../../../arm-none-eabi/lib/thumb/v7e-m+fp/hard/libc_nano.a(libc_a-strtod.o)
                0x08007028                strtod
 .text._fwalk_sglue
                0x08007040       0x3c /Users/mackbook/.platformio/packages/toolchain-gccarmnoneeabi/bin/../lib/gcc/arm-none-eabi/12.3.1/../../../../arm-none-eabi/lib/thumb/v7e-m+fp/hard/libc_nano.a(libc_a-fwalk.o)
                0x08007040                _fwalk_sglue
 .text.strncmp  0x0800707c       0x24 /Users/mackbook/.platformio/packages/toolchain-gccarmnoneeabi/bin/../lib/gcc/arm-none-eabi/12.3.1/../../../../arm-none-eabi/lib/thumb/v7e-m+fp/hard/libc_nano.a(libc_a-strncmp.o)
                0x0800707c                strncmp
 .text.memcmp   0x080070a0       0x20 /Users/mackbook/.platformio/packages/toolchain-gccarmnoneeabi/bin/../lib/gcc/arm-none-eabi/12.3.1/../../../../arm-none-eabi/lib/thumb/v7e-m+fp/hard/libc_nano.a(libc_a-memcmp.o)
                0x080070a0                memcmp
 .text.memmove  0x080070c0       0x34 /Users/mackbook/.platformio/packages/toolchain-gccarmnoneeabi/bin/../lib/gcc/arm-none-eabi/12.3.1/../../../../arm-none-eabi/lib/thumb/v7e-m+fp/hard/libc_nano.a(libc_a-memmove.o)
                0x080070c0                memmove
 .text.memset   0x080070f4       0x10 /Users/mackbook/.platformio/packages/toolchain-gccarmnoneeabi/bin/../lib/gcc/arm-none-eabi/12.3.1/../../../../arm-none-eabi/lib/thumb/v7e-m+fp/hard/libc_nano.a(libc_a-memset.o)
                0x080070f4                memset
 .text._raise_r
                0x08007104       0x50 /Users/mackbook/.platformio/packages/toolchain-gccarmnoneeabi/bin/../lib/gcc/arm-none-eabi/12.3.1/../../../../arm-none-eabi/lib/thumb/v7e-m+fp/hard/libc_nano.a(libc_a-signal.o)
                0x08007104                _raise_r
 .text.raise    0x08007154       0x10 /Users/mackbook/.platformio/packages/toolchain-gccarmnoneeabi/bin/../lib/gcc/arm-none-eabi/12.3.1/../../../../arm-none-eabi/lib/thumb/v7e-m+fp/hard/libc_nano.a(libc_a-signal.o)
                0x08007154                raise
 .text._kill_r  0x08007164       0x24 /Users/mackbook/.platformio/packages/toolchain-gccarmnoneeabi/bin/../lib/gcc/arm-none-eabi/12.3.1/../../../../arm-none-eabi/lib/thumb/v7e-m+fp/hard/libc_nano.a(libc_a-signalr.o)
                0x08007164                _kill_r
 .text._getpid_r
                0x08007188        0x4 /Users/mackbook/.platformio/packages/toolchain-gccarmnoneeabi/bin/../lib/gcc/arm-none-eabi/12.3.1/../../../../arm-none-eabi/lib/thumb/v7e-m+fp/hard/libc_nano.a(libc_a-signalr.o)
                0x08007188                _getpid_r
 .text._sbrk_r  0x0800718c       0x20 /Users/mackbook/.platformio/packages/toolchain-gccarmnoneeabi/bin/../lib/gcc/arm-none-eabi/12.3.1/../../../../arm-none-eabi/lib/thumb/v7e-m+fp/hard/libc_nano.a(libc_a-sbrkr.o)
                0x0800718c                _sbrk_r
 .text.__errno  0x080071ac        0xc /Users/mackbook/.platformio/packages/toolchain-gccarmnoneeabi/bin/../lib/gcc/arm-none-eabi/12.3.1/../../../../arm-none-eabi/lib/thumb/v7e-m+fp/hard/libc_nano.a(libc_a-errno.o)
                0x080071ac                __errno
 .text.__libc_init_array
                0x080071b8       0x48 /Users/mackbook/.platformio/packages/toolchain-gccarmnoneeabi/bin/../lib/gcc/arm-none-eabi/12.3.1/../../../../arm-none-eabi/lib/thumb/v7e-m+fp/hard/libc_nano.a(libc_a-init.o)
                0x080071b8                __libc_init_array
 .text.__retarget_lock_init_recursive
                0x08007200        0x2 /Users/mackbook/.platformio/packages/toolchain-gccarmnoneeabi/bin/../lib/gcc/arm-none-eabi/12.3.1/../../../../arm-none-eabi/lib/thumb/v7e-m+fp/hard/libc_nano.a(libc_a-lock.o)
                0x08007200                __retarget_lock_init_recursive
 .text.__retarget_lock_acquire_recursive
                0x08007202        0x2 /Users/mackbook/.platformio/packages/toolchain-gccarmnoneeabi/bin/../lib/gcc/arm-none-eabi/12.3.1/../../../../arm-none-eabi/lib/thumb/v7e-m+fp/hard/libc_nano.a(libc_a-lock.o)
                0x08007202                __retarget_lock_acquire_recursive
 .text.__retarget_lock_release_recursive
                0x08007204        0x2 /Users/mackbook/.platformio/packages/toolchain-gccarmnoneeabi/bin/../lib/gcc/arm-none-eabi/12.3.1/../../../../arm-none-eabi/lib/thumb/v7e-m+fp/hard/libc_nano.a(libc_a-lock.o)
                0x08007204                __retarget_lock_release_recursive
 .text.memcpy   0x08007206       0x1c /Users/mackbook/.platformio/packages/toolchain-gccarmnoneeabi/bin/../lib/gcc/arm-none-eabi/12.3.1/../../../../arm-none-eabi/lib/thumb/v7e-m+fp/hard/libc_nano.a(libc_a-memcpy-stub.o)
                0x08007206                memcpy
 *fill*         0x08007222        0x6 
 .text.nan      0x08007228       0x10 /Users/mackbook/.platformio/packages/toolchain-gccarmnoneeabi/bin/../lib/gcc/arm-none-eabi/12.3.1/../../../../arm-none-eabi/lib/thumb/v7e-m+fp/hard/libc_nano.a(libm_a-s_nan.o)
                0x08007228                nan
 .text._free_r  0x08007238       0x94 /Users/mackbook/.platformio/packages/toolchain-gccarmnoneeabi/bin/../lib/gcc/arm-none-eabi/12.3.1/../../../../arm-none-eabi/lib/thumb/v7e-m+fp/hard/libc_nano.a(libc_a-freer.o)
                0x08007238                _free_r
 .text.rshift   0x080072cc       0xa2 /Users/mackbook/.platformio/packages/toolchain-gccarmnoneeabi/bin/../lib/gcc/arm-none-eabi/12.3.1/../../../../arm-none-eabi/lib/thumb/v7e-m+fp/hard/libc_nano.a(libc_a-gdtoa-gethex.o)
 .text.__hexdig_fun
                0x0800736e       0x2a /Users/mackbook/.platformio/packages/toolchain-gccarmnoneeabi/bin/../lib/gcc/arm-none-eabi/12.3.1/../../../../arm-none-eabi/lib/thumb/v7e-m+fp/hard/libc_nano.a(libc_a-gdtoa-gethex.o)
                0x0800736e                __hexdig_fun
 .text.__gethex
                0x08007398      0x420 /Users/mackbook/.platformio/packages/toolchain-gccarmnoneeabi/bin/../lib/gcc/arm-none-eabi/12.3.1/../../../../arm-none-eabi/lib/thumb/v7e-m+fp/hard/libc_nano.a(libc_a-gdtoa-gethex.o)
                0x08007398                __gethex
 .text.L_shift  0x080077b8       0x24 /Users/mackbook/.platformio/packages/toolchain-gccarmnoneeabi/bin/../lib/gcc/arm-none-eabi/12.3.1/../../../../arm-none-eabi/lib/thumb/v7e-m+fp/hard/libc_nano.a(libc_a-gdtoa-hexnan.o)
 .text.__match  0x080077dc       0x28 /Users/mackbook/.platformio/packages/toolchain-gccarmnoneeabi/bin/../lib/gcc/arm-none-eabi/12.3.1/../../../../arm-none-eabi/lib/thumb/v7e-m+fp/hard/libc_nano.a(libc_a-gdtoa-hexnan.o)
                0x080077dc                __match
 .text.__hexnan
                0x08007804      0x136 /Users/mackbook/.platformio/packages/toolchain-gccarmnoneeabi/bin/../lib/gcc/arm-none-eabi/12.3.1/../../../../arm-none-eabi/lib/thumb/v7e-m+fp/hard/libc_nano.a(libc_a-gdtoa-hexnan.o)
                0x08007804                __hexnan
 .text.__ssputs_r
                0x0800793a       0xb6 /Users/mackbook/.platformio/packages/toolchain-gccarmnoneeabi/bin/../lib/gcc/arm-none-eabi/12.3.1/../../../../arm-none-eabi/lib/thumb/v7e-m+fp/hard/libc_nano.a(libc_a-nano-svfprintf.o)
                0x0800793a                __ssputs_r
 .text._svfprintf_r
                0x080079f0      0x1f8 /Users/mackbook/.platformio/packages/toolchain-gccarmnoneeabi/bin/../lib/gcc/arm-none-eabi/12.3.1/../../../../arm-none-eabi/lib/thumb/v7e-m+fp/hard/libc_nano.a(libc_a-nano-svfprintf.o)
                0x080079f0                _svfprintf_r
                0x080079f0                _svfiprintf_r
 .text.__ascii_mbtowc
                0x08007be8       0x24 /Users/mackbook/.platformio/packages/toolchain-gccarmnoneeabi/bin/../lib/gcc/arm-none-eabi/12.3.1/../../../../arm-none-eabi/lib/thumb/v7e-m+fp/hard/libc_nano.a(libc_a-mbtowc_r.o)
                0x08007be8                __ascii_mbtowc
 .text._printf_common
                0x08007c0c       0xda /Users/mackbook/.platformio/packages/toolchain-gccarmnoneeabi/bin/../lib/gcc/arm-none-eabi/12.3.1/../../../../arm-none-eabi/lib/thumb/v7e-m+fp/hard/libc_nano.a(libc_a-nano-vfprintf_i.o)
                0x08007c0c                _printf_common
 *fill*         0x08007ce6        0x2 
 .text._printf_i
                0x08007ce8      0x258 /Users/mackbook/.platformio/packages/toolchain-gccarmnoneeabi/bin/../lib/gcc/arm-none-eabi/12.3.1/../../../../arm-none-eabi/lib/thumb/v7e-m+fp/hard/libc_nano.a(libc_a-nano-vfprintf_i.o)
                0x08007ce8                _printf_i
 .text.__sflush_r
                0x08007f40      0x108 /Users/mackbook/.platformio/packages/toolchain-gccarmnoneeabi/bin/../lib/gcc/arm-none-eabi/12.3.1/../../../../arm-none-eabi/lib/thumb/v7e-m+fp/hard/libc_nano.a(libc_a-fflush.o)
                0x08007f40                __sflush_r
 .text._fflush_r
                0x08008048       0x50 /Users/mackbook/.platformio/packages/toolchain-gccarmnoneeabi/bin/../lib/gcc/arm-none-eabi/12.3.1/../../../../arm-none-eabi/lib/thumb/v7e-m+fp/hard/libc_nano.a(libc_a-fflush.o)
                0x08008048                _fflush_r
 .text._Balloc  0x08008098       0x80 /Users/mackbook/.platformio/packages/toolchain-gccarmnoneeabi/bin/../lib/gcc/arm-none-eabi/12.3.1/../../../../arm-none-eabi/lib/thumb/v7e-m+fp/hard/libc_nano.a(libc_a-mprec.o)
                0x08008098                _Balloc
 .text._Bfree   0x08008118       0x44 /Users/mackbook/.platformio/packages/toolchain-gccarmnoneeabi/bin/../lib/gcc/arm-none-eabi/12.3.1/../../../../arm-none-eabi/lib/thumb/v7e-m+fp/hard/libc_nano.a(libc_a-mprec.o)
                0x08008118                _Bfree
 .text.__multadd
                0x0800815c       0x8c /Users/mackbook/.platformio/packages/toolchain-gccarmnoneeabi/bin/../lib/gcc/arm-none-eabi/12.3.1/../../../../arm-none-eabi/lib/thumb/v7e-m+fp/hard/libc_nano.a(libc_a-mprec.o)
                0x0800815c                __multadd
 .text.__s2b    0x080081e8       0x94 /Users/mackbook/.platformio/packages/toolchain-gccarmnoneeabi/bin/../lib/gcc/arm-none-eabi/12.3.1/../../../../arm-none-eabi/lib/thumb/v7e-m+fp/hard/libc_nano.a(libc_a-mprec.o)
                0x080081e8                __s2b
 .text.__hi0bits
                0x0800827c       0x44 /Users/mackbook/.platformio/packages/toolchain-gccarmnoneeabi/bin/../lib/gcc/arm-none-eabi/12.3.1/../../../../arm-none-eabi/lib/thumb/v7e-m+fp/hard/libc_nano.a(libc_a-mprec.o)
                0x0800827c                __hi0bits
 .text.__lo0bits
                0x080082c0       0x5a /Users/mackbook/.platformio/packages/toolchain-gccarmnoneeabi/bin/../lib/gcc/arm-none-eabi/12.3.1/../../../../arm-none-eabi/lib/thumb/v7e-m+fp/hard/libc_nano.a(libc_a-mprec.o)
                0x080082c0                __lo0bits
 *fill*         0x0800831a        0x2 
 .text.__i2b    0x0800831c       0x2c /Users/mackbook/.platformio/packages/toolchain-gccarmnoneeabi/bin/../lib/gcc/arm-none-eabi/12.3.1/../../../../arm-none-eabi/lib/thumb/v7e-m+fp/hard/libc_nano.a(libc_a-mprec.o)
                0x0800831c                __i2b
 .text.__multiply
                0x08008348      0x154 /Users/mackbook/.platformio/packages/toolchain-gccarmnoneeabi/bin/../lib/gcc/arm-none-eabi/12.3.1/../../../../arm-none-eabi/lib/thumb/v7e-m+fp/hard/libc_nano.a(libc_a-mprec.o)
                0x08008348                __multiply
 .text.__pow5mult
                0x0800849c       0xb4 /Users/mackbook/.platformio/packages/toolchain-gccarmnoneeabi/bin/../lib/gcc/arm-none-eabi/12.3.1/../../../../arm-none-eabi/lib/thumb/v7e-m+fp/hard/libc_nano.a(libc_a-mprec.o)
                0x0800849c                __pow5mult
 .text.__lshift
                0x08008550       0xd8 /Users/mackbook/.platformio/packages/toolchain-gccarmnoneeabi/bin/../lib/gcc/arm-none-eabi/12.3.1/../../../../arm-none-eabi/lib/thumb/v7e-m+fp/hard/libc_nano.a(libc_a-mprec.o)
                0x08008550                __lshift
 .text.__mcmp   0x08008628       0x36 /Users/mackbook/.platformio/packages/toolchain-gccarmnoneeabi/bin/../lib/gcc/arm-none-eabi/12.3.1/../../../../arm-none-eabi/lib/thumb/v7e-m+fp/hard/libc_nano.a(libc_a-mprec.o)
                0x08008628                __mcmp
 *fill*         0x0800865e        0x2 
 .text.__mdiff  0x08008660      0x128 /Users/mackbook/.platformio/packages/toolchain-gccarmnoneeabi/bin/../lib/gcc/arm-none-eabi/12.3.1/../../../../arm-none-eabi/lib/thumb/v7e-m+fp/hard/libc_nano.a(libc_a-mprec.o)
                0x08008660                __mdiff
 .text.__ulp    0x08008788       0x4c /Users/mackbook/.platformio/packages/toolchain-gccarmnoneeabi/bin/../lib/gcc/arm-none-eabi/12.3.1/../../../../arm-none-eabi/lib/thumb/v7e-m+fp/hard/libc_nano.a(libc_a-mprec.o)
                0x08008788                __ulp
 .text.__b2d    0x080087d4       0x94 /Users/mackbook/.platformio/packages/toolchain-gccarmnoneeabi/bin/../lib/gcc/arm-none-eabi/12.3.1/../../../../arm-none-eabi/lib/thumb/v7e-m+fp/hard/libc_nano.a(libc_a-mprec.o)
                0x080087d4                __b2d
 .text.__d2b    0x08008868       0xb0 /Users/mackbook/.platformio/packages/toolchain-gccarmnoneeabi/bin/../lib/gcc/arm-none-eabi/12.3.1/../../../../arm-none-eabi/lib/thumb/v7e-m+fp/hard/libc_nano.a(libc_a-mprec.o)
                0x08008868                __d2b
 .text.__ratio  0x08008918       0x64 /Users/mackbook/.platformio/packages/toolchain-gccarmnoneeabi/bin/../lib/gcc/arm-none-eabi/12.3.1/../../../../arm-none-eabi/lib/thumb/v7e-m+fp/hard/libc_nano.a(libc_a-mprec.o)
                0x08008918                __ratio
 .text.__copybits
                0x0800897c       0x46 /Users/mackbook/.platformio/packages/toolchain-gccarmnoneeabi/bin/../lib/gcc/arm-none-eabi/12.3.1/../../../../arm-none-eabi/lib/thumb/v7e-m+fp/hard/libc_nano.a(libc_a-mprec.o)
                0x0800897c                __copybits
 .text.__any_on
                0x080089c2       0x42 /Users/mackbook/.platformio/packages/toolchain-gccarmnoneeabi/bin/../lib/gcc/arm-none-eabi/12.3.1/../../../../arm-none-eabi/lib/thumb/v7e-m+fp/hard/libc_nano.a(libc_a-mprec.o)
                0x080089c2                __any_on
 .text._malloc_usable_size_r
                0x08008a04       0x10 /Users/mackbook/.platformio/packages/toolchain-gccarmnoneeabi/bin/../lib/gcc/arm-none-eabi/12.3.1/../../../../arm-none-eabi/lib/thumb/v7e-m+fp/hard/libc_nano.a(libc_a-msizer.o)
                0x08008a04                _malloc_usable_size_r
 .text.__sread  0x08008a14       0x22 /Users/mackbook/.platformio/packages/toolchain-gccarmnoneeabi/bin/../lib/gcc/arm-none-eabi/12.3.1/../../../../arm-none-eabi/lib/thumb/v7e-m+fp/hard/libc_nano.a(libc_a-stdio.o)
                0x08008a14                __sread
 .text.__swrite
                0x08008a36       0x38 /Users/mackbook/.platformio/packages/toolchain-gccarmnoneeabi/bin/../lib/gcc/arm-none-eabi/12.3.1/../../../../arm-none-eabi/lib/thumb/v7e-m+fp/hard/libc_nano.a(libc_a-stdio.o)
                0x08008a36                __swrite
 .text.__sseek  0x08008a6e       0x24 /Users/mackbook/.platformio/packages/toolchain-gccarmnoneeabi/bin/../lib/gcc/arm-none-eabi/12.3.1/../../../../arm-none-eabi/lib/thumb/v7e-m+fp/hard/libc_nano.a(libc_a-stdio.o)
                0x08008a6e                __sseek
 .text.__sclose
                0x08008a92        0x8 /Users/mackbook/.platformio/packages/toolchain-gccarmnoneeabi/bin/../lib/gcc/arm-none-eabi/12.3.1/../../../../arm-none-eabi/lib/thumb/v7e-m+fp/hard/libc_nano.a(libc_a-stdio.o)
                0x08008a92                __sclose
 .text.__ascii_wctomb
                0x08008a9a       0x1a /Users/mackbook/.platformio/packages/toolchain-gccarmnoneeabi/bin/../lib/gcc/arm-none-eabi/12.3.1/../../../../arm-none-eabi/lib/thumb/v7e-m+fp/hard/libc_nano.a(libc_a-wctomb_r.o)
                0x08008a9a                __ascii_wctomb
 .text._close_r
                0x08008ab4       0x20 /Users/mackbook/.platformio/packages/toolchain-gccarmnoneeabi/bin/../lib/gcc/arm-none-eabi/12.3.1/../../../../arm-none-eabi/lib/thumb/v7e-m+fp/hard/libc_nano.a(libc_a-closer.o)
                0x08008ab4                _close_r
 .text._lseek_r
                0x08008ad4       0x24 /Users/mackbook/.platformio/packages/toolchain-gccarmnoneeabi/bin/../lib/gcc/arm-none-eabi/12.3.1/../../../../arm-none-eabi/lib/thumb/v7e-m+fp/hard/libc_nano.a(libc_a-lseekr.o)
                0x08008ad4                _lseek_r
 .text._read_r  0x08008af8       0x24 /Users/mackbook/.platformio/packages/toolchain-gccarmnoneeabi/bin/../lib/gcc/arm-none-eabi/12.3.1/../../../../arm-none-eabi/lib/thumb/v7e-m+fp/hard/libc_nano.a(libc_a-readr.o)
                0x08008af8                _read_r
 .text.__assert_func
                0x08008b1c       0x3c /Users/mackbook/.platformio/packages/toolchain-gccarmnoneeabi/bin/../lib/gcc/arm-none-eabi/12.3.1/../../../../arm-none-eabi/lib/thumb/v7e-m+fp/hard/libc_nano.a(libc_a-assert.o)
                0x08008b1c                __assert_func
 .text._calloc_r
                0x08008b58       0x28 /Users/mackbook/.platformio/packages/toolchain-gccarmnoneeabi/bin/../lib/gcc/arm-none-eabi/12.3.1/../../../../arm-none-eabi/lib/thumb/v7e-m+fp/hard/libc_nano.a(libc_a-callocr.o)
                0x08008b58                _calloc_r
 .text.fprintf  0x08008b80       0x24 /Users/mackbook/.platformio/packages/toolchain-gccarmnoneeabi/bin/../lib/gcc/arm-none-eabi/12.3.1/../../../../arm-none-eabi/lib/thumb/v7e-m+fp/hard/libc_nano.a(libc_a-fprintf.o)
                0x08008b80                fprintf
                0x08008b80                fiprintf
 .text.__sfputc_r
                0x08008ba4       0x2e /Users/mackbook/.platformio/packages/toolchain-gccarmnoneeabi/bin/../lib/gcc/arm-none-eabi/12.3.1/../../../../arm-none-eabi/lib/thumb/v7e-m+fp/hard/libc_nano.a(libc_a-nano-vfprintf.o)
 .text.__sfputs_r
                0x08008bd2       0x24 /Users/mackbook/.platformio/packages/toolchain-gccarmnoneeabi/bin/../lib/gcc/arm-none-eabi/12.3.1/../../../../arm-none-eabi/lib/thumb/v7e-m+fp/hard/libc_nano.a(libc_a-nano-vfprintf.o)
                0x08008bd2                __sfputs_r
 *fill*         0x08008bf6        0x2 
 .text._vfprintf_r
                0x08008bf8      0x230 /Users/mackbook/.platformio/packages/toolchain-gccarmnoneeabi/bin/../lib/gcc/arm-none-eabi/12.3.1/../../../../arm-none-eabi/lib/thumb/v7e-m+fp/hard/libc_nano.a(libc_a-nano-vfprintf.o)
                0x08008bf8                _vfiprintf_r
                0x08008bf8                _vfprintf_r
 .text.__swbuf_r
                0x08008e28       0x7c /Users/mackbook/.platformio/packages/toolchain-gccarmnoneeabi/bin/../lib/gcc/arm-none-eabi/12.3.1/../../../../arm-none-eabi/lib/thumb/v7e-m+fp/hard/libc_nano.a(libc_a-wbuf.o)
                0x08008e28                __swbuf_r
 .text.__swsetup_r
                0x08008ea4       0xac /Users/mackbook/.platformio/packages/toolchain-gccarmnoneeabi/bin/../lib/gcc/arm-none-eabi/12.3.1/../../../../arm-none-eabi/lib/thumb/v7e-m+fp/hard/libc_nano.a(libc_a-wsetup.o)
                0x08008ea4                __swsetup_r
 .text.__swhatbuf_r
                0x08008f50       0x4c /Users/mackbook/.platformio/packages/toolchain-gccarmnoneeabi/bin/../lib/gcc/arm-none-eabi/12.3.1/../../../../arm-none-eabi/lib/thumb/v7e-m+fp/hard/libc_nano.a(libc_a-makebuf.o)
                0x08008f50                __swhatbuf_r
 .text.__smakebuf_r
                0x08008f9c       0x78 /Users/mackbook/.platformio/packages/toolchain-gccarmnoneeabi/bin/../lib/gcc/arm-none-eabi/12.3.1/../../../../arm-none-eabi/lib/thumb/v7e-m+fp/hard/libc_nano.a(libc_a-makebuf.o)
                0x08008f9c                __smakebuf_r
 .text._fstat_r
                0x08009014       0x24 /Users/mackbook/.platformio/packages/toolchain-gccarmnoneeabi/bin/../lib/gcc/arm-none-eabi/12.3.1/../../../../arm-none-eabi/lib/thumb/v7e-m+fp/hard/libc_nano.a(libc_a-fstatr.o)
                0x08009014                _fstat_r
 .text._isatty_r
                0x08009038       0x20 /Users/mackbook/.platformio/packages/toolchain-gccarmnoneeabi/bin/../lib/gcc/arm-none-eabi/12.3.1/../../../../arm-none-eabi/lib/thumb/v7e-m+fp/hard/libc_nano.a(libc_a-isattyr.o)
                0x08009038                _isatty_r
 .text.__fixdfdi
                0x08009058       0x30 /Users/mackbook/.platformio/packages/toolchain-gccarmnoneeabi/bin/../lib/gcc/arm-none-eabi/12.3.1/thumb/v7e-m+fp/hard/libgcc.a(_fixdfdi.o)
                0x08009058                __aeabi_d2lz
                0x08009058                __fixdfdi
 .text.__fixunsdfdi
                0x08009088       0x3c /Users/mackbook/.platformio/packages/toolchain-gccarmnoneeabi/bin/../lib/gcc/arm-none-eabi/12.3.1/thumb/v7e-m+fp/hard/libgcc.a(_fixunsdfdi.o)
                0x08009088                __aeabi_d2ulz
                0x08009088                __fixunsdfdi
 *(.glue_7)
 .glue_7        0x080090c4        0x0 linker stubs
 *(.glue_7t)
 .glue_7t       0x080090c4        0x0 linker stubs
 *(.eh_frame)
 .eh_frame      0x080090c4        0x0 /Users/mackbook/.platformio/packages/toolchain-gccarmnoneeabi/bin/../lib/gcc/arm-none-eabi/12.3.1/thumb/v7e-m+fp/hard/crtbegin.o
 *(.init)
 .init          0x080090c4        0x4 /Users/mackbook/.platformio/packages/toolchain-gccarmnoneeabi/bin/../lib/gcc/arm-none-eabi/12.3.1/thumb/v7e-m+fp/hard/crti.o
                0x080090c4                _init
 .init          0x080090c8        0x8 /Users/mackbook/.platformio/packages/toolchain-gccarmnoneeabi/bin/../lib/gcc/arm-none-eabi/12.3.1/thumb/v7e-m+fp/hard/crtn.o
 *(.fini)
 .fini          0x080090d0        0x4 /Users/mackbook/.platformio/packages/toolchain-gccarmnoneeabi/bin/../lib/gcc/arm-none-eabi/12.3.1/thumb/v7e-m+fp/hard/crti.o
                0x080090d0                _fini
 .fini          0x080090d4        0x8 /Users/mackbook/.platformio/packages/toolchain-gccarmnoneeabi/bin/../lib/gcc/arm-none-eabi/12.3.1/thumb/v7e-m+fp/hard/crtn.o
                0x080090dc                        . = ALIGN (0x4)
                0x080090dc                        _etext = .

.vfp11_veneer   0x080090dc        0x0
 .vfp11_veneer  0x080090dc        0x0 linker stubs

.v4_bx          0x080090dc        0x0
 .v4_bx         0x080090dc        0x0 linker stubs

.iplt           0x080090dc        0x0
 .iplt          0x080090dc        0x0 /Users/mackbook/.platformio/packages/toolchain-gccarmnoneeabi/bin/../lib/gcc/arm-none-eabi/12.3.1/thumb/v7e-m+fp/hard/crtbegin.o

.rodata         0x080090e0     0x1224
                0x080090e0                        . = ALIGN (0x4)
 *(.rodata)
 *(.rodata*)
 .rodata.PinMap_UART_CTS
                0x080090e0       0x48 .pio/build/stm32f407/FrameworkArduinoVariant/PeripheralPins.c.o
                0x080090e0                PinMap_UART_CTS
 .rodata.PinMap_UART_RTS
                0x08009128       0x48 .pio/build/stm32f407/FrameworkArduinoVariant/PeripheralPins.c.o
                0x08009128                PinMap_UART_RTS
 .rodata.PinMap_UART_RX
                0x08009170       0x90 .pio/build/stm32f407/FrameworkArduinoVariant/PeripheralPins.c.o
                0x08009170                PinMap_UART_RX
 .rodata.PinMap_UART_TX
                0x08009200       0x90 .pio/build/stm32f407/FrameworkArduinoVariant/PeripheralPins.c.o
                0x08009200                PinMap_UART_TX
 .rodata.PinMap_TIM
                0x08009290      0x33c .pio/build/stm32f407/FrameworkArduinoVariant/PeripheralPins.c.o
                0x08009290                PinMap_TIM
 .rodata.PinMap_DAC
                0x080095cc       0x24 .pio/build/stm32f407/FrameworkArduinoVariant/PeripheralPins.c.o
                0x080095cc                PinMap_DAC
 .rodata.analogInputPin
                0x080095f0       0x40 .pio/build/stm32f407/FrameworkArduinoVariant/variant_generic.cpp.o
                0x080095f0                analogInputPin
 .rodata.digitalPin
                0x08009630      0x148 .pio/build/stm32f407/FrameworkArduinoVariant/variant_generic.cpp.o
                0x08009630                digitalPin
 .rodata.pin_map_ll
                0x08009778       0x40 .pio/build/stm32f407/SrcWrapper/src/stm32/pinmap.c.o
                0x08009778                pin_map_ll
 .rodata.APBPrescTable
                0x080097b8        0x8 .pio/build/stm32f407/SrcWrapper/src/stm32/system_stm32yyxx.c.o
                0x080097b8                APBPrescTable
 .rodata.AHBPrescTable
                0x080097c0       0x10 .pio/build/stm32f407/SrcWrapper/src/stm32/system_stm32yyxx.c.o
                0x080097c0                AHBPrescTable
 .rodata._ZN10jsonparser23parse_json_to_appconfigERKSt6vectorIhSaIhEER9AppConfig.str1.1
                0x080097d0      0x105 .pio/build/stm32f407/src/board_a/json_parser.cpp.o
 .rodata._ZL23debug_print_config_uartv.str1.1
                0x080098d5      0x17f .pio/build/stm32f407/src/board_a/main.cpp.o
 .rodata._ZL14print_hex_uartPKhj.str1.1
                0x08009a54        0x5 .pio/build/stm32f407/src/board_a/main.cpp.o
                                  0xa (size before relaxing)
 .rodata._ZL18debug_print_configv.str1.1
                0x08009a59      0x136 .pio/build/stm32f407/src/board_a/main.cpp.o
                                0x138 (size before relaxing)
 .rodata._ZL9print_hexPKhj.str1.1
                0x08009b8f       0x11 .pio/build/stm32f407/src/board_a/main.cpp.o
 .rodata._ZNSt6vectorIhSaIhEE7reserveEj.str1.1